Archive member included to satisfy reference by file (symbol)

d:/programas/mcuxpressoide_10.2.0_759/ide/tools/bin/../lib/gcc/arm-none-eabi/7.2.1/thumb/v7e-m/fpv4-sp/hard\libcr_eabihelpers.a(division_64.o)
                              ./source/rtos/uCOSIII/BSP/cpu_bsp.o (__aeabi_uldivmod)
d:/programas/mcuxpressoide_10.2.0_759/ide/tools/bin/../lib/gcc/arm-none-eabi/7.2.1/thumb/v7e-m/fpv4-sp/hard\libcr_eabihelpers.a(division_idiv0.o)
                              d:/programas/mcuxpressoide_10.2.0_759/ide/tools/bin/../lib/gcc/arm-none-eabi/7.2.1/thumb/v7e-m/fpv4-sp/hard\libcr_eabihelpers.a(division_64.o) (__aeabi_idiv0)

Discarded input sections

 .group         0x00000000        0xc ./source/rtos/uCOSIII/src/uCOS-III/Source/os_cfg_app.o
 .group         0x00000000        0xc ./source/rtos/uCOSIII/src/uCOS-III/Source/os_cfg_app.o
 .group         0x00000000        0xc ./source/rtos/uCOSIII/src/uCOS-III/Source/os_cfg_app.o
 .group         0x00000000        0xc ./source/rtos/uCOSIII/src/uCOS-III/Source/os_cfg_app.o
 .group         0x00000000        0xc ./source/rtos/uCOSIII/src/uCOS-III/Source/os_cfg_app.o
 .group         0x00000000        0xc ./source/rtos/uCOSIII/src/uCOS-III/Source/os_cfg_app.o
 .group         0x00000000        0xc ./source/rtos/uCOSIII/src/uCOS-III/Source/os_cfg_app.o
 .group         0x00000000        0xc ./source/rtos/uCOSIII/src/uCOS-III/Source/os_cfg_app.o
 .group         0x00000000        0xc ./source/rtos/uCOSIII/src/uCOS-III/Source/os_cfg_app.o
 .group         0x00000000        0xc ./source/rtos/uCOSIII/src/uCOS-III/Source/os_cfg_app.o
 .group         0x00000000        0xc ./source/rtos/uCOSIII/src/uCOS-III/Source/os_cfg_app.o
 .group         0x00000000        0xc ./source/rtos/uCOSIII/src/uCOS-III/Source/os_cfg_app.o
 .text          0x00000000        0x0 ./source/rtos/uCOSIII/src/uCOS-III/Source/os_cfg_app.o
 .data          0x00000000        0x0 ./source/rtos/uCOSIII/src/uCOS-III/Source/os_cfg_app.o
 .bss           0x00000000        0x0 ./source/rtos/uCOSIII/src/uCOS-III/Source/os_cfg_app.o
 .rodata.OSCfg_IdleTaskStkSizeRAM
                0x00000000        0x4 ./source/rtos/uCOSIII/src/uCOS-III/Source/os_cfg_app.o
 .rodata.OSCfg_IntQBasePtr
                0x00000000        0x4 ./source/rtos/uCOSIII/src/uCOS-III/Source/os_cfg_app.o
 .rodata.OSCfg_IntQSize
                0x00000000        0x2 ./source/rtos/uCOSIII/src/uCOS-III/Source/os_cfg_app.o
 .rodata.OSCfg_IntQSizeRAM
                0x00000000        0x4 ./source/rtos/uCOSIII/src/uCOS-III/Source/os_cfg_app.o
 .rodata.OSCfg_IntQTaskStkBasePtr
                0x00000000        0x4 ./source/rtos/uCOSIII/src/uCOS-III/Source/os_cfg_app.o
 .rodata.OSCfg_IntQTaskStkLimit
                0x00000000        0x4 ./source/rtos/uCOSIII/src/uCOS-III/Source/os_cfg_app.o
 .rodata.OSCfg_IntQTaskStkSize
                0x00000000        0x4 ./source/rtos/uCOSIII/src/uCOS-III/Source/os_cfg_app.o
 .rodata.OSCfg_IntQTaskStkSizeRAM
                0x00000000        0x4 ./source/rtos/uCOSIII/src/uCOS-III/Source/os_cfg_app.o
 .rodata.OSCfg_ISRStkSizeRAM
                0x00000000        0x4 ./source/rtos/uCOSIII/src/uCOS-III/Source/os_cfg_app.o
 .rodata.OSCfg_MsgPoolSizeRAM
                0x00000000        0x4 ./source/rtos/uCOSIII/src/uCOS-III/Source/os_cfg_app.o
 .rodata.OSCfg_StatTaskPrio
                0x00000000        0x1 ./source/rtos/uCOSIII/src/uCOS-III/Source/os_cfg_app.o
 .rodata.OSCfg_StatTaskRate_Hz
                0x00000000        0x4 ./source/rtos/uCOSIII/src/uCOS-III/Source/os_cfg_app.o
 .rodata.OSCfg_StatTaskStkBasePtr
                0x00000000        0x4 ./source/rtos/uCOSIII/src/uCOS-III/Source/os_cfg_app.o
 .rodata.OSCfg_StatTaskStkLimit
                0x00000000        0x4 ./source/rtos/uCOSIII/src/uCOS-III/Source/os_cfg_app.o
 .rodata.OSCfg_StatTaskStkSize
                0x00000000        0x4 ./source/rtos/uCOSIII/src/uCOS-III/Source/os_cfg_app.o
 .rodata.OSCfg_StatTaskStkSizeRAM
                0x00000000        0x4 ./source/rtos/uCOSIII/src/uCOS-III/Source/os_cfg_app.o
 .rodata.OSCfg_TickTaskStkSizeRAM
                0x00000000        0x4 ./source/rtos/uCOSIII/src/uCOS-III/Source/os_cfg_app.o
 .rodata.OSCfg_TmrTaskStkSizeRAM
                0x00000000        0x4 ./source/rtos/uCOSIII/src/uCOS-III/Source/os_cfg_app.o
 .rodata.OSCfg_DataSizeRAM
                0x00000000        0x4 ./source/rtos/uCOSIII/src/uCOS-III/Source/os_cfg_app.o
 .group         0x00000000        0xc ./source/rtos/uCOSIII/src/uCOS-III/Source/os_core.o
 .group         0x00000000        0xc ./source/rtos/uCOSIII/src/uCOS-III/Source/os_core.o
 .group         0x00000000        0xc ./source/rtos/uCOSIII/src/uCOS-III/Source/os_core.o
 .group         0x00000000        0xc ./source/rtos/uCOSIII/src/uCOS-III/Source/os_core.o
 .group         0x00000000        0xc ./source/rtos/uCOSIII/src/uCOS-III/Source/os_core.o
 .group         0x00000000        0xc ./source/rtos/uCOSIII/src/uCOS-III/Source/os_core.o
[...]
Memory Configuration

Name             Origin             Length             Attributes
PROGRAM_FLASH    0x00000000         0x00100000         xr
SRAM_UPPER       0x20000000         0x00030000         xrw
SRAM_LOWER       0x1fff0000         0x00010000         xrw
FLEX_RAM         0x14000000         0x00001000         xrw
*default*        0x00000000         0xffffffff

Linker script and memory map

LOAD ./source/rtos/uCOSIII/src/uCOS-III/Source/os_cfg_app.o
LOAD ./source/rtos/uCOSIII/src/uCOS-III/Source/os_core.o
LOAD ./source/rtos/uCOSIII/src/uCOS-III/Source/os_dbg.o
LOAD ./source/rtos/uCOSIII/src/uCOS-III/Source/os_flag.o
LOAD ./source/rtos/uCOSIII/src/uCOS-III/Source/os_int.o
LOAD ./source/rtos/uCOSIII/src/uCOS-III/Source/os_mem.o
LOAD ./source/rtos/uCOSIII/src/uCOS-III/Source/os_msg.o
LOAD ./source/rtos/uCOSIII/src/uCOS-III/Source/os_mutex.o
LOAD ./source/rtos/uCOSIII/src/uCOS-III/Source/os_pend_multi.o
LOAD ./source/rtos/uCOSIII/src/uCOS-III/Source/os_prio.o
LOAD ./source/rtos/uCOSIII/src/uCOS-III/Source/os_q.o
LOAD ./source/rtos/uCOSIII/src/uCOS-III/Source/os_sem.o
LOAD ./source/rtos/uCOSIII/src/uCOS-III/Source/os_stat.o
LOAD ./source/rtos/uCOSIII/src/uCOS-III/Source/os_task.o
LOAD ./source/rtos/uCOSIII/src/uCOS-III/Source/os_tick.o
LOAD ./source/rtos/uCOSIII/src/uCOS-III/Source/os_time.o
LOAD ./source/rtos/uCOSIII/src/uCOS-III/Source/os_tmr.o
LOAD ./source/rtos/uCOSIII/src/uCOS-III/Source/os_var.o
LOAD ./source/rtos/uCOSIII/src/uCOS-III/Ports/ARM-Cortex-M4/Generic/GNU/os_cpu_a.o
LOAD ./source/rtos/uCOSIII/src/uCOS-III/Ports/ARM-Cortex-M4/Generic/GNU/os_cpu_c.o
LOAD ./source/rtos/uCOSIII/src/uC-CPU/ARM-Cortex-M4/GNU/cpu_a.o
LOAD ./source/rtos/uCOSIII/src/uC-CPU/ARM-Cortex-M4/GNU/cpu_c.o
LOAD ./source/rtos/uCOSIII/src/uC-CPU/cpu_core.o
LOAD ./source/rtos/uCOSIII/BSP/cpu_bsp.o
LOAD ./source/gateway/node_modules/node-addon-api/nothing.o
LOAD ./source/App.o
LOAD ./source/Encoder.o
LOAD ./source/Queue.o
LOAD ./source/Queue2.o
LOAD ./source/cardReader.o
LOAD ./source/display.o
LOAD ./source/fsm.o
LOAD ./source/gateway.o
LOAD ./source/gpio.o
LOAD ./source/led.o
LOAD ./source/main.o
LOAD ./source/threads.o
LOAD ./source/timer.o
LOAD ./source/uart.o
LOAD ./SDK/startup/hardware.o
LOAD ./SDK/startup/semihost_hardfault.o
LOAD ./SDK/startup/startup_mk64f12.o
LOAD ./SDK/CMSIS/system_MK64F12.o
START GROUP
LOAD d:/programas/mcuxpressoide_10.2.0_759/ide/tools/bin/../lib/gcc/arm-none-eabi/7.2.1/../../../../arm-none-eabi/lib/thumb/v7e-m/fpv4-sp/hard\libcr_c.a
LOAD d:/programas/mcuxpressoide_10.2.0_759/ide/tools/bin/../lib/gcc/arm-none-eabi/7.2.1/thumb/v7e-m/fpv4-sp/hard\libcr_eabihelpers.a
END GROUP
                0x00000000                __base_PROGRAM_FLASH = 0x0
                0x00000000                __base_Flash = 0x0
                0x00100000                __top_PROGRAM_FLASH = 0x100000
                0x00100000                __top_Flash = 0x100000
                0x20000000                __base_SRAM_UPPER = 0x20000000
                0x20000000                __base_RAM = 0x20000000
                0x20030000                __top_SRAM_UPPER = 0x20030000
                0x20030000                __top_RAM = 0x20030000
                0x1fff0000                __base_SRAM_LOWER = 0x1fff0000
                0x1fff0000                __base_RAM2 = 0x1fff0000
                0x20000000                __top_SRAM_LOWER = 0x20000000
                0x20000000                __top_RAM2 = 0x20000000
                0x14000000                __base_FLEX_RAM = 0x14000000
                0x14000000                __base_RAM3 = 0x14000000
                0x14001000                __top_FLEX_RAM = 0x14001000
                0x14001000                __top_RAM3 = 0x14001000

.text           0x00000000     0x8080
 FILL mask 0xff
                0x00000000                __vectors_start__ = ABSOLUTE (.)
 *(SORT_BY_ALIGNMENT(.isr_vector))
 .isr_vector    0x00000000      0x198 ./SDK/startup/startup_mk64f12.o
                0x00000000                g_pfnVectors
                0x00000000                __Vectors
                0x00000198                . = ALIGN (0x4)
                0x00000198                __section_table_start = .
                0x00000198                __data_section_table = .
                0x00000198        0x4 LONG 0x8080 LOADADDR (.data)
                0x0000019c        0x4 LONG 0x20000000 ADDR (.data)
                0x000001a0        0x4 LONG 0x2250 SIZEOF (.data)
                0x000001a4        0x4 LONG 0x8080 LOADADDR (.data_RAM2)
                0x000001a8        0x4 LONG 0x1fff0000 ADDR (.data_RAM2)
                0x000001ac        0x4 LONG 0x0 SIZEOF (.data_RAM2)
                0x000001b0        0x4 LONG 0x8080 LOADADDR (.data_RAM3)
                0x000001b4        0x4 LONG 0x14000000 ADDR (.data_RAM3)
                0x000001b8        0x4 LONG 0x0 SIZEOF (.data_RAM3)
                0x000001bc                __data_section_table_end = .
                0x000001bc                __bss_section_table = .
                0x000001bc        0x4 LONG 0x20002250 ADDR (.bss)
                0x000001c0        0x4 LONG 0x28a8 SIZEOF (.bss)
                0x000001c4        0x4 LONG 0x1fff0000 ADDR (.bss_RAM2)
                0x000001c8        0x4 LONG 0x0 SIZEOF (.bss_RAM2)
                0x000001cc        0x4 LONG 0x14000000 ADDR (.bss_RAM3)
                0x000001d0        0x4 LONG 0x0 SIZEOF (.bss_RAM3)
                0x000001d4                __bss_section_table_end = .
                0x000001d4                __section_table_end = .
 *(SORT_BY_ALIGNMENT(.after_vectors*))
 .after_vectors.reset
                0x000001d4       0x4c ./SDK/startup/startup_mk64f12.o
                0x000001d4                ResetISR
 .after_vectors.init_data
                0x00000220       0x1e ./SDK/startup/startup_mk64f12.o
                0x00000220                data_init
 .after_vectors.init_bss
                0x0000023e       0x12 ./SDK/startup/startup_mk64f12.o
                0x0000023e                bss_init
 .after_vectors
                0x00000250       0x14 ./SDK/startup/startup_mk64f12.o
                0x00000250                NMI_Handler
                0x00000254                MemManage_Handler
                0x00000256                BusFault_Handler
                0x00000258                UsageFault_Handler
                0x0000025a                SVC_Handler
                0x0000025c                DebugMon_Handler
                0x00000262                DMA_Error_DriverIRQHandler
                0x00000262                LPTMR0_DriverIRQHandler
                0x00000262                FTM1_DriverIRQHandler
                0x00000262                FTM2_DriverIRQHandler
                0x00000262                PIT2_DriverIRQHandler
                0x00000262                SDHC_DriverIRQHandler
                0x00000262                I2S0_Tx_DriverIRQHandler
                0x00000262                RTC_Seconds_DriverIRQHandler
                0x00000262                DMA6_DriverIRQHandler
                0x00000262                LLWU_DriverIRQHandler
                0x00000262                MCM_DriverIRQHandler
                0x00000262                MCG_DriverIRQHandler
                0x00000262                ENET_1588_Timer_DriverIRQHandler
                0x00000262                I2C2_DriverIRQHandler
                0x00000262                DAC1_DriverIRQHandler
                0x00000262                SPI1_DriverIRQHandler
                0x00000262                CMP1_DriverIRQHandler
                0x00000262                UART5_RX_TX_DriverIRQHandler
                0x00000262                FTM0_DriverIRQHandler
                0x00000262                IntDefaultHandler
                0x00000262                USB0_DriverIRQHandler
                0x00000262                UART5_ERR_DriverIRQHandler
                0x00000262                PORTC_DriverIRQHandler
                0x00000262                DMA11_DriverIRQHandler
                0x00000262                DAC0_DriverIRQHandler
                0x00000262                DMA10_DriverIRQHandler
                0x00000262                CMP2_DriverIRQHandler
                0x00000262                UART2_ERR_DriverIRQHandler
                0x00000262                SPI2_DriverIRQHandler
                0x00000262                LVD_LVW_DriverIRQHandler
                0x00000262                PIT0_DriverIRQHandler
                0x00000262                RNG_DriverIRQHandler
                0x00000262                DMA5_DriverIRQHandler
                0x00000262                DMA12_DriverIRQHandler
                0x00000262                UART2_RX_TX_DriverIRQHandler
                0x00000262                USBDCD_DriverIRQHandler
                0x00000262                UART3_ERR_DriverIRQHandler
                0x00000262                DMA3_DriverIRQHandler
                0x00000262                DMA8_DriverIRQHandler
                0x00000262                DMA9_DriverIRQHandler
                0x00000262                UART0_ERR_DriverIRQHandler
                0x00000262                CMT_DriverIRQHandler
                0x00000262                Reserved71_DriverIRQHandler
                0x00000262                ADC1_DriverIRQHandler
                0x00000262                PORTA_DriverIRQHandler
                0x00000262                DMA14_DriverIRQHandler
                0x00000262                PIT3_DriverIRQHandler
                0x00000262                PIT1_DriverIRQHandler
                0x00000262                WDOG_EWM_DriverIRQHandler
                0x00000262                PDB0_DriverIRQHandler
                0x00000262                RTC_DriverIRQHandler
                0x00000262                I2S0_Rx_DriverIRQHandler
                0x00000262                Read_Collision_DriverIRQHandler
                0x00000262                SWI_DriverIRQHandler
                0x00000262                UART4_RX_TX_DriverIRQHandler
                0x00000262                UART4_ERR_DriverIRQHandler
                0x00000262                PORTB_DriverIRQHandler
                0x00000262                UART0_LON_DriverIRQHandler
                0x00000262                DMA0_DriverIRQHandler
                0x00000262                DMA1_DriverIRQHandler
                0x00000262                I2C1_DriverIRQHandler
                0x00000262                UART3_RX_TX_DriverIRQHandler
                0x00000262                ENET_Receive_DriverIRQHandler
                0x00000262                DMA13_DriverIRQHandler
                0x00000262                ENET_Error_DriverIRQHandler
                0x00000262                DMA15_DriverIRQHandler
                0x00000262                UART0_RX_TX_DriverIRQHandler
                0x00000262                SPI0_DriverIRQHandler
                0x00000262                ADC0_DriverIRQHandler
                0x00000262                CMP0_DriverIRQHandler
                0x00000262                CAN0_DriverIRQHandler
                0x00000262                FTM3_DriverIRQHandler
                0x00000262                DMA4_DriverIRQHandler
                0x00000262                UART1_ERR_DriverIRQHandler
                0x00000262                DMA2_DriverIRQHandler
                0x00000262                ENET_Transmit_DriverIRQHandler
                0x00000262                PORTD_DriverIRQHandler
                0x00000262                PORTE_DriverIRQHandler
                0x00000262                FTFE_DriverIRQHandler
                0x00000262                I2C0_DriverIRQHandler
                0x00000262                DMA7_DriverIRQHandler
                0x00000262                UART1_RX_TX_DriverIRQHandler
                0x00000400                . = 0x400
 *fill*         0x00000264      0x19c ff
                0x00000400                PROVIDE (__FLASH_CONFIG_START__, .)
 *(SORT_BY_ALIGNMENT(.FlashConfig))
 .FlashConfig   0x00000400       0x10 ./SDK/startup/startup_mk64f12.o
                0x00000400                Flash_Config
                0x00000410                PROVIDE (__FLASH_CONFIG_END__, .)
                0x00000001                ASSERT (! ((__FLASH_CONFIG_START__ == __FLASH_CONFIG_END__)), Linker Flash Config Support Enabled, but no .FlashConfig section provided within application)
 *(SORT_BY_ALIGNMENT(.text*))
 .text.OSInit   0x00000410      0x1d8 ./source/rtos/uCOSIII/src/uCOS-III/Source/os_core.o
                0x00000410                OSInit
 .text.OSIntEnter
                0x000005e8       0x38 ./source/rtos/uCOSIII/src/uCOS-III/Source/os_core.o
                0x000005e8                OSIntEnter
 .text.OSIntExit
                0x00000620       0xd8 ./source/rtos/uCOSIII/src/uCOS-III/Source/os_core.o
                0x00000620                OSIntExit
 .text.OSSched  0x000006f8       0xa8 ./source/rtos/uCOSIII/src/uCOS-III/Source/os_core.o
                0x000006f8                OSSched
 .text.OSSchedLock
                0x000007a0       0x74 ./source/rtos/uCOSIII/src/uCOS-III/Source/os_core.o
                0x000007a0                OSSchedLock
 .text.OSSchedUnlock
                0x00000814       0x90 ./source/rtos/uCOSIII/src/uCOS-III/Source/os_core.o
                0x00000814                OSSchedUnlock
 .text.OSSchedRoundRobinCfg
                0x000008a4       0x70 ./source/rtos/uCOSIII/src/uCOS-III/Source/os_core.o
                0x000008a4                OSSchedRoundRobinCfg
 .text.OSStart  0x00000914       0x80 ./source/rtos/uCOSIII/src/uCOS-III/Source/os_core.o
                0x00000914                OSStart
 .text.OS_IdleTask
                0x00000994       0x2c ./source/rtos/uCOSIII/src/uCOS-III/Source/os_core.o
                0x00000994                OS_IdleTask
 .text.OS_IdleTaskInit
                0x000009c0       0x68 ./source/rtos/uCOSIII/src/uCOS-III/Source/os_core.o
                0x000009c0                OS_IdleTaskInit
 .text.OS_Pend  0x00000a28       0x84 ./source/rtos/uCOSIII/src/uCOS-III/Source/os_core.o
                0x00000a28                OS_Pend
 .text.OS_PendDbgNameAdd
                0x00000aac       0x7c ./source/rtos/uCOSIII/src/uCOS-III/Source/os_core.o
                0x00000aac                OS_PendDbgNameAdd
 .text.OS_PendDbgNameRemove
                0x00000b28       0x4c ./source/rtos/uCOSIII/src/uCOS-III/Source/os_core.o
                0x00000b28                OS_PendDbgNameRemove
 .text.OS_Post  0x00000b74      0x130 ./source/rtos/uCOSIII/src/uCOS-III/Source/os_core.o
                0x00000b74                OS_Post
 .text.OS_RdyListInit
                0x00000ca4       0x4c ./source/rtos/uCOSIII/src/uCOS-III/Source/os_core.o
                0x00000ca4                OS_RdyListInit
 .text.OS_RdyListInsert
                0x00000cf0       0x3c ./source/rtos/uCOSIII/src/uCOS-III/Source/os_core.o
                0x00000cf0                OS_RdyListInsert
 .text.OS_RdyListInsertHead
                0x00000d2c       0x84 ./source/rtos/uCOSIII/src/uCOS-III/Source/os_core.o
                0x00000d2c                OS_RdyListInsertHead
 .text.OS_RdyListInsertTail
                0x00000db0       0x80 ./source/rtos/uCOSIII/src/uCOS-III/Source/os_core.o
                0x00000db0                OS_RdyListInsertTail
 .text.OS_RdyListRemove
                0x00000e30       0xb0 ./source/rtos/uCOSIII/src/uCOS-III/Source/os_core.o
                0x00000e30                OS_RdyListRemove
 .text.OS_SchedRoundRobin
                0x00000ee0       0xc8 ./source/rtos/uCOSIII/src/uCOS-III/Source/os_core.o
                0x00000ee0                OS_SchedRoundRobin
 .text.OS_TaskBlock
                0x00000fa8       0x40 ./source/rtos/uCOSIII/src/uCOS-III/Source/os_core.o
                0x00000fa8                OS_TaskBlock
 .text.OS_Dbg_Init
                0x00000fe8      0x23c ./source/rtos/uCOSIII/src/uCOS-III/Source/os_dbg.o
                0x00000fe8                OS_Dbg_Init
 .text.OS_FlagInit
                0x00001224       0x30 ./source/rtos/uCOSIII/src/uCOS-III/Source/os_flag.o
                0x00001224                OS_FlagInit
 .text.OS_MemInit
                0x00001254       0x30 ./source/rtos/uCOSIII/src/uCOS-III/Source/os_mem.o
                0x00001254                OS_MemInit
 .text.OS_MsgPoolInit
                0x00001284       0xd0 ./source/rtos/uCOSIII/src/uCOS-III/Source/os_msg.o
                0x00001284                OS_MsgPoolInit
 .text.OS_MsgQFreeAll
                0x00001354       0x78 ./source/rtos/uCOSIII/src/uCOS-III/Source/os_msg.o
                0x00001354                OS_MsgQFreeAll
 .text.OSMutexCreate
                0x000013cc       0x98 ./source/rtos/uCOSIII/src/uCOS-III/Source/os_mutex.o
                0x000013cc                OSMutexCreate
 .text.OSMutexPend
                0x00001464      0x210 ./source/rtos/uCOSIII/src/uCOS-III/Source/os_mutex.o
                0x00001464                OSMutexPend
 .text.OSMutexPost
                0x00001674      0x1b8 ./source/rtos/uCOSIII/src/uCOS-III/Source/os_mutex.o
                0x00001674                OSMutexPost
 .text.OS_MutexDbgListAdd
                0x0000182c       0x50 ./source/rtos/uCOSIII/src/uCOS-III/Source/os_mutex.o
                0x0000182c                OS_MutexDbgListAdd
 .text.OS_MutexInit
                0x0000187c       0x30 ./source/rtos/uCOSIII/src/uCOS-III/Source/os_mutex.o
                0x0000187c                OS_MutexInit
 .text.OS_PrioInit
                0x000018ac       0x34 ./source/rtos/uCOSIII/src/uCOS-III/Source/os_prio.o
                0x000018ac                OS_PrioInit
 .text.OS_PrioGetHighest
                0x000018e0       0x48 ./source/rtos/uCOSIII/src/uCOS-III/Source/os_prio.o
                0x000018e0                OS_PrioGetHighest
 .text.OS_PrioInsert
                0x00001928       0x50 ./source/rtos/uCOSIII/src/uCOS-III/Source/os_prio.o
                0x00001928                OS_PrioInsert
 .text.OS_PrioRemove
                0x00001978       0x50 ./source/rtos/uCOSIII/src/uCOS-III/Source/os_prio.o
                0x00001978                OS_PrioRemove
 .text.OS_QInit
                0x000019c8       0x30 ./source/rtos/uCOSIII/src/uCOS-III/Source/os_q.o
                0x000019c8                OS_QInit
 .text.OSSemCreate
                0x000019f8       0x8c ./source/rtos/uCOSIII/src/uCOS-III/Source/os_sem.o
                0x000019f8                OSSemCreate
 .text.OSSemPend
                0x00001a84      0x1c8 ./source/rtos/uCOSIII/src/uCOS-III/Source/os_sem.o
                0x00001a84                OSSemPend
 .text.OSSemPost
                0x00001c4c       0x84 ./source/rtos/uCOSIII/src/uCOS-III/Source/os_sem.o
                0x00001c4c                OSSemPost
 .text.OS_SemDbgListAdd
                0x00001cd0       0x50 ./source/rtos/uCOSIII/src/uCOS-III/Source/os_sem.o
                0x00001cd0                OS_SemDbgListAdd
 .text.OS_SemInit
                0x00001d20       0x30 ./source/rtos/uCOSIII/src/uCOS-III/Source/os_sem.o
                0x00001d20                OS_SemInit
 .text.OSTaskCreate
                0x00001d50      0x21c ./source/rtos/uCOSIII/src/uCOS-III/Source/os_task.o
                0x00001d50                OSTaskCreate
 .text.OSTaskDel
                0x00001f6c      0x1dc ./source/rtos/uCOSIII/src/uCOS-III/Source/os_task.o
                0x00001f6c                OSTaskDel
 .text.OSTaskSemPend
                0x00002148      0x1d4 ./source/rtos/uCOSIII/src/uCOS-III/Source/os_task.o
                0x00002148                OSTaskSemPend
 .text.OS_TaskDbgListAdd
                0x0000231c       0x4c ./source/rtos/uCOSIII/src/uCOS-III/Source/os_task.o
                0x0000231c                OS_TaskDbgListAdd
 .text.OS_TaskDbgListRemove
                0x00002368       0x84 ./source/rtos/uCOSIII/src/uCOS-III/Source/os_task.o
                0x00002368                OS_TaskDbgListRemove
 .text.OS_TaskInit
                0x000023ec       0x38 ./source/rtos/uCOSIII/src/uCOS-III/Source/os_task.o
                0x000023ec                OS_TaskInit
 .text.OS_TaskInitTCB
                0x00002424      0x1a0 ./source/rtos/uCOSIII/src/uCOS-III/Source/os_task.o
                0x00002424                OS_TaskInitTCB
 .text.OS_TaskReturn
                0x000025c4       0x28 ./source/rtos/uCOSIII/src/uCOS-III/Source/os_task.o
                0x000025c4                OS_TaskReturn
 .text.OS_TaskSemPost
                0x000025ec      0x128 ./source/rtos/uCOSIII/src/uCOS-III/Source/os_task.o
                0x000025ec                OS_TaskSemPost
 .text.OS_TaskChangePrio
                0x00002714      0x148 ./source/rtos/uCOSIII/src/uCOS-III/Source/os_task.o
                0x00002714                OS_TaskChangePrio
 .text.OS_TickTask
                0x0000285c       0x64 ./source/rtos/uCOSIII/src/uCOS-III/Source/os_tick.o
                0x0000285c                OS_TickTask
 .text.OS_TickTaskInit
                0x000028c0       0xd8 ./source/rtos/uCOSIII/src/uCOS-III/Source/os_tick.o
                0x000028c0                OS_TickTaskInit
 .text.OS_TickListInsertDly
                0x00002998      0x108 ./source/rtos/uCOSIII/src/uCOS-III/Source/os_tick.o
                0x00002998                OS_TickListInsertDly
 .text.OS_TickListUpdateDly
                0x00002aa0       0xbc ./source/rtos/uCOSIII/src/uCOS-III/Source/os_tick.o
 .text.OS_TickListUpdateTimeout
                0x00002b5c      0x158 ./source/rtos/uCOSIII/src/uCOS-III/Source/os_tick.o
 .text.OSTimeDly
                0x00002cb4       0xd8 ./source/rtos/uCOSIII/src/uCOS-III/Source/os_time.o
                0x00002cb4                OSTimeDly
 .text.OSTimeTick
                0x00002d8c       0x74 ./source/rtos/uCOSIII/src/uCOS-III/Source/os_time.o
                0x00002d8c                OSTimeTick
 .text.OS_TmrInit
                0x00002e00      0x138 ./source/rtos/uCOSIII/src/uCOS-III/Source/os_tmr.o
                0x00002e00                OS_TmrInit
 .text.OS_TmrUnlink
                0x00002f38       0x80 ./source/rtos/uCOSIII/src/uCOS-III/Source/os_tmr.o
                0x00002f38                OS_TmrUnlink
 .text.OS_TmrTask
                0x00002fb8       0xc8 ./source/rtos/uCOSIII/src/uCOS-III/Source/os_tmr.o
                0x00002fb8                OS_TmrTask
 .text.OS_TmrLock
                0x00003080       0x24 ./source/rtos/uCOSIII/src/uCOS-III/Source/os_tmr.o
 .text.OS_TmrUnlock
                0x000030a4       0x20 ./source/rtos/uCOSIII/src/uCOS-III/Source/os_tmr.o
 .text          0x000030c4       0xfc ./source/rtos/uCOSIII/src/uCOS-III/Ports/ARM-Cortex-M4/Generic/GNU/os_cpu_a.o
                0x000030c4                OS_CPU_FP_Reg_Push
                0x000030d6                OS_CPU_FP_Reg_Pop
                0x000030e2                OSStartHighRdy
                0x00003152                OSCtxSw
                0x0000315c                OSIntCtxSw
                0x00003166                PendSV_Handler
 .text.OSIdleTaskHook
                0x000031c0       0x1c ./source/rtos/uCOSIII/src/uCOS-III/Ports/ARM-Cortex-M4/Generic/GNU/os_cpu_c.o
                0x000031c0                OSIdleTaskHook
 .text.OSInitHook
                0x000031dc       0x38 ./source/rtos/uCOSIII/src/uCOS-III/Ports/ARM-Cortex-M4/Generic/GNU/os_cpu_c.o
                0x000031dc                OSInitHook
 .text.OSTaskCreateHook
                0x00003214       0x24 ./source/rtos/uCOSIII/src/uCOS-III/Ports/ARM-Cortex-M4/Generic/GNU/os_cpu_c.o
                0x00003214                OSTaskCreateHook
 .text.OSTaskDelHook
                0x00003238       0x24 ./source/rtos/uCOSIII/src/uCOS-III/Ports/ARM-Cortex-M4/Generic/GNU/os_cpu_c.o
                0x00003238                OSTaskDelHook
 .text.OSTaskReturnHook
                0x0000325c       0x24 ./source/rtos/uCOSIII/src/uCOS-III/Ports/ARM-Cortex-M4/Generic/GNU/os_cpu_c.o
                0x0000325c                OSTaskReturnHook
 .text.OSTaskStkInit
                0x00003280      0x34c ./source/rtos/uCOSIII/src/uCOS-III/Ports/ARM-Cortex-M4/Generic/GNU/os_cpu_c.o
                0x00003280                OSTaskStkInit
 .text.OSTaskSwHook
                0x000035cc       0xa8 ./source/rtos/uCOSIII/src/uCOS-III/Ports/ARM-Cortex-M4/Generic/GNU/os_cpu_c.o
                0x000035cc                OSTaskSwHook
 .text.OSTimeTickHook
                0x00003674       0x1c ./source/rtos/uCOSIII/src/uCOS-III/Ports/ARM-Cortex-M4/Generic/GNU/os_cpu_c.o
                0x00003674                OSTimeTickHook
 .text.OS_CPU_SysTickInit
                0x00003690       0x54 ./source/rtos/uCOSIII/src/uCOS-III/Ports/ARM-Cortex-M4/Generic/GNU/os_cpu_c.o
                0x00003690                OS_CPU_SysTickInit
 .text          0x000036e4       0x34 ./source/rtos/uCOSIII/src/uC-CPU/ARM-Cortex-M4/GNU/cpu_a.o
                0x000036e4                CPU_IntDis
                0x000036e8                CPU_IntEn
                0x000036ec                CPU_SR_Save
                0x000036f4                CPU_SR_Restore
                0x000036fa                CPU_WaitForInt
                0x000036fe                CPU_WaitForExcept
                0x00003702                CPU_CntLeadZeros
                0x00003708                CPU_CntTrailZeros
                0x00003712                CPU_RevBits
 .text.CPU_TS_TmrFreqSet
                0x00003718       0x20 ./source/rtos/uCOSIII/src/uC-CPU/cpu_core.o
                0x00003718                CPU_TS_TmrFreqSet
 .text.CPU_TS_Init
                0x00003738       0x18 ./source/rtos/uCOSIII/src/uC-CPU/cpu_core.o
 .text.CPU_TS_TmrInit
                0x00003750       0x48 ./source/rtos/uCOSIII/BSP/cpu_bsp.o
                0x00003750                CPU_TS_TmrInit
 .text.App_Init
                0x00003798       0x4c ./source/App.o
                0x00003798                App_Init
 .text.InitEncoder
                0x000037e4       0xa0 ./source/Encoder.o
                0x000037e4                InitEncoder
 .text.RCHA_CB  0x00003884       0x48 ./source/Encoder.o
 .text.RCHB_CB  0x000038cc       0x48 ./source/Encoder.o
 .text.RSW_CB   0x00003914       0xf8 ./source/Encoder.o
 .text.activate_CHAIRQ_CB
                0x00003a0c       0x18 ./source/Encoder.o
 .text.getNextEvent
                0x00003a24       0x50 ./source/Queue.o
                0x00003a24                getNextEvent
 .text.putEvent
                0x00003a74       0x74 ./source/Queue.o
                0x00003a74                putEvent
 .text.initCardReader
                0x00003ae8       0x40 ./source/cardReader.o
                0x00003ae8                initCardReader
 .text.getID    0x00003b28       0x18 ./source/cardReader.o
                0x00003b28                getID
 .text.reset    0x00003b40       0x58 ./source/cardReader.o
 .text.checkEnable
                0x00003b98       0x30 ./source/cardReader.o
 .text.getBit   0x00003bc8      0x308 ./source/cardReader.o
 .text.convertToID
                0x00003ed0       0x20 ./source/cardReader.o
 .text.display_init
                0x00003ef0       0xe4 ./source/display.o
                0x00003ef0                display_init
 .text.set_cursor
                0x00003fd4       0x2c ./source/display.o
                0x00003fd4                set_cursor
 .text.set_window_offset
                0x00004000       0x2c ./source/display.o
                0x00004000                set_window_offset
 .text.write_word
                0x0000402c       0x44 ./source/display.o
                0x0000402c                write_word
 .text.write_char
                0x00004070       0x28 ./source/display.o
                0x00004070                write_char
 .text.clear_display
                0x00004098       0x34 ./source/display.o
                0x00004098                clear_display
 .text.enable_sliding
                0x000040cc       0x20 ./source/display.o
                0x000040cc                enable_sliding
 .text.set_brightness
                0x000040ec       0x40 ./source/display.o
                0x000040ec                set_brightness
 .text.show_display
                0x0000412c       0xc4 ./source/display.o
 .text.write_display
                0x000041f0       0xac ./source/display.o
 .text.slider   0x0000429c       0x2c ./source/display.o
 .text.turn_off_segs
                0x000042c8       0x38 ./source/display.o
 .text.show_cursor
                0x00004300       0x20 ./source/display.o
 .text.FSM      0x00004320      0xb94 ./source/fsm.o
                0x00004320                FSM
 .text.getIDNumber
                0x00004eb4       0x8c ./source/fsm.o
                0x00004eb4                getIDNumber
 .text.getIDArray
                0x00004f40       0x58 ./source/fsm.o
                0x00004f40                getIDArray
 .text.cardReaderErrorCallback
                0x00004f98       0x24 ./source/fsm.o
                0x00004f98                cardReaderErrorCallback
 .text.IDErrorCallback
                0x00004fbc       0x40 ./source/fsm.o
                0x00004fbc                IDErrorCallback
 .text.gatewayConnect
                0x00004ffc      0x104 ./source/gateway.o
                0x00004ffc                gatewayConnect
 .text.timeout  0x00005100       0x74 ./source/gateway.o
 .text.enableQuery
                0x00005174       0x18 ./source/gateway.o
 .text.initGateway
                0x0000518c       0x48 ./source/gateway.o
 .text.__NVIC_EnableIRQ
                0x000051d4       0x3c ./source/gpio.o
 .text.gpioIRQ  0x00005210      0x120 ./source/gpio.o
                0x00005210                gpioIRQ
 .text.PORTA_IRQHandler
                0x00005330       0xf8 ./source/gpio.o
                0x00005330                PORTA_IRQHandler
 .text.PORTB_IRQHandler
                0x00005428       0xf8 ./source/gpio.o
                0x00005428                PORTB_IRQHandler
 .text.PORTC_IRQHandler
                0x00005520       0xf8 ./source/gpio.o
                0x00005520                PORTC_IRQHandler
 .text.PORTD_IRQHandler
                0x00005618       0xf8 ./source/gpio.o
                0x00005618                PORTD_IRQHandler
 .text.PORTE_IRQHandler
                0x00005710       0xf8 ./source/gpio.o
                0x00005710                PORTE_IRQHandler
 .text.led_init
                0x00005808       0x88 ./source/led.o
                0x00005808                led_init
 .text.set_single_led
                0x00005890       0x50 ./source/led.o
                0x00005890                set_single_led
 .text.set_timed_led
                0x000058e0       0xa4 ./source/led.o
                0x000058e0                set_timed_led
 .text.turn_led
                0x00005984       0xc4 ./source/led.o
 .text.shut_off
                0x00005a48       0x18 ./source/led.o
 .text.main     0x00005a60      0x104 ./source/main.o
                0x00005a60                main
 .text.createTimer
                0x00005b64       0xb0 ./source/timer.o
                0x00005b64                createTimer
 .text.configTimerTime
                0x00005c14       0x30 ./source/timer.o
                0x00005c14                configTimerTime
 .text.destroyTimer
                0x00005c44       0x40 ./source/timer.o
                0x00005c44                destroyTimer
 .text.resetTimer
                0x00005c84       0x30 ./source/timer.o
                0x00005c84                resetTimer
 .text.startTimer
                0x00005cb4       0x54 ./source/timer.o
                0x00005cb4                startTimer
 .text.stopTimer
                0x00005d08       0x54 ./source/timer.o
                0x00005d08                stopTimer
 .text.SysTick_Handler_TIMER
                0x00005d5c       0xd4 ./source/timer.o
                0x00005d5c                SysTick_Handler_TIMER
 .text.__NVIC_EnableIRQ
                0x00005e30       0x3c ./source/uart.o
 .text.__NVIC_SetPriority
                0x00005e6c       0x54 ./source/uart.o
 .text.uartInit
                0x00005ec0      0x20c ./source/uart.o
                0x00005ec0                uartInit
 .text.uartWriteMsg
                0x000060cc       0x6c ./source/uart.o
                0x000060cc                uartWriteMsg
 .text.writeTXdata_CB
                0x00006138       0x54 ./source/uart.o
 .text.setTxInterrupt
                0x0000618c       0x50 ./source/uart.o
 .text.uartReadMsg
                0x000061dc       0x5c ./source/uart.o
                0x000061dc                uartReadMsg
 .text.uartIsRxMsg
                0x00006238       0x38 ./source/uart.o
                0x00006238                uartIsRxMsg
 .text.readRXdata_CB
                0x00006270       0x58 ./source/uart.o
 .text.setRxInterrupt
                0x000062c8       0x54 ./source/uart.o
 .text.UART0_RX_TX_IRQHandler
                0x0000631c       0xbc ./source/uart.o
                0x0000631c                UART0_RX_TX_IRQHandler
 .text.UART1_RX_TX_IRQHandler
                0x000063d8       0x8c ./source/uart.o
                0x000063d8                UART1_RX_TX_IRQHandler
 .text.UART2_RX_TX_IRQHandler
                0x00006464       0x8c ./source/uart.o
                0x00006464                UART2_RX_TX_IRQHandler
 .text.UART3_RX_TX_IRQHandler
                0x000064f0       0x8c ./source/uart.o
                0x000064f0                UART3_RX_TX_IRQHandler
 .text.UART4_RX_TX_IRQHandler
                0x0000657c       0x8c ./source/uart.o
                0x0000657c                UART4_RX_TX_IRQHandler
 .text.SetUARTBaudrate
                0x00006608       0xbc ./source/uart.o
 .text.hw_Init  0x000066c4      0x108 ./SDK/startup/hardware.o
                0x000066c4                hw_Init
 .text.SystemInit
                0x000067cc       0x3c ./SDK/CMSIS/system_MK64F12.o
                0x000067cc                SystemInit
 .text.SystemCoreClockUpdate
                0x00006808      0x278 ./SDK/CMSIS/system_MK64F12.o
                0x00006808                SystemCoreClockUpdate
 .text.OSCfg_Init
                0x00006a80        0xe ./source/rtos/uCOSIII/src/uCOS-III/Source/os_cfg_app.o
                0x00006a80                OSCfg_Init
 .text.OS_PendDataInit
                0x00006a8e       0x6c ./source/rtos/uCOSIII/src/uCOS-III/Source/os_core.o
                0x00006a8e                OS_PendDataInit
 .text.OS_PendListChangePrio
                0x00006afa       0x56 ./source/rtos/uCOSIII/src/uCOS-III/Source/os_core.o
                0x00006afa                OS_PendListChangePrio
 .text.OS_PendListInit
                0x00006b50       0x26 ./source/rtos/uCOSIII/src/uCOS-III/Source/os_core.o
                0x00006b50                OS_PendListInit
 .text.OS_PendListInsertPrio
                0x00006b76       0xe8 ./source/rtos/uCOSIII/src/uCOS-III/Source/os_core.o
                0x00006b76                OS_PendListInsertPrio
 .text.OS_PendListRemove
                0x00006c5e       0x54 ./source/rtos/uCOSIII/src/uCOS-III/Source/os_core.o
                0x00006c5e                OS_PendListRemove
 .text.OS_PendListRemove1
                0x00006cb2       0x94 ./source/rtos/uCOSIII/src/uCOS-III/Source/os_core.o
                0x00006cb2                OS_PendListRemove1
 .text.OS_Post1
                0x00006d46       0x60 ./source/rtos/uCOSIII/src/uCOS-III/Source/os_core.o
                0x00006d46                OS_Post1
 .text.OS_RdyListMoveHeadToTail
                0x00006da6       0x90 ./source/rtos/uCOSIII/src/uCOS-III/Source/os_core.o
                0x00006da6                OS_RdyListMoveHeadToTail
 .text.OS_MsgQInit
                0x00006e36       0x36 ./source/rtos/uCOSIII/src/uCOS-III/Source/os_msg.o
                0x00006e36                OS_MsgQInit
 .text.OS_MutexGrpAdd
                0x00006e6c       0x24 ./source/rtos/uCOSIII/src/uCOS-III/Source/os_mutex.o
                0x00006e6c                OS_MutexGrpAdd
 .text.OS_MutexGrpRemove
                0x00006e90       0x3a ./source/rtos/uCOSIII/src/uCOS-III/Source/os_mutex.o
                0x00006e90                OS_MutexGrpRemove
 .text.OS_MutexGrpPrioFindHighest
                0x00006eca       0x56 ./source/rtos/uCOSIII/src/uCOS-III/Source/os_mutex.o
                0x00006eca                OS_MutexGrpPrioFindHighest
 .text.OS_MutexGrpPostAll
                0x00006f20       0x86 ./source/rtos/uCOSIII/src/uCOS-III/Source/os_mutex.o
                0x00006f20                OS_MutexGrpPostAll
 .text.OS_SemPost
                0x00006fa6       0xde ./source/rtos/uCOSIII/src/uCOS-III/Source/os_sem.o
                0x00006fa6                OS_SemPost
 .text.OSTaskSemPost
                0x00007084       0x44 ./source/rtos/uCOSIII/src/uCOS-III/Source/os_task.o
                0x00007084                OSTaskSemPost
 .text.OS_TickListInsert
                0x000070c8      0x12e ./source/rtos/uCOSIII/src/uCOS-III/Source/os_tick.o
                0x000070c8                OS_TickListInsert
 .text.OS_TickListRemove
                0x000071f6       0xca ./source/rtos/uCOSIII/src/uCOS-III/Source/os_tick.o
                0x000071f6                OS_TickListRemove
 .text.SysTick_Handler
                0x000072c0       0x2e ./source/rtos/uCOSIII/src/uCOS-III/Ports/ARM-Cortex-M4/Generic/GNU/os_cpu_c.o
                0x000072c0                SysTick_Handler
 .text.CPU_Init
                0x000072ee        0xc ./source/rtos/uCOSIII/src/uC-CPU/cpu_core.o
                0x000072ee                CPU_Init
 .text.App_Run  0x000072fa       0x12 ./source/App.o
                0x000072fa                App_Run
 .text.getNext  0x0000730c       0x84 ./source/Queue2.o
                0x0000730c                getNext
 .text.put      0x00007390       0xa6 ./source/Queue2.o
                0x00007390                put
 .text.getNextArray
                0x00007436       0x5e ./source/Queue2.o
                0x00007436                getNextArray
 .text.putArray
                0x00007494       0x5a ./source/Queue2.o
                0x00007494                putArray
 .text.getFillLevel
                0x000074ee       0x36 ./source/Queue2.o
                0x000074ee                getFillLevel
 .text.areEqual
                0x00007524       0x32 ./source/cardReader.o
 .text.storeChar
                0x00007556       0x3e ./source/cardReader.o
 .text.checkCharParity
                0x00007594       0x58 ./source/cardReader.o
 .text.myAtoi   0x000075ec       0x4c ./source/cardReader.o
 .text.normalize_index
                0x00007638       0x24 ./source/display.o
 .text.userReset
                0x0000765c       0x54 ./source/fsm.o
                0x0000765c                userReset
 .text.getIDString
                0x000076b0       0x5c ./source/fsm.o
                0x000076b0                getIDString
 .text.getPINNumber
                0x0000770c       0x9c ./source/fsm.o
                0x0000770c                getPINNumber
 .text.areEqual
                0x000077a8       0x52 ./source/gateway.o
 .text.gpioMode
                0x000077fa      0x1d2 ./source/gpio.o
                0x000077fa                gpioMode
 .text.gpioRead
                0x000079cc       0x48 ./source/gpio.o
                0x000079cc                gpioRead
 .text.gpioWrite
                0x00007a14       0x46 ./source/gpio.o
                0x00007a14                gpioWrite
 .text.initTimer
                0x00007a5a       0x18 ./source/timer.o
                0x00007a5a                initTimer
 .text.HardFault_Handler
                0x00007a72       0x2c ./SDK/startup/semihost_hardfault.o
                0x00007a72                HardFault_Handler
 .text.DMA0_IRQHandler
                0x00007a9e        0x8 ./SDK/startup/startup_mk64f12.o
                0x00007a9e                DMA0_IRQHandler
 .text.DMA1_IRQHandler
                0x00007aa6        0x8 ./SDK/startup/startup_mk64f12.o
                0x00007aa6                DMA1_IRQHandler
 .text.DMA2_IRQHandler
                0x00007aae        0x8 ./SDK/startup/startup_mk64f12.o
                0x00007aae                DMA2_IRQHandler
 .text.DMA3_IRQHandler
                0x00007ab6        0x8 ./SDK/startup/startup_mk64f12.o
                0x00007ab6                DMA3_IRQHandler
 .text.DMA4_IRQHandler
                0x00007abe        0x8 ./SDK/startup/startup_mk64f12.o
                0x00007abe                DMA4_IRQHandler
 .text.DMA5_IRQHandler
                0x00007ac6        0x8 ./SDK/startup/startup_mk64f12.o
                0x00007ac6                DMA5_IRQHandler
 .text.DMA6_IRQHandler
                0x00007ace        0x8 ./SDK/startup/startup_mk64f12.o
                0x00007ace                DMA6_IRQHandler
 .text.DMA7_IRQHandler
                0x00007ad6        0x8 ./SDK/startup/startup_mk64f12.o
                0x00007ad6                DMA7_IRQHandler
 .text.DMA8_IRQHandler
                0x00007ade        0x8 ./SDK/startup/startup_mk64f12.o
                0x00007ade                DMA8_IRQHandler
 .text.DMA9_IRQHandler
                0x00007ae6        0x8 ./SDK/startup/startup_mk64f12.o
                0x00007ae6                DMA9_IRQHandler
 .text.DMA10_IRQHandler
                0x00007aee        0x8 ./SDK/startup/startup_mk64f12.o
                0x00007aee                DMA10_IRQHandler
 .text.DMA11_IRQHandler
                0x00007af6        0x8 ./SDK/startup/startup_mk64f12.o
                0x00007af6                DMA11_IRQHandler
 .text.DMA12_IRQHandler
                0x00007afe        0x8 ./SDK/startup/startup_mk64f12.o
                0x00007afe                DMA12_IRQHandler
 .text.DMA13_IRQHandler
                0x00007b06        0x8 ./SDK/startup/startup_mk64f12.o
                0x00007b06                DMA13_IRQHandler
 .text.DMA14_IRQHandler
                0x00007b0e        0x8 ./SDK/startup/startup_mk64f12.o
                0x00007b0e                DMA14_IRQHandler
 .text.DMA15_IRQHandler
                0x00007b16        0x8 ./SDK/startup/startup_mk64f12.o
                0x00007b16                DMA15_IRQHandler
 .text.DMA_Error_IRQHandler
                0x00007b1e        0x8 ./SDK/startup/startup_mk64f12.o
                0x00007b1e                DMA_Error_IRQHandler
 .text.MCM_IRQHandler
                0x00007b26        0x8 ./SDK/startup/startup_mk64f12.o
                0x00007b26                MCM_IRQHandler
 .text.FTFE_IRQHandler
                0x00007b2e        0x8 ./SDK/startup/startup_mk64f12.o
                0x00007b2e                FTFE_IRQHandler
 .text.Read_Collision_IRQHandler
                0x00007b36        0x8 ./SDK/startup/startup_mk64f12.o
                0x00007b36                Read_Collision_IRQHandler
 .text.LVD_LVW_IRQHandler
                0x00007b3e        0x8 ./SDK/startup/startup_mk64f12.o
                0x00007b3e                LVD_LVW_IRQHandler
 .text.LLWU_IRQHandler
                0x00007b46        0x8 ./SDK/startup/startup_mk64f12.o
                0x00007b46                LLWU_IRQHandler
 .text.WDOG_EWM_IRQHandler
                0x00007b4e        0x8 ./SDK/startup/startup_mk64f12.o
                0x00007b4e                WDOG_EWM_IRQHandler
 .text.RNG_IRQHandler
                0x00007b56        0x8 ./SDK/startup/startup_mk64f12.o
                0x00007b56                RNG_IRQHandler
 .text.I2C0_IRQHandler
                0x00007b5e        0x8 ./SDK/startup/startup_mk64f12.o
                0x00007b5e                I2C0_IRQHandler
 .text.I2C1_IRQHandler
                0x00007b66        0x8 ./SDK/startup/startup_mk64f12.o
                0x00007b66                I2C1_IRQHandler
 .text.SPI0_IRQHandler
                0x00007b6e        0x8 ./SDK/startup/startup_mk64f12.o
                0x00007b6e                SPI0_IRQHandler
 .text.SPI1_IRQHandler
                0x00007b76        0x8 ./SDK/startup/startup_mk64f12.o
                0x00007b76                SPI1_IRQHandler
 .text.I2S0_Tx_IRQHandler
                0x00007b7e        0x8 ./SDK/startup/startup_mk64f12.o
                0x00007b7e                I2S0_Tx_IRQHandler
 .text.I2S0_Rx_IRQHandler
                0x00007b86        0x8 ./SDK/startup/startup_mk64f12.o
                0x00007b86                I2S0_Rx_IRQHandler
 .text.UART0_LON_IRQHandler
                0x00007b8e        0x8 ./SDK/startup/startup_mk64f12.o
                0x00007b8e                UART0_LON_IRQHandler
 .text.UART0_ERR_IRQHandler
                0x00007b96        0x8 ./SDK/startup/startup_mk64f12.o
                0x00007b96                UART0_ERR_IRQHandler
 .text.UART1_ERR_IRQHandler
                0x00007b9e        0x8 ./SDK/startup/startup_mk64f12.o
                0x00007b9e                UART1_ERR_IRQHandler
 .text.UART2_ERR_IRQHandler
                0x00007ba6        0x8 ./SDK/startup/startup_mk64f12.o
                0x00007ba6                UART2_ERR_IRQHandler
 .text.UART3_ERR_IRQHandler
                0x00007bae        0x8 ./SDK/startup/startup_mk64f12.o
                0x00007bae                UART3_ERR_IRQHandler
 .text.ADC0_IRQHandler
                0x00007bb6        0x8 ./SDK/startup/startup_mk64f12.o
                0x00007bb6                ADC0_IRQHandler
 .text.CMP0_IRQHandler
                0x00007bbe        0x8 ./SDK/startup/startup_mk64f12.o
                0x00007bbe                CMP0_IRQHandler
 .text.CMP1_IRQHandler
                0x00007bc6        0x8 ./SDK/startup/startup_mk64f12.o
                0x00007bc6                CMP1_IRQHandler
 .text.FTM0_IRQHandler
                0x00007bce        0x8 ./SDK/startup/startup_mk64f12.o
                0x00007bce                FTM0_IRQHandler
 .text.FTM1_IRQHandler
                0x00007bd6        0x8 ./SDK/startup/startup_mk64f12.o
                0x00007bd6                FTM1_IRQHandler
 .text.FTM2_IRQHandler
                0x00007bde        0x8 ./SDK/startup/startup_mk64f12.o
                0x00007bde                FTM2_IRQHandler
 .text.CMT_IRQHandler
                0x00007be6        0x8 ./SDK/startup/startup_mk64f12.o
                0x00007be6                CMT_IRQHandler
 .text.RTC_IRQHandler
                0x00007bee        0x8 ./SDK/startup/startup_mk64f12.o
                0x00007bee                RTC_IRQHandler
 .text.RTC_Seconds_IRQHandler
                0x00007bf6        0x8 ./SDK/startup/startup_mk64f12.o
                0x00007bf6                RTC_Seconds_IRQHandler
 .text.PIT0_IRQHandler
                0x00007bfe        0x8 ./SDK/startup/startup_mk64f12.o
                0x00007bfe                PIT0_IRQHandler
 .text.PIT1_IRQHandler
                0x00007c06        0x8 ./SDK/startup/startup_mk64f12.o
                0x00007c06                PIT1_IRQHandler
 .text.PIT2_IRQHandler
                0x00007c0e        0x8 ./SDK/startup/startup_mk64f12.o
                0x00007c0e                PIT2_IRQHandler
 .text.PIT3_IRQHandler
                0x00007c16        0x8 ./SDK/startup/startup_mk64f12.o
                0x00007c16                PIT3_IRQHandler
 .text.PDB0_IRQHandler
                0x00007c1e        0x8 ./SDK/startup/startup_mk64f12.o
                0x00007c1e                PDB0_IRQHandler
 .text.USB0_IRQHandler
                0x00007c26        0x8 ./SDK/startup/startup_mk64f12.o
                0x00007c26                USB0_IRQHandler
 .text.USBDCD_IRQHandler
                0x00007c2e        0x8 ./SDK/startup/startup_mk64f12.o
                0x00007c2e                USBDCD_IRQHandler
 .text.Reserved71_IRQHandler
                0x00007c36        0x8 ./SDK/startup/startup_mk64f12.o
                0x00007c36                Reserved71_IRQHandler
 .text.DAC0_IRQHandler
                0x00007c3e        0x8 ./SDK/startup/startup_mk64f12.o
                0x00007c3e                DAC0_IRQHandler
 .text.MCG_IRQHandler
                0x00007c46        0x8 ./SDK/startup/startup_mk64f12.o
                0x00007c46                MCG_IRQHandler
 .text.LPTMR0_IRQHandler
                0x00007c4e        0x8 ./SDK/startup/startup_mk64f12.o
                0x00007c4e                LPTMR0_IRQHandler
 .text.SWI_IRQHandler
                0x00007c56        0x8 ./SDK/startup/startup_mk64f12.o
                0x00007c56                SWI_IRQHandler
 .text.SPI2_IRQHandler
                0x00007c5e        0x8 ./SDK/startup/startup_mk64f12.o
                0x00007c5e                SPI2_IRQHandler
 .text.UART4_ERR_IRQHandler
                0x00007c66        0x8 ./SDK/startup/startup_mk64f12.o
                0x00007c66                UART4_ERR_IRQHandler
 .text.UART5_RX_TX_IRQHandler
                0x00007c6e        0x8 ./SDK/startup/startup_mk64f12.o
                0x00007c6e                UART5_RX_TX_IRQHandler
 .text.UART5_ERR_IRQHandler
                0x00007c76        0x8 ./SDK/startup/startup_mk64f12.o
                0x00007c76                UART5_ERR_IRQHandler
 .text.CMP2_IRQHandler
                0x00007c7e        0x8 ./SDK/startup/startup_mk64f12.o
                0x00007c7e                CMP2_IRQHandler
 .text.FTM3_IRQHandler
                0x00007c86        0x8 ./SDK/startup/startup_mk64f12.o
                0x00007c86                FTM3_IRQHandler
 .text.DAC1_IRQHandler
                0x00007c8e        0x8 ./SDK/startup/startup_mk64f12.o
                0x00007c8e                DAC1_IRQHandler
 .text.ADC1_IRQHandler
                0x00007c96        0x8 ./SDK/startup/startup_mk64f12.o
                0x00007c96                ADC1_IRQHandler
 .text.I2C2_IRQHandler
                0x00007c9e        0x8 ./SDK/startup/startup_mk64f12.o
                0x00007c9e                I2C2_IRQHandler
 .text.CAN0_ORed_Message_buffer_IRQHandler
                0x00007ca6        0x8 ./SDK/startup/startup_mk64f12.o
                0x00007ca6                CAN0_ORed_Message_buffer_IRQHandler
 .text.CAN0_Bus_Off_IRQHandler
                0x00007cae        0x8 ./SDK/startup/startup_mk64f12.o
                0x00007cae                CAN0_Bus_Off_IRQHandler
 .text.CAN0_Error_IRQHandler
                0x00007cb6        0x8 ./SDK/startup/startup_mk64f12.o
                0x00007cb6                CAN0_Error_IRQHandler
 .text.CAN0_Tx_Warning_IRQHandler
                0x00007cbe        0x8 ./SDK/startup/startup_mk64f12.o
                0x00007cbe                CAN0_Tx_Warning_IRQHandler
 .text.CAN0_Rx_Warning_IRQHandler
                0x00007cc6        0x8 ./SDK/startup/startup_mk64f12.o
                0x00007cc6                CAN0_Rx_Warning_IRQHandler
 .text.CAN0_Wake_Up_IRQHandler
                0x00007cce        0x8 ./SDK/startup/startup_mk64f12.o
                0x00007cce                CAN0_Wake_Up_IRQHandler
 .text.SDHC_IRQHandler
                0x00007cd6        0x8 ./SDK/startup/startup_mk64f12.o
                0x00007cd6                SDHC_IRQHandler
 .text.ENET_1588_Timer_IRQHandler
                0x00007cde        0x8 ./SDK/startup/startup_mk64f12.o
                0x00007cde                ENET_1588_Timer_IRQHandler
 .text.ENET_Transmit_IRQHandler
                0x00007ce6        0x8 ./SDK/startup/startup_mk64f12.o
                0x00007ce6                ENET_Transmit_IRQHandler
 .text.ENET_Receive_IRQHandler
                0x00007cee        0x8 ./SDK/startup/startup_mk64f12.o
                0x00007cee                ENET_Receive_IRQHandler
 .text.ENET_Error_IRQHandler
                0x00007cf6        0x8 ./SDK/startup/startup_mk64f12.o
                0x00007cf6                ENET_Error_IRQHandler
 .text.SystemInitHook
                0x00007cfe        0xe ./SDK/CMSIS/system_MK64F12.o
                0x00007cfe                SystemInitHook
 *(SORT_BY_ALIGNMENT(.rodata) SORT_BY_ALIGNMENT(.rodata.*) SORT_BY_ALIGNMENT(.constdata) SORT_BY_ALIGNMENT(.constdata.*))
 .rodata.OSCfg_IdleTaskStkBasePtr
                0x00007d0c        0x4 ./source/rtos/uCOSIII/src/uCOS-III/Source/os_cfg_app.o
                0x00007d0c                OSCfg_IdleTaskStkBasePtr
 .rodata.OSCfg_IdleTaskStkLimit
                0x00007d10        0x4 ./source/rtos/uCOSIII/src/uCOS-III/Source/os_cfg_app.o
                0x00007d10                OSCfg_IdleTaskStkLimit
 .rodata.OSCfg_IdleTaskStkSize
                0x00007d14        0x4 ./source/rtos/uCOSIII/src/uCOS-III/Source/os_cfg_app.o
                0x00007d14                OSCfg_IdleTaskStkSize
 .rodata.OSCfg_ISRStkBasePtr
                0x00007d18        0x4 ./source/rtos/uCOSIII/src/uCOS-III/Source/os_cfg_app.o
                0x00007d18                OSCfg_ISRStkBasePtr
 .rodata.OSCfg_ISRStkSize
                0x00007d1c        0x4 ./source/rtos/uCOSIII/src/uCOS-III/Source/os_cfg_app.o
                0x00007d1c                OSCfg_ISRStkSize
 .rodata.OSCfg_MsgPoolBasePtr
                0x00007d20        0x4 ./source/rtos/uCOSIII/src/uCOS-III/Source/os_cfg_app.o
                0x00007d20                OSCfg_MsgPoolBasePtr
 .rodata.OSCfg_StkSizeMin
                0x00007d24        0x4 ./source/rtos/uCOSIII/src/uCOS-III/Source/os_cfg_app.o
                0x00007d24                OSCfg_StkSizeMin
 .rodata.OSCfg_TickRate_Hz
                0x00007d28        0x4 ./source/rtos/uCOSIII/src/uCOS-III/Source/os_cfg_app.o
                0x00007d28                OSCfg_TickRate_Hz
 .rodata.OSCfg_TickTaskStkBasePtr
                0x00007d2c        0x4 ./source/rtos/uCOSIII/src/uCOS-III/Source/os_cfg_app.o
                0x00007d2c                OSCfg_TickTaskStkBasePtr
 .rodata.OSCfg_TickTaskStkLimit
                0x00007d30        0x4 ./source/rtos/uCOSIII/src/uCOS-III/Source/os_cfg_app.o
                0x00007d30                OSCfg_TickTaskStkLimit
 .rodata.OSCfg_TickTaskStkSize
                0x00007d34        0x4 ./source/rtos/uCOSIII/src/uCOS-III/Source/os_cfg_app.o
                0x00007d34                OSCfg_TickTaskStkSize
 .rodata.OSCfg_TmrTaskRate_Hz
                0x00007d38        0x4 ./source/rtos/uCOSIII/src/uCOS-III/Source/os_cfg_app.o
                0x00007d38                OSCfg_TmrTaskRate_Hz
 .rodata.OSCfg_TmrTaskStkBasePtr
                0x00007d3c        0x4 ./source/rtos/uCOSIII/src/uCOS-III/Source/os_cfg_app.o
                0x00007d3c                OSCfg_TmrTaskStkBasePtr
 .rodata.OSCfg_TmrTaskStkLimit
                0x00007d40        0x4 ./source/rtos/uCOSIII/src/uCOS-III/Source/os_cfg_app.o
                0x00007d40                OSCfg_TmrTaskStkLimit
 .rodata.OSCfg_TmrTaskStkSize
                0x00007d44        0x4 ./source/rtos/uCOSIII/src/uCOS-III/Source/os_cfg_app.o
                0x00007d44                OSCfg_TmrTaskStkSize
 .rodata        0x00007d48       0x2a ./source/rtos/uCOSIII/src/uCOS-III/Source/os_core.o
 *fill*         0x00007d72        0x2 ff
 .rodata.OSDbg_EndiannessTest
                0x00007d74        0x4 ./source/rtos/uCOSIII/src/uCOS-III/Source/os_dbg.o
                0x00007d74                OSDbg_EndiannessTest
 .rodata.OSDbg_FlagGrp
                0x00007d78       0x28 ./source/rtos/uCOSIII/src/uCOS-III/Source/os_dbg.o
                0x00007d78                OSDbg_FlagGrp
 .rodata.OSDbg_Mem
                0x00007da0       0x20 ./source/rtos/uCOSIII/src/uCOS-III/Source/os_dbg.o
                0x00007da0                OSDbg_Mem
 .rodata.OSDbg_Mutex
                0x00007dc0       0x30 ./source/rtos/uCOSIII/src/uCOS-III/Source/os_dbg.o
                0x00007dc0                OSDbg_Mutex
 .rodata.OSDbg_Q
                0x00007df0       0x30 ./source/rtos/uCOSIII/src/uCOS-III/Source/os_dbg.o
                0x00007df0                OSDbg_Q
 .rodata.OSDbg_Sem
                0x00007e20       0x28 ./source/rtos/uCOSIII/src/uCOS-III/Source/os_dbg.o
                0x00007e20                OSDbg_Sem
 .rodata.OSDbg_RdyListSize
                0x00007e48        0x4 ./source/rtos/uCOSIII/src/uCOS-III/Source/os_dbg.o
                0x00007e48                OSDbg_RdyListSize
 .rodata.OSDbg_Tmr
                0x00007e4c       0x30 ./source/rtos/uCOSIII/src/uCOS-III/Source/os_dbg.o
                0x00007e4c                OSDbg_Tmr
 .rodata.OSDbg_DataSize
                0x00007e7c        0x4 ./source/rtos/uCOSIII/src/uCOS-III/Source/os_dbg.o
                0x00007e7c                OSDbg_DataSize
 .rodata        0x00007e80        0xa ./source/rtos/uCOSIII/src/uCOS-III/Source/os_mutex.o
 *fill*         0x00007e8a        0x2 ff
 .rodata        0x00007e8c        0xa ./source/rtos/uCOSIII/src/uCOS-III/Source/os_sem.o
 *fill*         0x00007e96        0x2 ff
 .rodata        0x00007e98        0xa ./source/rtos/uCOSIII/src/uCOS-III/Source/os_task.o
 *fill*         0x00007ea2        0x2 ff
 .rodata        0x00007ea4       0x14 ./source/rtos/uCOSIII/src/uCOS-III/Source/os_tick.o
 .rodata        0x00007eb8       0x2d ./source/rtos/uCOSIII/src/uCOS-III/Source/os_tmr.o
 *fill*         0x00007ee5        0x3 ff
 .rodata.segment_pins
                0x00007ee8       0x20 ./source/display.o
                0x00007ee8                segment_pins
 .rodata.char2disp
                0x00007f08       0x25 ./source/display.o
                0x00007f08                char2disp
 *fill*         0x00007f2d        0x3 ff
 .rodata        0x00007f30       0x4d ./source/fsm.o
 *fill*         0x00007f7d        0x3 ff
 .rodata.sendData
                0x00007f80        0x6 ./source/gateway.o
 *fill*         0x00007f86        0x2 ff
 .rodata.sendDataOk
                0x00007f88        0x6 ./source/gateway.o
 *fill*         0x00007f8e        0x2 ff
 .rodata.sendDataFail
                0x00007f90        0x6 ./source/gateway.o
 *fill*         0x00007f96        0x2 ff
 .rodata.keepAliveOk
                0x00007f98        0x6 ./source/gateway.o
 *fill*         0x00007f9e        0x2 ff
 .rodata        0x00007fa0       0x37 ./source/main.o
 *fill*         0x00007fd7        0x1 ff
 .rodata.UARTs  0x00007fd8       0x18 ./source/uart.o
 .rodata.UARTs_IRQ
                0x00007ff0        0x6 ./source/uart.o
 *fill*         0x00007ff6        0x2 ff
 .rodata.PORTs  0x00007ff8       0x14 ./source/uart.o
 .rodata.PINs   0x0000800c        0xa ./source/uart.o
 *fill*         0x00008016        0x2 ff
 .rodata.TxQueues
                0x00008018        0x8 ./source/uart.o
 .rodata.RxQueues
                0x00008020        0x8 ./source/uart.o
 .rodata.OSCfg_MsgPoolSize
                0x00008028        0x2 ./source/rtos/uCOSIII/src/uCOS-III/Source/os_cfg_app.o
                0x00008028                OSCfg_MsgPoolSize
 .rodata.OSDbg_FlagGrpSize
                0x0000802a        0x2 ./source/rtos/uCOSIII/src/uCOS-III/Source/os_dbg.o
                0x0000802a                OSDbg_FlagGrpSize
 .rodata.OSDbg_FlagWidth
                0x0000802c        0x2 ./source/rtos/uCOSIII/src/uCOS-III/Source/os_dbg.o
                0x0000802c                OSDbg_FlagWidth
 .rodata.OSDbg_MemSize
                0x0000802e        0x2 ./source/rtos/uCOSIII/src/uCOS-III/Source/os_dbg.o
                0x0000802e                OSDbg_MemSize
 .rodata.OSDbg_MsgSize
                0x00008030        0x2 ./source/rtos/uCOSIII/src/uCOS-III/Source/os_dbg.o
                0x00008030                OSDbg_MsgSize
 .rodata.OSDbg_MsgPoolSize
                0x00008032        0x2 ./source/rtos/uCOSIII/src/uCOS-III/Source/os_dbg.o
                0x00008032                OSDbg_MsgPoolSize
 .rodata.OSDbg_MsgQSize
                0x00008034        0x2 ./source/rtos/uCOSIII/src/uCOS-III/Source/os_dbg.o
                0x00008034                OSDbg_MsgQSize
 .rodata.OSDbg_MutexSize
                0x00008036        0x2 ./source/rtos/uCOSIII/src/uCOS-III/Source/os_dbg.o
                0x00008036                OSDbg_MutexSize
 .rodata.OSDbg_PendDataSize
                0x00008038        0x2 ./source/rtos/uCOSIII/src/uCOS-III/Source/os_dbg.o
                0x00008038                OSDbg_PendDataSize
 .rodata.OSDbg_PendListSize
                0x0000803a        0x2 ./source/rtos/uCOSIII/src/uCOS-III/Source/os_dbg.o
                0x0000803a                OSDbg_PendListSize
 .rodata.OSDbg_PendObjSize
                0x0000803c        0x2 ./source/rtos/uCOSIII/src/uCOS-III/Source/os_dbg.o
                0x0000803c                OSDbg_PendObjSize
 .rodata.OSDbg_PrioMax
                0x0000803e        0x2 ./source/rtos/uCOSIII/src/uCOS-III/Source/os_dbg.o
                0x0000803e                OSDbg_PrioMax
 .rodata.OSDbg_PrioTblSize
                0x00008040        0x2 ./source/rtos/uCOSIII/src/uCOS-III/Source/os_dbg.o
                0x00008040                OSDbg_PrioTblSize
 .rodata.OSDbg_PtrSize
                0x00008042        0x2 ./source/rtos/uCOSIII/src/uCOS-III/Source/os_dbg.o
                0x00008042                OSDbg_PtrSize
 .rodata.OSDbg_QSize
                0x00008044        0x2 ./source/rtos/uCOSIII/src/uCOS-III/Source/os_dbg.o
                0x00008044                OSDbg_QSize
 .rodata.OSDbg_SemSize
                0x00008046        0x2 ./source/rtos/uCOSIII/src/uCOS-III/Source/os_dbg.o
                0x00008046                OSDbg_SemSize
 .rodata.OSDbg_RdyList
                0x00008048        0x2 ./source/rtos/uCOSIII/src/uCOS-III/Source/os_dbg.o
                0x00008048                OSDbg_RdyList
 .rodata.OSDbg_TaskRegTblSize
                0x0000804a        0x2 ./source/rtos/uCOSIII/src/uCOS-III/Source/os_dbg.o
                0x0000804a                OSDbg_TaskRegTblSize
 .rodata.OSDbg_TCBSize
                0x0000804c        0x2 ./source/rtos/uCOSIII/src/uCOS-III/Source/os_dbg.o
                0x0000804c                OSDbg_TCBSize
 .rodata.OSDbg_TickListSize
                0x0000804e        0x2 ./source/rtos/uCOSIII/src/uCOS-III/Source/os_dbg.o
                0x0000804e                OSDbg_TickListSize
 .rodata.OSDbg_TmrSize
                0x00008050        0x2 ./source/rtos/uCOSIII/src/uCOS-III/Source/os_dbg.o
                0x00008050                OSDbg_TmrSize
 .rodata.OSDbg_VersionNbr
                0x00008052        0x2 ./source/rtos/uCOSIII/src/uCOS-III/Source/os_dbg.o
                0x00008052                OSDbg_VersionNbr
 .rodata.OSCfg_TickTaskPrio
                0x00008054        0x1 ./source/rtos/uCOSIII/src/uCOS-III/Source/os_cfg_app.o
                0x00008054                OSCfg_TickTaskPrio
 .rodata.OSCfg_TmrTaskPrio
                0x00008055        0x1 ./source/rtos/uCOSIII/src/uCOS-III/Source/os_cfg_app.o
                0x00008055                OSCfg_TmrTaskPrio
 .rodata.OSDbg_DbgEn
                0x00008056        0x1 ./source/rtos/uCOSIII/src/uCOS-III/Source/os_dbg.o
                0x00008056                OSDbg_DbgEn
 .rodata.OSDbg_ArgChkEn
                0x00008057        0x1 ./source/rtos/uCOSIII/src/uCOS-III/Source/os_dbg.o
                0x00008057                OSDbg_ArgChkEn
 .rodata.OSDbg_AppHooksEn
                0x00008058        0x1 ./source/rtos/uCOSIII/src/uCOS-III/Source/os_dbg.o
                0x00008058                OSDbg_AppHooksEn
 .rodata.OSDbg_CalledFromISRChkEn
                0x00008059        0x1 ./source/rtos/uCOSIII/src/uCOS-III/Source/os_dbg.o
                0x00008059                OSDbg_CalledFromISRChkEn
 .rodata.OSDbg_FlagEn
                0x0000805a        0x1 ./source/rtos/uCOSIII/src/uCOS-III/Source/os_dbg.o
                0x0000805a                OSDbg_FlagEn
 .rodata.OSDbg_FlagDelEn
                0x0000805b        0x1 ./source/rtos/uCOSIII/src/uCOS-III/Source/os_dbg.o
                0x0000805b                OSDbg_FlagDelEn
 .rodata.OSDbg_FlagModeClrEn
                0x0000805c        0x1 ./source/rtos/uCOSIII/src/uCOS-III/Source/os_dbg.o
                0x0000805c                OSDbg_FlagModeClrEn
 .rodata.OSDbg_FlagPendAbortEn
                0x0000805d        0x1 ./source/rtos/uCOSIII/src/uCOS-III/Source/os_dbg.o
                0x0000805d                OSDbg_FlagPendAbortEn
 .rodata.OSDbg_ISRPostDeferredEn
                0x0000805e        0x1 ./source/rtos/uCOSIII/src/uCOS-III/Source/os_dbg.o
                0x0000805e                OSDbg_ISRPostDeferredEn
 .rodata.OSDbg_MemEn
                0x0000805f        0x1 ./source/rtos/uCOSIII/src/uCOS-III/Source/os_dbg.o
                0x0000805f                OSDbg_MemEn
 .rodata.OSDbg_MsgEn
                0x00008060        0x1 ./source/rtos/uCOSIII/src/uCOS-III/Source/os_dbg.o
                0x00008060                OSDbg_MsgEn
 .rodata.OSDbg_MutexEn
                0x00008061        0x1 ./source/rtos/uCOSIII/src/uCOS-III/Source/os_dbg.o
                0x00008061                OSDbg_MutexEn
 .rodata.OSDbg_MutexDelEn
                0x00008062        0x1 ./source/rtos/uCOSIII/src/uCOS-III/Source/os_dbg.o
                0x00008062                OSDbg_MutexDelEn
 .rodata.OSDbg_MutexPendAbortEn
                0x00008063        0x1 ./source/rtos/uCOSIII/src/uCOS-III/Source/os_dbg.o
                0x00008063                OSDbg_MutexPendAbortEn
 .rodata.OSDbg_ObjTypeChkEn
                0x00008064        0x1 ./source/rtos/uCOSIII/src/uCOS-III/Source/os_dbg.o
                0x00008064                OSDbg_ObjTypeChkEn
 .rodata.OSDbg_PendMultiEn
                0x00008065        0x1 ./source/rtos/uCOSIII/src/uCOS-III/Source/os_dbg.o
                0x00008065                OSDbg_PendMultiEn
 .rodata.OSDbg_QEn
                0x00008066        0x1 ./source/rtos/uCOSIII/src/uCOS-III/Source/os_dbg.o
                0x00008066                OSDbg_QEn
 .rodata.OSDbg_QDelEn
                0x00008067        0x1 ./source/rtos/uCOSIII/src/uCOS-III/Source/os_dbg.o
                0x00008067                OSDbg_QDelEn
 .rodata.OSDbg_QFlushEn
                0x00008068        0x1 ./source/rtos/uCOSIII/src/uCOS-III/Source/os_dbg.o
                0x00008068                OSDbg_QFlushEn
 .rodata.OSDbg_QPendAbortEn
                0x00008069        0x1 ./source/rtos/uCOSIII/src/uCOS-III/Source/os_dbg.o
                0x00008069                OSDbg_QPendAbortEn
 .rodata.OSDbg_SchedRoundRobinEn
                0x0000806a        0x1 ./source/rtos/uCOSIII/src/uCOS-III/Source/os_dbg.o
                0x0000806a                OSDbg_SchedRoundRobinEn
 .rodata.OSDbg_SemEn
                0x0000806b        0x1 ./source/rtos/uCOSIII/src/uCOS-III/Source/os_dbg.o
                0x0000806b                OSDbg_SemEn
 .rodata.OSDbg_SemDelEn
                0x0000806c        0x1 ./source/rtos/uCOSIII/src/uCOS-III/Source/os_dbg.o
                0x0000806c                OSDbg_SemDelEn
 .rodata.OSDbg_SemPendAbortEn
                0x0000806d        0x1 ./source/rtos/uCOSIII/src/uCOS-III/Source/os_dbg.o
                0x0000806d                OSDbg_SemPendAbortEn
 .rodata.OSDbg_SemSetEn
                0x0000806e        0x1 ./source/rtos/uCOSIII/src/uCOS-III/Source/os_dbg.o
                0x0000806e                OSDbg_SemSetEn
 .rodata.OSDbg_StkWidth
                0x0000806f        0x1 ./source/rtos/uCOSIII/src/uCOS-III/Source/os_dbg.o
                0x0000806f                OSDbg_StkWidth
 .rodata.OSDbg_StatTaskEn
                0x00008070        0x1 ./source/rtos/uCOSIII/src/uCOS-III/Source/os_dbg.o
                0x00008070                OSDbg_StatTaskEn
 .rodata.OSDbg_StatTaskStkChkEn
                0x00008071        0x1 ./source/rtos/uCOSIII/src/uCOS-III/Source/os_dbg.o
                0x00008071                OSDbg_StatTaskStkChkEn
 .rodata.OSDbg_TaskChangePrioEn
                0x00008072        0x1 ./source/rtos/uCOSIII/src/uCOS-III/Source/os_dbg.o
                0x00008072                OSDbg_TaskChangePrioEn
 .rodata.OSDbg_TaskDelEn
                0x00008073        0x1 ./source/rtos/uCOSIII/src/uCOS-III/Source/os_dbg.o
                0x00008073                OSDbg_TaskDelEn
 .rodata.OSDbg_TaskQEn
                0x00008074        0x1 ./source/rtos/uCOSIII/src/uCOS-III/Source/os_dbg.o
                0x00008074                OSDbg_TaskQEn
 .rodata.OSDbg_TaskQPendAbortEn
                0x00008075        0x1 ./source/rtos/uCOSIII/src/uCOS-III/Source/os_dbg.o
                0x00008075                OSDbg_TaskQPendAbortEn
 .rodata.OSDbg_TaskProfileEn
                0x00008076        0x1 ./source/rtos/uCOSIII/src/uCOS-III/Source/os_dbg.o
                0x00008076                OSDbg_TaskProfileEn
 .rodata.OSDbg_TaskSemPendAbortEn
                0x00008077        0x1 ./source/rtos/uCOSIII/src/uCOS-III/Source/os_dbg.o
                0x00008077                OSDbg_TaskSemPendAbortEn
 .rodata.OSDbg_TaskSuspendEn
                0x00008078        0x1 ./source/rtos/uCOSIII/src/uCOS-III/Source/os_dbg.o
                0x00008078                OSDbg_TaskSuspendEn
 .rodata.OSDbg_TimeDlyHMSMEn
                0x00008079        0x1 ./source/rtos/uCOSIII/src/uCOS-III/Source/os_dbg.o
                0x00008079                OSDbg_TimeDlyHMSMEn
 .rodata.OSDbg_TimeDlyResumeEn
                0x0000807a        0x1 ./source/rtos/uCOSIII/src/uCOS-III/Source/os_dbg.o
                0x0000807a                OSDbg_TimeDlyResumeEn
 .rodata.OSDbg_TmrEn
                0x0000807b        0x1 ./source/rtos/uCOSIII/src/uCOS-III/Source/os_dbg.o
                0x0000807b                OSDbg_TmrEn
 .rodata.OSDbg_TmrDelEn
                0x0000807c        0x1 ./source/rtos/uCOSIII/src/uCOS-III/Source/os_dbg.o
                0x0000807c                OSDbg_TmrDelEn
                0x00008080                . = ALIGN (0x8)
 *fill*         0x0000807d        0x3 ff

.glue_7         0x00008080        0x0
 .glue_7        0x00008080        0x0 linker stubs

.glue_7t        0x00008080        0x0
 .glue_7t       0x00008080        0x0 linker stubs

.vfp11_veneer   0x00008080        0x0
 .vfp11_veneer  0x00008080        0x0 linker stubs

.v4_bx          0x00008080        0x0
 .v4_bx         0x00008080        0x0 linker stubs

.iplt           0x00008080        0x0
 .iplt          0x00008080        0x0 ./source/rtos/uCOSIII/src/uCOS-III/Source/os_cfg_app.o

.rel.dyn        0x00008080        0x0
 .rel.iplt      0x00008080        0x0 ./source/rtos/uCOSIII/src/uCOS-III/Source/os_cfg_app.o

.ARM.extab
 *(SORT_BY_ALIGNMENT(.ARM.extab*) SORT_BY_ALIGNMENT(.gnu.linkonce.armextab.*))
                0x00008080                __exidx_start = .

.ARM.exidx
 *(SORT_BY_ALIGNMENT(.ARM.exidx*) SORT_BY_ALIGNMENT(.gnu.linkonce.armexidx.*))
                0x00008080                __exidx_end = .
                0x00008080                _etext = .

.m_usb_data
 *(SORT_BY_ALIGNMENT(m_usb_bdt))

.data_RAM2      0x1fff0000        0x0 load address 0x00008080
 FILL mask 0xff
                [!provide]                PROVIDE (__start_data_RAM2, .)
 *(SORT_BY_ALIGNMENT(.ramfunc.$RAM2))
 *(SORT_BY_ALIGNMENT(.ramfunc.$SRAM_LOWER))
 *(SORT_BY_ALIGNMENT(.data.$RAM2*))
 *(SORT_BY_ALIGNMENT(.data.$SRAM_LOWER*))
                0x1fff0000                . = ALIGN (0x8)
                [!provide]                PROVIDE (__end_data_RAM2, .)

.data_RAM3      0x14000000        0x0 load address 0x00008080
 FILL mask 0xff
                [!provide]                PROVIDE (__start_data_RAM3, .)
 *(SORT_BY_ALIGNMENT(.ramfunc.$RAM3))
 *(SORT_BY_ALIGNMENT(.ramfunc.$FLEX_RAM))
 *(SORT_BY_ALIGNMENT(.data.$RAM3*))
 *(SORT_BY_ALIGNMENT(.data.$FLEX_RAM*))
                0x14000000                . = ALIGN (0x8)
                [!provide]                PROVIDE (__end_data_RAM3, .)

.uninit_RESERVED
                0x20000000        0x0
 *(SORT_BY_ALIGNMENT(.bss.$RESERVED*))
                0x20000000                . = ALIGN (0x4)
                0x20000000                _end_uninit_RESERVED = .

.data           0x20000000     0x2250 load address 0x00008080
 FILL mask 0xff
                0x20000000                _data = .
 *(SORT_BY_ALIGNMENT(vtable))
 *(SORT_BY_ALIGNMENT(.ramfunc*))
 *(SORT_BY_ALIGNMENT(.data*))
 .data.config   0x20000000        0xc ./source/App.o
                0x20000000                config
 .data.virtual_display
                0x2000000c        0xa ./source/display.o
 *fill*         0x20000016        0x2 ff
 .data.brightness
                0x20000018        0x4 ./source/fsm.o
 .data.USUARIOS
                0x2000001c      0x2c0 ./source/fsm.o
 .data.RX0queue
                0x200002dc      0x7d8 ./source/uart.o
 .data.TX0queue
                0x20000ab4      0x7d8 ./source/uart.o
 .data.RX1queue
                0x2000128c      0x7d8 ./source/uart.o
 .data.TX1queue
                0x20001a64      0x7d8 ./source/uart.o
 .data.SystemCoreClock
                0x2000223c        0x4 ./SDK/CMSIS/system_MK64F12.o
                0x2000223c                SystemCoreClock
 .data.prevState.7506
                0x20002240        0x1 ./source/Encoder.o
 .data.brightness_timer
                0x20002241        0x1 ./source/display.o
 .data.state    0x20002242        0x1 ./source/fsm.o
 .data.queryEnabled
                0x20002243        0x1 ./source/gateway.o
 .data.led.5067
                0x20002244        0x1 ./source/led.o
 .data.id.6985  0x20002245        0x1 ./source/uart.o
 .data.id.6999  0x20002246        0x1 ./source/uart.o
 .data.id.7013  0x20002247        0x1 ./source/uart.o
 .data.id.7027  0x20002248        0x1 ./source/uart.o
                0x20002250                . = ALIGN (0x8)
 *fill*         0x20002249        0x7 ff
                0x20002250                _edata = .

.igot.plt       0x20002250        0x0 load address 0x0000a2d0
 .igot.plt      0x20002250        0x0 ./source/rtos/uCOSIII/src/uCOS-III/Source/os_cfg_app.o

.bss_RAM2       0x1fff0000        0x0
                [!provide]                PROVIDE (__start_bss_RAM2, .)
 *(SORT_BY_ALIGNMENT(.bss.$RAM2*))
 *(SORT_BY_ALIGNMENT(.bss.$SRAM_LOWER*))
                0x1fff0000                . = ALIGN ((. != 0x0)?0x8:0x1)
                [!provide]                PROVIDE (__end_bss_RAM2, .)

.bss_RAM3       0x14000000        0x0
                [!provide]                PROVIDE (__start_bss_RAM3, .)
 *(SORT_BY_ALIGNMENT(.bss.$RAM3*))
 *(SORT_BY_ALIGNMENT(.bss.$FLEX_RAM*))
                0x14000000                . = ALIGN ((. != 0x0)?0x8:0x1)
                [!provide]                PROVIDE (__end_bss_RAM3, .)

.bss            0x20002250     0x28a8
                0x20002250                _bss = .
 *(SORT_BY_ALIGNMENT(.bss*))
 .bss.OSCfg_IdleTaskStk
                0x20002250      0x200 ./source/rtos/uCOSIII/src/uCOS-III/Source/os_cfg_app.o
                0x20002250                OSCfg_IdleTaskStk
 .bss.OSCfg_ISRStk
                0x20002450      0x200 ./source/rtos/uCOSIII/src/uCOS-III/Source/os_cfg_app.o
                0x20002450                OSCfg_ISRStk
 .bss.OSCfg_MsgPool
                0x20002650      0x640 ./source/rtos/uCOSIII/src/uCOS-III/Source/os_cfg_app.o
                0x20002650                OSCfg_MsgPool
 .bss.OSCfg_TickTaskStk
                0x20002c90      0x200 ./source/rtos/uCOSIII/src/uCOS-III/Source/os_cfg_app.o
                0x20002c90                OSCfg_TickTaskStk
 .bss.OSCfg_TmrTaskStk
                0x20002e90      0x200 ./source/rtos/uCOSIII/src/uCOS-III/Source/os_cfg_app.o
                0x20002e90                OSCfg_TmrTaskStk
 .bss.OSPrioTbl
                0x20003090        0x4 ./source/rtos/uCOSIII/src/uCOS-III/Source/os_prio.o
                0x20003090                OSPrioTbl
 .bss.OS_AppTaskCreateHookPtr
                0x20003094        0x4 ./source/rtos/uCOSIII/src/uCOS-III/Source/os_var.o
                0x20003094                OS_AppTaskCreateHookPtr
 .bss.OS_AppTaskDelHookPtr
                0x20003098        0x4 ./source/rtos/uCOSIII/src/uCOS-III/Source/os_var.o
                0x20003098                OS_AppTaskDelHookPtr
 .bss.OS_AppTaskReturnHookPtr
                0x2000309c        0x4 ./source/rtos/uCOSIII/src/uCOS-III/Source/os_var.o
                0x2000309c                OS_AppTaskReturnHookPtr
 .bss.OS_AppIdleTaskHookPtr
                0x200030a0        0x4 ./source/rtos/uCOSIII/src/uCOS-III/Source/os_var.o
                0x200030a0                OS_AppIdleTaskHookPtr
 .bss.OS_AppStatTaskHookPtr
                0x200030a4        0x4 ./source/rtos/uCOSIII/src/uCOS-III/Source/os_var.o
                0x200030a4                OS_AppStatTaskHookPtr
 .bss.OS_AppTaskSwHookPtr
                0x200030a8        0x4 ./source/rtos/uCOSIII/src/uCOS-III/Source/os_var.o
                0x200030a8                OS_AppTaskSwHookPtr
 .bss.OS_AppTimeTickHookPtr
                0x200030ac        0x4 ./source/rtos/uCOSIII/src/uCOS-III/Source/os_var.o
                0x200030ac                OS_AppTimeTickHookPtr
 .bss.OSIdleTaskCtr
                0x200030b0        0x4 ./source/rtos/uCOSIII/src/uCOS-III/Source/os_var.o
                0x200030b0                OSIdleTaskCtr
 .bss.OSIdleTaskTCB
                0x200030b4       0xc4 ./source/rtos/uCOSIII/src/uCOS-III/Source/os_var.o
                0x200030b4                OSIdleTaskTCB
 .bss.OSFlagDbgListPtr
                0x20003178        0x4 ./source/rtos/uCOSIII/src/uCOS-III/Source/os_var.o
                0x20003178                OSFlagDbgListPtr
 .bss.OSMemDbgListPtr
                0x2000317c        0x4 ./source/rtos/uCOSIII/src/uCOS-III/Source/os_var.o
                0x2000317c                OSMemDbgListPtr
 .bss.OSMsgPool
                0x20003180        0xc ./source/rtos/uCOSIII/src/uCOS-III/Source/os_var.o
                0x20003180                OSMsgPool
 .bss.OSMutexDbgListPtr
                0x2000318c        0x4 ./source/rtos/uCOSIII/src/uCOS-III/Source/os_var.o
                0x2000318c                OSMutexDbgListPtr
 .bss.OSQDbgListPtr
                0x20003190        0x4 ./source/rtos/uCOSIII/src/uCOS-III/Source/os_var.o
                0x20003190                OSQDbgListPtr
 .bss.OSRdyList
                0x20003194      0x180 ./source/rtos/uCOSIII/src/uCOS-III/Source/os_var.o
                0x20003194                OSRdyList
 .bss.OSSchedRoundRobinDfltTimeQuanta
                0x20003314        0x4 ./source/rtos/uCOSIII/src/uCOS-III/Source/os_var.o
                0x20003314                OSSchedRoundRobinDfltTimeQuanta
 .bss.OSSemDbgListPtr
                0x20003318        0x4 ./source/rtos/uCOSIII/src/uCOS-III/Source/os_var.o
                0x20003318                OSSemDbgListPtr
 .bss.OSTaskCtxSwCtr
                0x2000331c        0x4 ./source/rtos/uCOSIII/src/uCOS-III/Source/os_var.o
                0x2000331c                OSTaskCtxSwCtr
 .bss.OSTaskDbgListPtr
                0x20003320        0x4 ./source/rtos/uCOSIII/src/uCOS-III/Source/os_var.o
                0x20003320                OSTaskDbgListPtr
 .bss.OSTickCtr
                0x20003324        0x4 ./source/rtos/uCOSIII/src/uCOS-III/Source/os_var.o
                0x20003324                OSTickCtr
 .bss.OSTickTaskTCB
                0x20003328       0xc4 ./source/rtos/uCOSIII/src/uCOS-III/Source/os_var.o
                0x20003328                OSTickTaskTCB
 .bss.OSTickTaskTimeMax
                0x200033ec        0x4 ./source/rtos/uCOSIII/src/uCOS-III/Source/os_var.o
                0x200033ec                OSTickTaskTimeMax
 .bss.OSTickListDly
                0x200033f0        0x8 ./source/rtos/uCOSIII/src/uCOS-III/Source/os_var.o
                0x200033f0                OSTickListDly
 .bss.OSTickListTimeout
                0x200033f8        0x8 ./source/rtos/uCOSIII/src/uCOS-III/Source/os_var.o
                0x200033f8                OSTickListTimeout
 .bss.OSTmrDbgListPtr
                0x20003400        0x4 ./source/rtos/uCOSIII/src/uCOS-III/Source/os_var.o
                0x20003400                OSTmrDbgListPtr
 .bss.OSTmrListPtr
                0x20003404        0x4 ./source/rtos/uCOSIII/src/uCOS-III/Source/os_var.o
                0x20003404                OSTmrListPtr
 .bss.OSTmrMutex
                0x20003408       0x30 ./source/rtos/uCOSIII/src/uCOS-III/Source/os_var.o
                0x20003408                OSTmrMutex
 .bss.OSTmrTaskTCB
                0x20003438       0xc4 ./source/rtos/uCOSIII/src/uCOS-III/Source/os_var.o
                0x20003438                OSTmrTaskTCB
 .bss.OSTmrTaskTimeMax
                0x200034fc        0x4 ./source/rtos/uCOSIII/src/uCOS-III/Source/os_var.o
                0x200034fc                OSTmrTaskTimeMax
 .bss.OSTmrTickCtr
                0x20003500        0x4 ./source/rtos/uCOSIII/src/uCOS-III/Source/os_var.o
                0x20003500                OSTmrTickCtr
 .bss.OSTmrUpdateCnt
                0x20003504        0x4 ./source/rtos/uCOSIII/src/uCOS-III/Source/os_var.o
                0x20003504                OSTmrUpdateCnt
 .bss.OSTmrUpdateCtr
                0x20003508        0x4 ./source/rtos/uCOSIII/src/uCOS-III/Source/os_var.o
                0x20003508                OSTmrUpdateCtr
 .bss.OSTCBCurPtr
                0x2000350c        0x4 ./source/rtos/uCOSIII/src/uCOS-III/Source/os_var.o
                0x2000350c                OSTCBCurPtr
 .bss.OSTCBHighRdyPtr
                0x20003510        0x4 ./source/rtos/uCOSIII/src/uCOS-III/Source/os_var.o
                0x20003510                OSTCBHighRdyPtr
 .bss.OS_CPU_ExceptStkBase
                0x20003514        0x4 ./source/rtos/uCOSIII/src/uCOS-III/Ports/ARM-Cortex-M4/Generic/GNU/os_cpu_c.o
                0x20003514                OS_CPU_ExceptStkBase
 .bss.CPU_TS_TmrFreq_Hz
                0x20003518        0x4 ./source/rtos/uCOSIII/src/uC-CPU/cpu_core.o
                0x20003518                CPU_TS_TmrFreq_Hz
 .bss.pressTimeCounter.7507
                0x2000351c        0x4 ./source/Encoder.o
 .bss.clickCounter.7508
                0x20003520        0x4 ./source/Encoder.o
 .bss.buffer    0x20003524       0x21 ./source/Queue.o
 *fill*         0x20003545        0x3 
 .bss.head      0x20003548        0x4 ./source/Queue.o
                0x20003548                head
 .bss.tail      0x2000354c        0x4 ./source/Queue.o
                0x2000354c                tail
 .bss.ID        0x20003550        0x4 ./source/cardReader.o
 .bss.buffer    0x20003554       0x26 ./source/cardReader.o
 *fill*         0x2000357a        0x2 
 .bss.cursor    0x2000357c        0x4 ./source/display.o
 .bss.window_offset
                0x20003580        0x4 ./source/display.o
 .bss.display_timer_id
                0x20003584        0x4 ./source/display.o
 .bss.slider_timer_id
                0x20003588        0x4 ./source/display.o
 .bss.brightness_timer_id
                0x2000358c        0x4 ./source/display.o
 .bss.cursor_timer_id
                0x20003590        0x4 ./source/display.o
 .bss.localCursor
                0x20003594        0x4 ./source/fsm.o
 .bss.preventRewrite
                0x20003598        0x4 ./source/fsm.o
 .bss.activeUserIndex
                0x2000359c        0x4 ./source/fsm.o
 .bss.ActiveUser
                0x200035a0       0x40 ./source/fsm.o
 .bss.wordItoA  0x200035e0        0xa ./source/fsm.o
 *fill*         0x200035ea        0x2 
 .bss.timerCardErrorId
                0x200035ec        0x4 ./source/fsm.o
 .bss.timerErrorId
                0x200035f0        0x4 ./source/fsm.o
 .bss.adminPassword
                0x200035f4       0x10 ./source/fsm.o
 .bss.buffer    0x20003604        0x6 ./source/gateway.o
 *fill*         0x2000360a        0x2 
 .bss.floorCount
                0x2000360c        0x6 ./source/gateway.o
 *fill*         0x20003612        0x2 
 .bss.mutexUART
                0x20003614       0x30 ./source/gateway.o
 .bss.PORTA_CBs
                0x20003644       0x80 ./source/gpio.o
 .bss.PORTB_CBs
                0x200036c4       0x80 ./source/gpio.o
 .bss.PORTC_CBs
                0x20003744       0x80 ./source/gpio.o
 .bss.PORTD_CBs
                0x200037c4       0x80 ./source/gpio.o
 .bss.PORTE_CBs
                0x20003844       0x80 ./source/gpio.o
 .bss.callback_timer_id
                0x200038c4        0x4 ./source/led.o
 .bss.timed_led_timer_id
                0x200038c8        0x4 ./source/led.o
 .bss.GatewayTCB
                0x200038cc       0xc4 ./source/main.o
 .bss.GatewayStk
                0x20003990      0x400 ./source/main.o
 .bss.AppTCB    0x20003d90       0xc4 ./source/main.o
 .bss.AppStk    0x20003e54      0x800 ./source/main.o
 .bss.MyMutex   0x20004654       0x30 ./source/threads.o
                0x20004654                MyMutex
 .bss.MySem     0x20004684       0x28 ./source/threads.o
                0x20004684                MySem
 .bss.FSMsem    0x200046ac       0x28 ./source/threads.o
                0x200046ac                FSMsem
 .bss.timer     0x200046d4      0x3e8 ./source/timer.o
 .bss.OSFlagQty
                0x20004abc        0x2 ./source/rtos/uCOSIII/src/uCOS-III/Source/os_var.o
                0x20004abc                OSFlagQty
 .bss.OSMemQty  0x20004abe        0x2 ./source/rtos/uCOSIII/src/uCOS-III/Source/os_var.o
                0x20004abe                OSMemQty
 .bss.OSMutexQty
                0x20004ac0        0x2 ./source/rtos/uCOSIII/src/uCOS-III/Source/os_var.o
                0x20004ac0                OSMutexQty
 .bss.OSQQty    0x20004ac2        0x2 ./source/rtos/uCOSIII/src/uCOS-III/Source/os_var.o
                0x20004ac2                OSQQty
 .bss.OSSemQty  0x20004ac4        0x2 ./source/rtos/uCOSIII/src/uCOS-III/Source/os_var.o
                0x20004ac4                OSSemQty
 .bss.OSTaskQty
                0x20004ac6        0x2 ./source/rtos/uCOSIII/src/uCOS-III/Source/os_var.o
                0x20004ac6                OSTaskQty
 .bss.OSTmrListEntries
                0x20004ac8        0x2 ./source/rtos/uCOSIII/src/uCOS-III/Source/os_var.o
                0x20004ac8                OSTmrListEntries
 .bss.err       0x20004aca        0x2 ./source/threads.o
                0x20004aca                err
 .bss.OSIntNestingCtr
                0x20004acc        0x1 ./source/rtos/uCOSIII/src/uCOS-III/Source/os_var.o
                0x20004acc                OSIntNestingCtr
 .bss.OSRunning
                0x20004acd        0x1 ./source/rtos/uCOSIII/src/uCOS-III/Source/os_var.o
                0x20004acd                OSRunning
 .bss.OSPrioCur
                0x20004ace        0x1 ./source/rtos/uCOSIII/src/uCOS-III/Source/os_var.o
                0x20004ace                OSPrioCur
 .bss.OSPrioHighRdy
                0x20004acf        0x1 ./source/rtos/uCOSIII/src/uCOS-III/Source/os_var.o
                0x20004acf                OSPrioHighRdy
 .bss.OSPrioSaved
                0x20004ad0        0x1 ./source/rtos/uCOSIII/src/uCOS-III/Source/os_var.o
                0x20004ad0                OSPrioSaved
 .bss.OSSchedLockNestingCtr
                0x20004ad1        0x1 ./source/rtos/uCOSIII/src/uCOS-III/Source/os_var.o
                0x20004ad1                OSSchedLockNestingCtr
 .bss.OSSchedRoundRobinEn
                0x20004ad2        0x1 ./source/rtos/uCOSIII/src/uCOS-III/Source/os_var.o
                0x20004ad2                OSSchedRoundRobinEn
 .bss.OSTaskRegNextAvailID
                0x20004ad3        0x1 ./source/rtos/uCOSIII/src/uCOS-III/Source/os_var.o
                0x20004ad3                OSTaskRegNextAvailID
 .bss.ignoreEnc
                0x20004ad4        0x1 ./source/Encoder.o
 .bss.encTimerID
                0x20004ad5        0x1 ./source/Encoder.o
 .bss.swSampPeriodTimerID
                0x20004ad6        0x1 ./source/Encoder.o
 .bss.state     0x20004ad7        0x1 ./source/cardReader.o
 .bss.bitCount  0x20004ad8        0x1 ./source/cardReader.o
 .bss.charCount
                0x20004ad9        0x1 ./source/cardReader.o
 .bss.currRead.6876
                0x20004ada        0x1 ./source/cardReader.o
 .bss.is_cursor_shown
                0x20004adb        0x1 ./source/display.o
 .bss.slider_enable
                0x20004adc        0x1 ./source/display.o
 .bss.display_num.5074
                0x20004add        0x1 ./source/display.o
 .bss.timerId   0x20004ade        0x1 ./source/gateway.o
 .bss.timeoutId
                0x20004adf        0x1 ./source/gateway.o
 .bss.led1_state
                0x20004ae0        0x1 ./source/led.o
 .bss.led2_state
                0x20004ae1        0x1 ./source/led.o
 .bss.led3_state
                0x20004ae2        0x1 ./source/led.o
 .bss.timed_led
                0x20004ae3        0x1 ./source/led.o
 .bss.state.5068
                0x20004ae4        0x1 ./source/led.o
 .bss.floor     0x20004ae5        0x1 ./source/threads.o
                0x20004ae5                floor
 .bss.status.6973
                0x20004ae6        0x1 ./source/uart.o
 .bss.state.6972
                0x20004ae7        0x1 ./source/uart.o
 .bss.id.6971   0x20004ae8        0x1 ./source/uart.o
 .bss.status.6987
                0x20004ae9        0x1 ./source/uart.o
 .bss.state.6986
                0x20004aea        0x1 ./source/uart.o
 .bss.status.7001
                0x20004aeb        0x1 ./source/uart.o
 .bss.state.7000
                0x20004aec        0x1 ./source/uart.o
 .bss.status.7015
                0x20004aed        0x1 ./source/uart.o
 .bss.state.7014
                0x20004aee        0x1 ./source/uart.o
 .bss.status.7029
                0x20004aef        0x1 ./source/uart.o
 .bss.state.7028
                0x20004af0        0x1 ./source/uart.o
 *(SORT_BY_ALIGNMENT(COMMON))
                0x20004af8                . = ALIGN (0x8)
 *fill*         0x20004af1        0x7 
                0x20004af8                _ebss = .
                [!provide]                PROVIDE (end, .)

.noinit_RAM2    0x1fff0000        0x0
 *(SORT_BY_ALIGNMENT(.noinit.$RAM2*))
 *(SORT_BY_ALIGNMENT(.noinit.$SRAM_LOWER*))
                0x1fff0000                . = ALIGN (0x8)

.noinit_RAM3    0x14000000        0x0
 *(SORT_BY_ALIGNMENT(.noinit.$RAM3*))
 *(SORT_BY_ALIGNMENT(.noinit.$FLEX_RAM*))
                0x14000000                . = ALIGN (0x8)

.noinit         0x20004af8        0x0
                0x20004af8                _noinit = .
 *(SORT_BY_ALIGNMENT(.noinit*))
                0x20004af8                . = ALIGN (0x8)
                0x20004af8                _end_noinit = .
                0x00001000                _HeapSize = 0x1000

.heap           0x20004af8     0x1000
                0x20004af8                _pvHeapStart = .
                0x20005af8                . = (. + _HeapSize)
 *fill*         0x20004af8     0x1000 
                0x20005af8                . = ALIGN (0x8)
                0x20005af8                _pvHeapLimit = .
                0x00001000                _StackSize = 0x1000

.heap2stackfill
                0x20005af8     0x1000
                0x20006af8                . = (. + _StackSize)
 *fill*         0x20005af8     0x1000 

.stack          0x2002f000        0x0
                0x2002f000                _vStackBase = .
                0x2002f000                . = ALIGN (0x8)
                0x20030000                _vStackTop = (. + _StackSize)
                0x00000000                _image_start = LOADADDR (.text)
                0x0000a2d0                _image_end = (LOADADDR (.data) + SIZEOF (.data))
                0x0000a2d0                _image_size = (_image_end - _image_start)
OUTPUT(TP4_RTOSProject.axf elf32-littlearm)

.debug_info     0x00000000    0x24ec8
 .debug_info    0x00000000     0x1298 ./source/rtos/uCOSIII/src/uCOS-III/Source/os_cfg_app.o
 .debug_info    0x00001298     0x1ef8 ./source/rtos/uCOSIII/src/uCOS-III/Source/os_core.o
 .debug_info    0x00003190     0x1596 ./source/rtos/uCOSIII/src/uCOS-III/Source/os_dbg.o
 .debug_info    0x00004726     0x19c6 ./source/rtos/uCOSIII/src/uCOS-III/Source/os_flag.o
 .debug_info    0x000060ec     0x16b1 ./source/rtos/uCOSIII/src/uCOS-III/Source/os_mem.o
 .debug_info    0x0000779d     0x16c6 ./source/rtos/uCOSIII/src/uCOS-III/Source/os_msg.o
 .debug_info    0x00008e63     0x1937 ./source/rtos/uCOSIII/src/uCOS-III/Source/os_mutex.o
 .debug_info    0x0000a79a     0x1162 ./source/rtos/uCOSIII/src/uCOS-III/Source/os_prio.o
 .debug_info    0x0000b8fc     0x1991 ./source/rtos/uCOSIII/src/uCOS-III/Source/os_q.o
 .debug_info    0x0000d28d     0x1962 ./source/rtos/uCOSIII/src/uCOS-III/Source/os_sem.o
 .debug_info    0x0000ebef     0x1ef9 ./source/rtos/uCOSIII/src/uCOS-III/Source/os_task.o
 .debug_info    0x00010ae8     0x17bb ./source/rtos/uCOSIII/src/uCOS-III/Source/os_tick.o
 .debug_info    0x000122a3     0x16f6 ./source/rtos/uCOSIII/src/uCOS-III/Source/os_time.o
 .debug_info    0x00013999     0x192c ./source/rtos/uCOSIII/src/uCOS-III/Source/os_tmr.o
 .debug_info    0x000152c5     0x1185 ./source/rtos/uCOSIII/src/uCOS-III/Source/os_var.o
 .debug_info    0x0001644a       0x26 ./source/rtos/uCOSIII/src/uCOS-III/Ports/ARM-Cortex-M4/Generic/GNU/os_cpu_a.o
 .debug_info    0x00016470     0x123e ./source/rtos/uCOSIII/src/uCOS-III/Ports/ARM-Cortex-M4/Generic/GNU/os_cpu_c.o
 .debug_info    0x000176ae       0x26 ./source/rtos/uCOSIII/src/uC-CPU/ARM-Cortex-M4/GNU/cpu_a.o
 .debug_info    0x000176d4      0x415 ./source/rtos/uCOSIII/src/uC-CPU/cpu_core.o
 .debug_info    0x00017ae9      0x17e ./source/rtos/uCOSIII/BSP/cpu_bsp.o
 .debug_info    0x00017c67      0x15f ./source/App.o
 .debug_info    0x00017dc6      0xa6d ./source/Encoder.o
 .debug_info    0x00018833     0x1e52 ./source/Queue.o
 .debug_info    0x0001a685      0xaf7 ./source/Queue2.o
 .debug_info    0x0001b17c      0x526 ./source/cardReader.o
 .debug_info    0x0001b6a2      0x451 ./source/display.o
 .debug_info    0x0001baf3     0x1abc ./source/fsm.o
 .debug_info    0x0001d5af     0x1756 ./source/gateway.o
 .debug_info    0x0001ed05      0x87f ./source/gpio.o
 .debug_info    0x0001f584      0x2e7 ./source/led.o
 .debug_info    0x0001f86b     0x15e2 ./source/main.o
 .debug_info    0x00020e4d     0x154c ./source/threads.o
 .debug_info    0x00022399      0x3bb ./source/timer.o
 .debug_info    0x00022754     0x1283 ./source/uart.o
 .debug_info    0x000239d7      0x60a ./SDK/startup/hardware.o
 .debug_info    0x00023fe1       0x3b ./SDK/startup/semihost_hardfault.o
 .debug_info    0x0002401c      0x8b0 ./SDK/startup/startup_mk64f12.o
 .debug_info    0x000248cc      0x5fc ./SDK/CMSIS/system_MK64F12.o

.debug_abbrev   0x00000000     0x3c77
 .debug_abbrev  0x00000000      0x11a ./source/rtos/uCOSIII/src/uCOS-III/Source/os_cfg_app.o
 .debug_abbrev  0x0000011a      0x1e3 ./source/rtos/uCOSIII/src/uCOS-III/Source/os_core.o
 .debug_abbrev  0x000002fd      0x11e ./source/rtos/uCOSIII/src/uCOS-III/Source/os_dbg.o
 .debug_abbrev  0x0000041b      0x205 ./source/rtos/uCOSIII/src/uCOS-III/Source/os_flag.o
 .debug_abbrev  0x00000620      0x1be ./source/rtos/uCOSIII/src/uCOS-III/Source/os_mem.o
 .debug_abbrev  0x000007de      0x1cb ./source/rtos/uCOSIII/src/uCOS-III/Source/os_msg.o
 .debug_abbrev  0x000009a9      0x205 ./source/rtos/uCOSIII/src/uCOS-III/Source/os_mutex.o
 .debug_abbrev  0x00000bae      0x16c ./source/rtos/uCOSIII/src/uCOS-III/Source/os_prio.o
 .debug_abbrev  0x00000d1a      0x205 ./source/rtos/uCOSIII/src/uCOS-III/Source/os_q.o