Archive member included to satisfy reference by file (symbol)

d:/programas/mcuxpressoide_10.2.0_759/ide/tools/bin/../lib/gcc/arm-none-eabi/7.2.1/thumb/v7e-m/fpv4-sp/hard\libcr_eabihelpers.a(division_64.o)
                              ./source/rtos/uCOSIII/BSP/cpu_bsp.o (__aeabi_uldivmod)
d:/programas/mcuxpressoide_10.2.0_759/ide/tools/bin/../lib/gcc/arm-none-eabi/7.2.1/thumb/v7e-m/fpv4-sp/hard\libcr_eabihelpers.a(division_idiv0.o)
                              d:/programas/mcuxpressoide_10.2.0_759/ide/tools/bin/../lib/gcc/arm-none-eabi/7.2.1/thumb/v7e-m/fpv4-sp/hard\libcr_eabihelpers.a(division_64.o) (__aeabi_idiv0)

Discarded input sections

 .group         0x00000000        0xc ./source/rtos/uCOSIII/src/uCOS-III/Source/os_cfg_app.o
 .group         0x00000000        0xc ./source/rtos/uCOSIII/src/uCOS-III/Source/os_cfg_app.o
 .group         0x00000000        0xc ./source/rtos/uCOSIII/src/uCOS-III/Source/os_cfg_app.o
 .group         0x00000000        0xc ./source/rtos/uCOSIII/src/uCOS-III/Source/os_cfg_app.o
 .group         0x00000000        0xc ./source/rtos/uCOSIII/src/uCOS-III/Source/os_cfg_app.o
 .group         0x00000000        0xc ./source/rtos/uCOSIII/src/uCOS-III/Source/os_cfg_app.o
 .group         0x00000000        0xc ./source/rtos/uCOSIII/src/uCOS-III/Source/os_cfg_app.o
 .group         0x00000000        0xc ./source/rtos/uCOSIII/src/uCOS-III/Source/os_cfg_app.o
 .group         0x00000000        0xc ./source/rtos/uCOSIII/src/uCOS-III/Source/os_cfg_app.o
 .group         0x00000000        0xc ./source/rtos/uCOSIII/src/uCOS-III/Source/os_cfg_app.o
 .group         0x00000000        0xc ./source/rtos/uCOSIII/src/uCOS-III/Source/os_cfg_app.o
 .group         0x00000000        0xc ./source/rtos/uCOSIII/src/uCOS-III/Source/os_cfg_app.o
 .text          0x00000000        0x0 ./source/rtos/uCOSIII/src/uCOS-III/Source/os_cfg_app.o
 .data          0x00000000        0x0 ./source/rtos/uCOSIII/src/uCOS-III/Source/os_cfg_app.o
 .bss           0x00000000        0x0 ./source/rtos/uCOSIII/src/uCOS-III/Source/os_cfg_app.o
 .rodata.OSCfg_IdleTaskStkSizeRAM
                0x00000000        0x4 ./source/rtos/uCOSIII/src/uCOS-III/Source/os_cfg_app.o
 .rodata.OSCfg_IntQBasePtr
                0x00000000        0x4 ./source/rtos/uCOSIII/src/uCOS-III/Source/os_cfg_app.o
 .rodata.OSCfg_IntQSize
                0x00000000        0x2 ./source/rtos/uCOSIII/src/uCOS-III/Source/os_cfg_app.o
 .rodata.OSCfg_IntQSizeRAM
                0x00000000        0x4 ./source/rtos/uCOSIII/src/uCOS-III/Source/os_cfg_app.o
 .rodata.OSCfg_IntQTaskStkBasePtr
                0x00000000        0x4 ./source/rtos/uCOSIII/src/uCOS-III/Source/os_cfg_app.o
 .rodata.OSCfg_IntQTaskStkLimit
                0x00000000        0x4 ./source/rtos/uCOSIII/src/uCOS-III/Source/os_cfg_app.o
 .rodata.OSCfg_IntQTaskStkSize
                0x00000000        0x4 ./source/rtos/uCOSIII/src/uCOS-III/Source/os_cfg_app.o
 .rodata.OSCfg_IntQTaskStkSizeRAM
                0x00000000        0x4 ./source/rtos/uCOSIII/src/uCOS-III/Source/os_cfg_app.o
 .rodata.OSCfg_ISRStkSizeRAM
                0x00000000        0x4 ./source/rtos/uCOSIII/src/uCOS-III/Source/os_cfg_app.o
 .rodata.OSCfg_MsgPoolSizeRAM
                0x00000000        0x4 ./source/rtos/uCOSIII/src/uCOS-III/Source/os_cfg_app.o
 .rodata.OSCfg_StatTaskStkSizeRAM
                0x00000000        0x4 ./source/rtos/uCOSIII/src/uCOS-III/Source/os_cfg_app.o
 .rodata.OSCfg_TickTaskStkSizeRAM
                0x00000000        0x4 ./source/rtos/uCOSIII/src/uCOS-III/Source/os_cfg_app.o
 .rodata.OSCfg_TmrTaskStkSizeRAM
                0x00000000        0x4 ./source/rtos/uCOSIII/src/uCOS-III/Source/os_cfg_app.o
 .rodata.OSCfg_DataSizeRAM
                0x00000000        0x4 ./source/rtos/uCOSIII/src/uCOS-III/Source/os_cfg_app.o
 .group         0x00000000        0xc ./source/rtos/uCOSIII/src/uCOS-III/Source/os_core.o
 .group         0x00000000        0xc ./source/rtos/uCOSIII/src/uCOS-III/Source/os_core.o
 .group         0x00000000        0xc ./source/rtos/uCOSIII/src/uCOS-III/Source/os_core.o
 .group         0x00000000        0xc ./source/rtos/uCOSIII/src/uCOS-III/Source/os_core.o
 .group         0x00000000        0xc ./source/rtos/uCOSIII/src/uCOS-III/Source/os_core.o
 .group         0x00000000        0xc ./source/rtos/uCOSIII/src/uCOS-III/Source/os_core.o
 .group         0x00000000        0xc ./source/rtos/uCOSIII/src/uCOS-III/Source/os_core.o
 .group         0x00000000        0xc ./source/rtos/uCOSIII/src/uCOS-III/Source/os_core.o
 .group         0x00000000        0xc ./source/rtos/uCOSIII/src/uCOS-III/Source/os_core.o
 .group         0x00000000        0xc ./source/rtos/uCOSIII/src/uCOS-III/Source/os_core.o
 .group         0x00000000        0xc ./source/rtos/uCOSIII/src/uCOS-III/Source/os_core.o
 .text          0x00000000        0x0 ./source/rtos/uCOSIII/src/uCOS-III/Source/os_core.o
 .data          0x00000000        0x0 ./source/rtos/uCOSIII/src/uCOS-III/Source/os_core.o
[...]
Memory Configuration

Name             Origin             Length             Attributes
PROGRAM_FLASH    0x00000000         0x00100000         xr
SRAM_UPPER       0x20000000         0x00030000         xrw
SRAM_LOWER       0x1fff0000         0x00010000         xrw
FLEX_RAM         0x14000000         0x00001000         xrw
*default*        0x00000000         0xffffffff

Linker script and memory map

LOAD ./source/rtos/uCOSIII/src/uCOS-III/Source/os_cfg_app.o
LOAD ./source/rtos/uCOSIII/src/uCOS-III/Source/os_core.o
LOAD ./source/rtos/uCOSIII/src/uCOS-III/Source/os_dbg.o
LOAD ./source/rtos/uCOSIII/src/uCOS-III/Source/os_flag.o
LOAD ./source/rtos/uCOSIII/src/uCOS-III/Source/os_int.o
LOAD ./source/rtos/uCOSIII/src/uCOS-III/Source/os_mem.o
LOAD ./source/rtos/uCOSIII/src/uCOS-III/Source/os_msg.o
LOAD ./source/rtos/uCOSIII/src/uCOS-III/Source/os_mutex.o
LOAD ./source/rtos/uCOSIII/src/uCOS-III/Source/os_pend_multi.o
LOAD ./source/rtos/uCOSIII/src/uCOS-III/Source/os_prio.o
LOAD ./source/rtos/uCOSIII/src/uCOS-III/Source/os_q.o
LOAD ./source/rtos/uCOSIII/src/uCOS-III/Source/os_sem.o
LOAD ./source/rtos/uCOSIII/src/uCOS-III/Source/os_stat.o
LOAD ./source/rtos/uCOSIII/src/uCOS-III/Source/os_task.o
LOAD ./source/rtos/uCOSIII/src/uCOS-III/Source/os_tick.o
LOAD ./source/rtos/uCOSIII/src/uCOS-III/Source/os_time.o
LOAD ./source/rtos/uCOSIII/src/uCOS-III/Source/os_tmr.o
LOAD ./source/rtos/uCOSIII/src/uCOS-III/Source/os_var.o
LOAD ./source/rtos/uCOSIII/src/uCOS-III/Ports/ARM-Cortex-M4/Generic/GNU/os_cpu_a.o
LOAD ./source/rtos/uCOSIII/src/uCOS-III/Ports/ARM-Cortex-M4/Generic/GNU/os_cpu_c.o
LOAD ./source/rtos/uCOSIII/src/uC-CPU/ARM-Cortex-M4/GNU/cpu_a.o
LOAD ./source/rtos/uCOSIII/src/uC-CPU/ARM-Cortex-M4/GNU/cpu_c.o
LOAD ./source/rtos/uCOSIII/src/uC-CPU/cpu_core.o
LOAD ./source/rtos/uCOSIII/BSP/cpu_bsp.o
LOAD ./source/main.o
LOAD ./SDK/startup/hardware.o
LOAD ./SDK/startup/semihost_hardfault.o
LOAD ./SDK/startup/startup_mk64f12.o
LOAD ./SDK/CMSIS/system_MK64F12.o
START GROUP
LOAD d:/programas/mcuxpressoide_10.2.0_759/ide/tools/bin/../lib/gcc/arm-none-eabi/7.2.1/../../../../arm-none-eabi/lib/thumb/v7e-m/fpv4-sp/hard\libcr_c.a
LOAD d:/programas/mcuxpressoide_10.2.0_759/ide/tools/bin/../lib/gcc/arm-none-eabi/7.2.1/thumb/v7e-m/fpv4-sp/hard\libcr_eabihelpers.a
END GROUP
                0x00000000                __base_PROGRAM_FLASH = 0x0
                0x00000000                __base_Flash = 0x0
                0x00100000                __top_PROGRAM_FLASH = 0x100000
                0x00100000                __top_Flash = 0x100000
                0x20000000                __base_SRAM_UPPER = 0x20000000
                0x20000000                __base_RAM = 0x20000000
                0x20030000                __top_SRAM_UPPER = 0x20030000
                0x20030000                __top_RAM = 0x20030000
                0x1fff0000                __base_SRAM_LOWER = 0x1fff0000
                0x1fff0000                __base_RAM2 = 0x1fff0000
                0x20000000                __top_SRAM_LOWER = 0x20000000
                0x20000000                __top_RAM2 = 0x20000000
                0x14000000                __base_FLEX_RAM = 0x14000000
                0x14000000                __base_RAM3 = 0x14000000
                0x14001000                __top_FLEX_RAM = 0x14001000
                0x14001000                __top_RAM3 = 0x14001000

.text           0x00000000     0x5570
 FILL mask 0xff
                0x00000000                __vectors_start__ = ABSOLUTE (.)
 *(SORT_BY_ALIGNMENT(.isr_vector))
 .isr_vector    0x00000000      0x198 ./SDK/startup/startup_mk64f12.o
                0x00000000                g_pfnVectors
                0x00000000                __Vectors
                0x00000198                . = ALIGN (0x4)
                0x00000198                __section_table_start = .
                0x00000198                __data_section_table = .
                0x00000198        0x4 LONG 0x5570 LOADADDR (.data)
                0x0000019c        0x4 LONG 0x20000000 ADDR (.data)
                0x000001a0        0x4 LONG 0x8 SIZEOF (.data)
                0x000001a4        0x4 LONG 0x5570 LOADADDR (.data_RAM2)
                0x000001a8        0x4 LONG 0x1fff0000 ADDR (.data_RAM2)
                0x000001ac        0x4 LONG 0x0 SIZEOF (.data_RAM2)
                0x000001b0        0x4 LONG 0x5570 LOADADDR (.data_RAM3)
                0x000001b4        0x4 LONG 0x14000000 ADDR (.data_RAM3)
                0x000001b8        0x4 LONG 0x0 SIZEOF (.data_RAM3)
                0x000001bc                __data_section_table_end = .
                0x000001bc                __bss_section_table = .
                0x000001bc        0x4 LONG 0x20000008 ADDR (.bss)
                0x000001c0        0x4 LONG 0x2370 SIZEOF (.bss)
                0x000001c4        0x4 LONG 0x1fff0000 ADDR (.bss_RAM2)
                0x000001c8        0x4 LONG 0x0 SIZEOF (.bss_RAM2)
                0x000001cc        0x4 LONG 0x14000000 ADDR (.bss_RAM3)
                0x000001d0        0x4 LONG 0x0 SIZEOF (.bss_RAM3)
                0x000001d4                __bss_section_table_end = .
                0x000001d4                __section_table_end = .
 *(SORT_BY_ALIGNMENT(.after_vectors*))
 .after_vectors.reset
                0x000001d4       0x4c ./SDK/startup/startup_mk64f12.o
                0x000001d4                ResetISR
 .after_vectors.init_data
                0x00000220       0x1e ./SDK/startup/startup_mk64f12.o
                0x00000220                data_init
 .after_vectors.init_bss
                0x0000023e       0x12 ./SDK/startup/startup_mk64f12.o
                0x0000023e                bss_init
 .after_vectors
                0x00000250       0x14 ./SDK/startup/startup_mk64f12.o
                0x00000250                NMI_Handler
                0x00000254                MemManage_Handler
                0x00000256                BusFault_Handler
                0x00000258                UsageFault_Handler
                0x0000025a                SVC_Handler
                0x0000025c                DebugMon_Handler
                0x00000262                DMA_Error_DriverIRQHandler
                0x00000262                LPTMR0_DriverIRQHandler
                0x00000262                FTM1_DriverIRQHandler
                0x00000262                FTM2_DriverIRQHandler
                0x00000262                PIT2_DriverIRQHandler
                0x00000262                SDHC_DriverIRQHandler
                0x00000262                I2S0_Tx_DriverIRQHandler
                0x00000262                RTC_Seconds_DriverIRQHandler
                0x00000262                DMA6_DriverIRQHandler
                0x00000262                LLWU_DriverIRQHandler
                0x00000262                MCM_DriverIRQHandler
                0x00000262                MCG_DriverIRQHandler
                0x00000262                ENET_1588_Timer_DriverIRQHandler
                0x00000262                I2C2_DriverIRQHandler
                0x00000262                DAC1_DriverIRQHandler
                0x00000262                SPI1_DriverIRQHandler
                0x00000262                CMP1_DriverIRQHandler
                0x00000262                UART5_RX_TX_DriverIRQHandler
                0x00000262                FTM0_DriverIRQHandler
                0x00000262                IntDefaultHandler
                0x00000262                USB0_DriverIRQHandler
                0x00000262                UART5_ERR_DriverIRQHandler
                0x00000262                PORTC_DriverIRQHandler
                0x00000262                DMA11_DriverIRQHandler
                0x00000262                DAC0_DriverIRQHandler
                0x00000262                DMA10_DriverIRQHandler
                0x00000262                CMP2_DriverIRQHandler
                0x00000262                UART2_ERR_DriverIRQHandler
                0x00000262                SPI2_DriverIRQHandler
                0x00000262                LVD_LVW_DriverIRQHandler
                0x00000262                PIT0_DriverIRQHandler
                0x00000262                RNG_DriverIRQHandler
                0x00000262                DMA5_DriverIRQHandler
                0x00000262                DMA12_DriverIRQHandler
                0x00000262                UART2_RX_TX_DriverIRQHandler
                0x00000262                USBDCD_DriverIRQHandler
                0x00000262                UART3_ERR_DriverIRQHandler
                0x00000262                DMA3_DriverIRQHandler
                0x00000262                DMA8_DriverIRQHandler
                0x00000262                DMA9_DriverIRQHandler
                0x00000262                UART0_ERR_DriverIRQHandler
                0x00000262                CMT_DriverIRQHandler
                0x00000262                Reserved71_DriverIRQHandler
                0x00000262                ADC1_DriverIRQHandler
                0x00000262                PORTA_DriverIRQHandler
                0x00000262                DMA14_DriverIRQHandler
                0x00000262                PIT3_DriverIRQHandler
                0x00000262                PIT1_DriverIRQHandler
                0x00000262                WDOG_EWM_DriverIRQHandler
                0x00000262                PDB0_DriverIRQHandler
                0x00000262                RTC_DriverIRQHandler
                0x00000262                I2S0_Rx_DriverIRQHandler
                0x00000262                Read_Collision_DriverIRQHandler
                0x00000262                SWI_DriverIRQHandler
                0x00000262                UART4_RX_TX_DriverIRQHandler
                0x00000262                UART4_ERR_DriverIRQHandler
                0x00000262                PORTB_DriverIRQHandler
                0x00000262                UART0_LON_DriverIRQHandler
                0x00000262                DMA0_DriverIRQHandler
                0x00000262                DMA1_DriverIRQHandler
                0x00000262                I2C1_DriverIRQHandler
                0x00000262                UART3_RX_TX_DriverIRQHandler
                0x00000262                ENET_Receive_DriverIRQHandler
                0x00000262                DMA13_DriverIRQHandler
                0x00000262                ENET_Error_DriverIRQHandler
                0x00000262                DMA15_DriverIRQHandler
                0x00000262                UART0_RX_TX_DriverIRQHandler
                0x00000262                SPI0_DriverIRQHandler
                0x00000262                ADC0_DriverIRQHandler
                0x00000262                CMP0_DriverIRQHandler
                0x00000262                CAN0_DriverIRQHandler
                0x00000262                FTM3_DriverIRQHandler
                0x00000262                DMA4_DriverIRQHandler
                0x00000262                UART1_ERR_DriverIRQHandler
                0x00000262                DMA2_DriverIRQHandler
                0x00000262                ENET_Transmit_DriverIRQHandler
                0x00000262                PORTD_DriverIRQHandler
                0x00000262                PORTE_DriverIRQHandler
                0x00000262                FTFE_DriverIRQHandler
                0x00000262                I2C0_DriverIRQHandler
                0x00000262                DMA7_DriverIRQHandler
                0x00000262                UART1_RX_TX_DriverIRQHandler
                0x00000400                . = 0x400
 *fill*         0x00000264      0x19c ff
                0x00000400                PROVIDE (__FLASH_CONFIG_START__, .)
 *(SORT_BY_ALIGNMENT(.FlashConfig))
 .FlashConfig   0x00000400       0x10 ./SDK/startup/startup_mk64f12.o
                0x00000400                Flash_Config
                0x00000410                PROVIDE (__FLASH_CONFIG_END__, .)
                0x00000001                ASSERT (! ((__FLASH_CONFIG_START__ == __FLASH_CONFIG_END__)), Linker Flash Config Support Enabled, but no .FlashConfig section provided within application)
 *(SORT_BY_ALIGNMENT(.text*))
 .text.OSInit   0x00000410      0x1ec ./source/rtos/uCOSIII/src/uCOS-III/Source/os_core.o
                0x00000410                OSInit
 .text.OSIntEnter
                0x000005fc       0x38 ./source/rtos/uCOSIII/src/uCOS-III/Source/os_core.o
                0x000005fc                OSIntEnter
 .text.OSIntExit
                0x00000634       0xd8 ./source/rtos/uCOSIII/src/uCOS-III/Source/os_core.o
                0x00000634                OSIntExit
 .text.OSSched  0x0000070c       0xa8 ./source/rtos/uCOSIII/src/uCOS-III/Source/os_core.o
                0x0000070c                OSSched
 .text.OSSchedLock
                0x000007b4       0x74 ./source/rtos/uCOSIII/src/uCOS-III/Source/os_core.o
                0x000007b4                OSSchedLock
 .text.OSSchedUnlock
                0x00000828       0x90 ./source/rtos/uCOSIII/src/uCOS-III/Source/os_core.o
                0x00000828                OSSchedUnlock
 .text.OSSchedRoundRobinCfg
                0x000008b8       0x70 ./source/rtos/uCOSIII/src/uCOS-III/Source/os_core.o
                0x000008b8                OSSchedRoundRobinCfg
 .text.OSStart  0x00000928       0x80 ./source/rtos/uCOSIII/src/uCOS-III/Source/os_core.o
                0x00000928                OSStart
 .text.OS_IdleTask
                0x000009a8       0x3c ./source/rtos/uCOSIII/src/uCOS-III/Source/os_core.o
                0x000009a8                OS_IdleTask
 .text.OS_IdleTaskInit
                0x000009e4       0x68 ./source/rtos/uCOSIII/src/uCOS-III/Source/os_core.o
                0x000009e4                OS_IdleTaskInit
 .text.OS_Pend  0x00000a4c       0x84 ./source/rtos/uCOSIII/src/uCOS-III/Source/os_core.o
                0x00000a4c                OS_Pend
 .text.OS_PendDbgNameAdd
                0x00000ad0       0x7c ./source/rtos/uCOSIII/src/uCOS-III/Source/os_core.o
                0x00000ad0                OS_PendDbgNameAdd
 .text.OS_PendDbgNameRemove
                0x00000b4c       0x4c ./source/rtos/uCOSIII/src/uCOS-III/Source/os_core.o
                0x00000b4c                OS_PendDbgNameRemove
 .text.OS_Post  0x00000b98      0x130 ./source/rtos/uCOSIII/src/uCOS-III/Source/os_core.o
                0x00000b98                OS_Post
 .text.OS_RdyListInit
                0x00000cc8       0x4c ./source/rtos/uCOSIII/src/uCOS-III/Source/os_core.o
                0x00000cc8                OS_RdyListInit
 .text.OS_RdyListInsert
                0x00000d14       0x3c ./source/rtos/uCOSIII/src/uCOS-III/Source/os_core.o
                0x00000d14                OS_RdyListInsert
 .text.OS_RdyListInsertHead
                0x00000d50       0x84 ./source/rtos/uCOSIII/src/uCOS-III/Source/os_core.o
                0x00000d50                OS_RdyListInsertHead
 .text.OS_RdyListInsertTail
                0x00000dd4       0x80 ./source/rtos/uCOSIII/src/uCOS-III/Source/os_core.o
                0x00000dd4                OS_RdyListInsertTail
 .text.OS_RdyListRemove
                0x00000e54       0xb0 ./source/rtos/uCOSIII/src/uCOS-III/Source/os_core.o
                0x00000e54                OS_RdyListRemove
 .text.OS_SchedRoundRobin
                0x00000f04       0xc8 ./source/rtos/uCOSIII/src/uCOS-III/Source/os_core.o
                0x00000f04                OS_SchedRoundRobin
 .text.OS_TaskBlock
                0x00000fcc       0x40 ./source/rtos/uCOSIII/src/uCOS-III/Source/os_core.o
                0x00000fcc                OS_TaskBlock
 .text.OS_Dbg_Init
                0x0000100c      0x23c ./source/rtos/uCOSIII/src/uCOS-III/Source/os_dbg.o
                0x0000100c                OS_Dbg_Init
 .text.OS_FlagInit
                0x00001248       0x30 ./source/rtos/uCOSIII/src/uCOS-III/Source/os_flag.o
                0x00001248                OS_FlagInit
 .text.OS_MemInit
                0x00001278       0x30 ./source/rtos/uCOSIII/src/uCOS-III/Source/os_mem.o
                0x00001278                OS_MemInit
 .text.OS_MsgPoolInit
                0x000012a8       0xd0 ./source/rtos/uCOSIII/src/uCOS-III/Source/os_msg.o
                0x000012a8                OS_MsgPoolInit
 .text.OS_MsgQFreeAll
                0x00001378       0x78 ./source/rtos/uCOSIII/src/uCOS-III/Source/os_msg.o
                0x00001378                OS_MsgQFreeAll
 .text.OSMutexCreate
                0x000013f0       0x98 ./source/rtos/uCOSIII/src/uCOS-III/Source/os_mutex.o
                0x000013f0                OSMutexCreate
 .text.OSMutexPend
                0x00001488      0x210 ./source/rtos/uCOSIII/src/uCOS-III/Source/os_mutex.o
                0x00001488                OSMutexPend
 .text.OSMutexPost
                0x00001698      0x1b8 ./source/rtos/uCOSIII/src/uCOS-III/Source/os_mutex.o
                0x00001698                OSMutexPost
 .text.OS_MutexDbgListAdd
                0x00001850       0x50 ./source/rtos/uCOSIII/src/uCOS-III/Source/os_mutex.o
                0x00001850                OS_MutexDbgListAdd
 .text.OS_MutexInit
                0x000018a0       0x30 ./source/rtos/uCOSIII/src/uCOS-III/Source/os_mutex.o
                0x000018a0                OS_MutexInit
 .text.OS_PrioInit
                0x000018d0       0x34 ./source/rtos/uCOSIII/src/uCOS-III/Source/os_prio.o
                0x000018d0                OS_PrioInit
 .text.OS_PrioGetHighest
                0x00001904       0x48 ./source/rtos/uCOSIII/src/uCOS-III/Source/os_prio.o
                0x00001904                OS_PrioGetHighest
 .text.OS_PrioInsert
                0x0000194c       0x50 ./source/rtos/uCOSIII/src/uCOS-III/Source/os_prio.o
                0x0000194c                OS_PrioInsert
 .text.OS_PrioRemove
                0x0000199c       0x50 ./source/rtos/uCOSIII/src/uCOS-III/Source/os_prio.o
                0x0000199c                OS_PrioRemove
 .text.OS_QInit
                0x000019ec       0x30 ./source/rtos/uCOSIII/src/uCOS-III/Source/os_q.o
                0x000019ec                OS_QInit
 .text.OSSemCreate
                0x00001a1c       0x8c ./source/rtos/uCOSIII/src/uCOS-III/Source/os_sem.o
                0x00001a1c                OSSemCreate
 .text.OSSemPost
                0x00001aa8       0x84 ./source/rtos/uCOSIII/src/uCOS-III/Source/os_sem.o
                0x00001aa8                OSSemPost
 .text.OS_SemDbgListAdd
                0x00001b2c       0x50 ./source/rtos/uCOSIII/src/uCOS-III/Source/os_sem.o
                0x00001b2c                OS_SemDbgListAdd
 .text.OS_SemInit
                0x00001b7c       0x30 ./source/rtos/uCOSIII/src/uCOS-III/Source/os_sem.o
                0x00001b7c                OS_SemInit
 .text.OSStatReset
                0x00001bac      0x118 ./source/rtos/uCOSIII/src/uCOS-III/Source/os_stat.o
                0x00001bac                OSStatReset
 .text.OSStatTaskCPUUsageInit
                0x00001cc4       0xfc ./source/rtos/uCOSIII/src/uCOS-III/Source/os_stat.o
                0x00001cc4                OSStatTaskCPUUsageInit
 .text.OS_StatTask
                0x00001dc0      0x310 ./source/rtos/uCOSIII/src/uCOS-III/Source/os_stat.o
                0x00001dc0                OS_StatTask
 .text.OS_StatTaskInit
                0x000020d0       0xd4 ./source/rtos/uCOSIII/src/uCOS-III/Source/os_stat.o
                0x000020d0                OS_StatTaskInit
 .text.OSTaskCreate
                0x000021a4      0x21c ./source/rtos/uCOSIII/src/uCOS-III/Source/os_task.o
                0x000021a4                OSTaskCreate
 .text.OSTaskDel
                0x000023c0      0x1dc ./source/rtos/uCOSIII/src/uCOS-III/Source/os_task.o
                0x000023c0                OSTaskDel
 .text.OSTaskResume
                0x0000259c       0x64 ./source/rtos/uCOSIII/src/uCOS-III/Source/os_task.o
                0x0000259c                OSTaskResume
 .text.OSTaskSemPend
                0x00002600      0x1d4 ./source/rtos/uCOSIII/src/uCOS-III/Source/os_task.o
                0x00002600                OSTaskSemPend
 .text.OSTaskStkChk
                0x000027d4       0xf0 ./source/rtos/uCOSIII/src/uCOS-III/Source/os_task.o
                0x000027d4                OSTaskStkChk
 .text.OSTaskSuspend
                0x000028c4       0x44 ./source/rtos/uCOSIII/src/uCOS-III/Source/os_task.o
                0x000028c4                OSTaskSuspend
 .text.OS_TaskDbgListAdd
                0x00002908       0x4c ./source/rtos/uCOSIII/src/uCOS-III/Source/os_task.o
                0x00002908                OS_TaskDbgListAdd
 .text.OS_TaskDbgListRemove
                0x00002954       0x84 ./source/rtos/uCOSIII/src/uCOS-III/Source/os_task.o
                0x00002954                OS_TaskDbgListRemove
 .text.OS_TaskInit
                0x000029d8       0x38 ./source/rtos/uCOSIII/src/uCOS-III/Source/os_task.o
                0x000029d8                OS_TaskInit
 .text.OS_TaskInitTCB
                0x00002a10      0x1a0 ./source/rtos/uCOSIII/src/uCOS-III/Source/os_task.o
                0x00002a10                OS_TaskInitTCB
 .text.OS_TaskResume
                0x00002bb0      0x124 ./source/rtos/uCOSIII/src/uCOS-III/Source/os_task.o
                0x00002bb0                OS_TaskResume
 .text.OS_TaskReturn
                0x00002cd4       0x28 ./source/rtos/uCOSIII/src/uCOS-III/Source/os_task.o
                0x00002cd4                OS_TaskReturn
 .text.OS_TaskSemPost
                0x00002cfc      0x128 ./source/rtos/uCOSIII/src/uCOS-III/Source/os_task.o
                0x00002cfc                OS_TaskSemPost
 .text.OS_TaskSuspend
                0x00002e24      0x118 ./source/rtos/uCOSIII/src/uCOS-III/Source/os_task.o
                0x00002e24                OS_TaskSuspend
 .text.OS_TaskChangePrio
                0x00002f3c      0x148 ./source/rtos/uCOSIII/src/uCOS-III/Source/os_task.o
                0x00002f3c                OS_TaskChangePrio
 .text.OS_TickTask
                0x00003084       0x64 ./source/rtos/uCOSIII/src/uCOS-III/Source/os_tick.o
                0x00003084                OS_TickTask
 .text.OS_TickTaskInit
                0x000030e8       0xd8 ./source/rtos/uCOSIII/src/uCOS-III/Source/os_tick.o
                0x000030e8                OS_TickTaskInit
 .text.OS_TickListInsertDly
                0x000031c0      0x108 ./source/rtos/uCOSIII/src/uCOS-III/Source/os_tick.o
                0x000031c0                OS_TickListInsertDly
 .text.OS_TickListUpdateDly
                0x000032c8       0xbc ./source/rtos/uCOSIII/src/uCOS-III/Source/os_tick.o
 .text.OS_TickListUpdateTimeout
                0x00003384      0x158 ./source/rtos/uCOSIII/src/uCOS-III/Source/os_tick.o
 .text.OSTimeDly
                0x000034dc       0xd8 ./source/rtos/uCOSIII/src/uCOS-III/Source/os_time.o
                0x000034dc                OSTimeDly
 .text.OSTimeDlyHMSM
                0x000035b4      0x1f0 ./source/rtos/uCOSIII/src/uCOS-III/Source/os_time.o
                0x000035b4                OSTimeDlyHMSM
 .text.OSTimeTick
                0x000037a4       0x74 ./source/rtos/uCOSIII/src/uCOS-III/Source/os_time.o
                0x000037a4                OSTimeTick
 .text.OS_TmrInit
                0x00003818      0x138 ./source/rtos/uCOSIII/src/uCOS-III/Source/os_tmr.o
                0x00003818                OS_TmrInit
 .text.OS_TmrUnlink
                0x00003950       0x80 ./source/rtos/uCOSIII/src/uCOS-III/Source/os_tmr.o
                0x00003950                OS_TmrUnlink
 .text.OS_TmrTask
                0x000039d0       0xc8 ./source/rtos/uCOSIII/src/uCOS-III/Source/os_tmr.o
                0x000039d0                OS_TmrTask
 .text.OS_TmrLock
                0x00003a98       0x24 ./source/rtos/uCOSIII/src/uCOS-III/Source/os_tmr.o
 .text.OS_TmrUnlock
                0x00003abc       0x20 ./source/rtos/uCOSIII/src/uCOS-III/Source/os_tmr.o
 .text          0x00003adc       0xfc ./source/rtos/uCOSIII/src/uCOS-III/Ports/ARM-Cortex-M4/Generic/GNU/os_cpu_a.o
                0x00003adc                OS_CPU_FP_Reg_Push
                0x00003aee                OS_CPU_FP_Reg_Pop
                0x00003afa                OSStartHighRdy
                0x00003b6a                OSCtxSw
                0x00003b74                OSIntCtxSw
                0x00003b7e                PendSV_Handler
 .text.OSIdleTaskHook
                0x00003bd8       0x1c ./source/rtos/uCOSIII/src/uCOS-III/Ports/ARM-Cortex-M4/Generic/GNU/os_cpu_c.o
                0x00003bd8                OSIdleTaskHook
 .text.OSInitHook
                0x00003bf4       0x38 ./source/rtos/uCOSIII/src/uCOS-III/Ports/ARM-Cortex-M4/Generic/GNU/os_cpu_c.o
                0x00003bf4                OSInitHook
 .text.OSStatTaskHook
                0x00003c2c       0x1c ./source/rtos/uCOSIII/src/uCOS-III/Ports/ARM-Cortex-M4/Generic/GNU/os_cpu_c.o
                0x00003c2c                OSStatTaskHook
 .text.OSTaskCreateHook
                0x00003c48       0x24 ./source/rtos/uCOSIII/src/uCOS-III/Ports/ARM-Cortex-M4/Generic/GNU/os_cpu_c.o
                0x00003c48                OSTaskCreateHook
 .text.OSTaskDelHook
                0x00003c6c       0x24 ./source/rtos/uCOSIII/src/uCOS-III/Ports/ARM-Cortex-M4/Generic/GNU/os_cpu_c.o
                0x00003c6c                OSTaskDelHook
 .text.OSTaskReturnHook
                0x00003c90       0x24 ./source/rtos/uCOSIII/src/uCOS-III/Ports/ARM-Cortex-M4/Generic/GNU/os_cpu_c.o
                0x00003c90                OSTaskReturnHook
 .text.OSTaskStkInit
                0x00003cb4      0x34c ./source/rtos/uCOSIII/src/uCOS-III/Ports/ARM-Cortex-M4/Generic/GNU/os_cpu_c.o
                0x00003cb4                OSTaskStkInit
 .text.OSTaskSwHook
                0x00004000       0xa8 ./source/rtos/uCOSIII/src/uCOS-III/Ports/ARM-Cortex-M4/Generic/GNU/os_cpu_c.o
                0x00004000                OSTaskSwHook
 .text.OSTimeTickHook
                0x000040a8       0x1c ./source/rtos/uCOSIII/src/uCOS-III/Ports/ARM-Cortex-M4/Generic/GNU/os_cpu_c.o
                0x000040a8                OSTimeTickHook
 .text.OS_CPU_SysTickInit
                0x000040c4       0x54 ./source/rtos/uCOSIII/src/uCOS-III/Ports/ARM-Cortex-M4/Generic/GNU/os_cpu_c.o
                0x000040c4                OS_CPU_SysTickInit
 .text          0x00004118       0x34 ./source/rtos/uCOSIII/src/uC-CPU/ARM-Cortex-M4/GNU/cpu_a.o
                0x00004118                CPU_IntDis
                0x0000411c                CPU_IntEn
                0x00004120                CPU_SR_Save
                0x00004128                CPU_SR_Restore
                0x0000412e                CPU_WaitForInt
                0x00004132                CPU_WaitForExcept
                0x00004136                CPU_CntLeadZeros
                0x0000413c                CPU_CntTrailZeros
                0x00004146                CPU_RevBits
 .text.CPU_TS_TmrFreqSet
                0x0000414c       0x20 ./source/rtos/uCOSIII/src/uC-CPU/cpu_core.o
                0x0000414c                CPU_TS_TmrFreqSet
 .text.CPU_TS_Init
                0x0000416c       0x18 ./source/rtos/uCOSIII/src/uC-CPU/cpu_core.o
 .text.CPU_TS_TmrInit
                0x00004184       0x48 ./source/rtos/uCOSIII/BSP/cpu_bsp.o
                0x00004184                CPU_TS_TmrInit
 .text.Task2    0x000041cc       0x44 ./source/main.o
 .text.TaskStart
                0x00004210       0x9c ./source/main.o
 .text.main     0x000042ac      0x110 ./source/main.o
                0x000042ac                main
 .text.hw_Init  0x000043bc      0x108 ./SDK/startup/hardware.o
                0x000043bc                hw_Init
 .text.SystemInit
                0x000044c4       0x3c ./SDK/CMSIS/system_MK64F12.o
                0x000044c4                SystemInit
 .text.SystemCoreClockUpdate
                0x00004500      0x278 ./SDK/CMSIS/system_MK64F12.o
                0x00004500                SystemCoreClockUpdate
 .text.OSCfg_Init
                0x00004778        0xe ./source/rtos/uCOSIII/src/uCOS-III/Source/os_cfg_app.o
                0x00004778                OSCfg_Init
 .text.OS_PendDataInit
                0x00004786       0x6c ./source/rtos/uCOSIII/src/uCOS-III/Source/os_core.o
                0x00004786                OS_PendDataInit
 .text.OS_PendListChangePrio
                0x000047f2       0x56 ./source/rtos/uCOSIII/src/uCOS-III/Source/os_core.o
                0x000047f2                OS_PendListChangePrio
 .text.OS_PendListInit
                0x00004848       0x26 ./source/rtos/uCOSIII/src/uCOS-III/Source/os_core.o
                0x00004848                OS_PendListInit
 .text.OS_PendListInsertPrio
                0x0000486e       0xe8 ./source/rtos/uCOSIII/src/uCOS-III/Source/os_core.o
                0x0000486e                OS_PendListInsertPrio
 .text.OS_PendListRemove
                0x00004956       0x54 ./source/rtos/uCOSIII/src/uCOS-III/Source/os_core.o
                0x00004956                OS_PendListRemove
 .text.OS_PendListRemove1
                0x000049aa       0x94 ./source/rtos/uCOSIII/src/uCOS-III/Source/os_core.o
                0x000049aa                OS_PendListRemove1
 .text.OS_Post1
                0x00004a3e       0x60 ./source/rtos/uCOSIII/src/uCOS-III/Source/os_core.o
                0x00004a3e                OS_Post1
 .text.OS_RdyListMoveHeadToTail
                0x00004a9e       0x90 ./source/rtos/uCOSIII/src/uCOS-III/Source/os_core.o
                0x00004a9e                OS_RdyListMoveHeadToTail
 .text.OS_MsgQInit
                0x00004b2e       0x36 ./source/rtos/uCOSIII/src/uCOS-III/Source/os_msg.o
                0x00004b2e                OS_MsgQInit
 .text.OS_MutexGrpAdd
                0x00004b64       0x24 ./source/rtos/uCOSIII/src/uCOS-III/Source/os_mutex.o
                0x00004b64                OS_MutexGrpAdd
 .text.OS_MutexGrpRemove
                0x00004b88       0x3a ./source/rtos/uCOSIII/src/uCOS-III/Source/os_mutex.o
                0x00004b88                OS_MutexGrpRemove
 .text.OS_MutexGrpPrioFindHighest
                0x00004bc2       0x56 ./source/rtos/uCOSIII/src/uCOS-III/Source/os_mutex.o
                0x00004bc2                OS_MutexGrpPrioFindHighest
 .text.OS_MutexGrpPostAll
                0x00004c18       0x86 ./source/rtos/uCOSIII/src/uCOS-III/Source/os_mutex.o
                0x00004c18                OS_MutexGrpPostAll
 .text.OS_SemPost
                0x00004c9e       0xde ./source/rtos/uCOSIII/src/uCOS-III/Source/os_sem.o
                0x00004c9e                OS_SemPost
 .text.OSTaskSemPost
                0x00004d7c       0x44 ./source/rtos/uCOSIII/src/uCOS-III/Source/os_task.o
                0x00004d7c                OSTaskSemPost
 .text.OS_TickListInsert
                0x00004dc0      0x12e ./source/rtos/uCOSIII/src/uCOS-III/Source/os_tick.o
                0x00004dc0                OS_TickListInsert
 .text.OS_TickListRemove
                0x00004eee       0xca ./source/rtos/uCOSIII/src/uCOS-III/Source/os_tick.o
                0x00004eee                OS_TickListRemove
 .text.OS_TickListResetPeak
                0x00004fb8        0xe ./source/rtos/uCOSIII/src/uCOS-III/Source/os_tick.o
                0x00004fb8                OS_TickListResetPeak
 .text.OS_TmrResetPeak
                0x00004fc6        0xe ./source/rtos/uCOSIII/src/uCOS-III/Source/os_tmr.o
                0x00004fc6                OS_TmrResetPeak
 .text.SysTick_Handler
                0x00004fd4       0x2a ./source/rtos/uCOSIII/src/uCOS-III/Ports/ARM-Cortex-M4/Generic/GNU/os_cpu_c.o
                0x00004fd4                SysTick_Handler
 .text.CPU_Init
                0x00004ffe        0xc ./source/rtos/uCOSIII/src/uC-CPU/cpu_core.o
                0x00004ffe                CPU_Init
 .text.HardFault_Handler
                0x0000500a       0x2c ./SDK/startup/semihost_hardfault.o
                0x0000500a                HardFault_Handler
 .text.DMA0_IRQHandler
                0x00005036        0x8 ./SDK/startup/startup_mk64f12.o
                0x00005036                DMA0_IRQHandler
 .text.DMA1_IRQHandler
                0x0000503e        0x8 ./SDK/startup/startup_mk64f12.o
                0x0000503e                DMA1_IRQHandler
 .text.DMA2_IRQHandler
                0x00005046        0x8 ./SDK/startup/startup_mk64f12.o
                0x00005046                DMA2_IRQHandler
 .text.DMA3_IRQHandler
                0x0000504e        0x8 ./SDK/startup/startup_mk64f12.o
                0x0000504e                DMA3_IRQHandler
 .text.DMA4_IRQHandler
                0x00005056        0x8 ./SDK/startup/startup_mk64f12.o
                0x00005056                DMA4_IRQHandler
 .text.DMA5_IRQHandler
                0x0000505e        0x8 ./SDK/startup/startup_mk64f12.o
                0x0000505e                DMA5_IRQHandler
 .text.DMA6_IRQHandler
                0x00005066        0x8 ./SDK/startup/startup_mk64f12.o
                0x00005066                DMA6_IRQHandler
 .text.DMA7_IRQHandler
                0x0000506e        0x8 ./SDK/startup/startup_mk64f12.o
                0x0000506e                DMA7_IRQHandler
 .text.DMA8_IRQHandler
                0x00005076        0x8 ./SDK/startup/startup_mk64f12.o
                0x00005076                DMA8_IRQHandler
 .text.DMA9_IRQHandler
                0x0000507e        0x8 ./SDK/startup/startup_mk64f12.o
                0x0000507e                DMA9_IRQHandler
 .text.DMA10_IRQHandler
                0x00005086        0x8 ./SDK/startup/startup_mk64f12.o
                0x00005086                DMA10_IRQHandler
 .text.DMA11_IRQHandler
                0x0000508e        0x8 ./SDK/startup/startup_mk64f12.o
                0x0000508e                DMA11_IRQHandler
 .text.DMA12_IRQHandler
                0x00005096        0x8 ./SDK/startup/startup_mk64f12.o
                0x00005096                DMA12_IRQHandler
 .text.DMA13_IRQHandler
                0x0000509e        0x8 ./SDK/startup/startup_mk64f12.o
                0x0000509e                DMA13_IRQHandler
 .text.DMA14_IRQHandler
                0x000050a6        0x8 ./SDK/startup/startup_mk64f12.o
                0x000050a6                DMA14_IRQHandler
 .text.DMA15_IRQHandler
                0x000050ae        0x8 ./SDK/startup/startup_mk64f12.o
                0x000050ae                DMA15_IRQHandler
 .text.DMA_Error_IRQHandler
                0x000050b6        0x8 ./SDK/startup/startup_mk64f12.o
                0x000050b6                DMA_Error_IRQHandler
 .text.MCM_IRQHandler
                0x000050be        0x8 ./SDK/startup/startup_mk64f12.o
                0x000050be                MCM_IRQHandler
 .text.FTFE_IRQHandler
                0x000050c6        0x8 ./SDK/startup/startup_mk64f12.o
                0x000050c6                FTFE_IRQHandler
 .text.Read_Collision_IRQHandler
                0x000050ce        0x8 ./SDK/startup/startup_mk64f12.o
                0x000050ce                Read_Collision_IRQHandler
 .text.LVD_LVW_IRQHandler
                0x000050d6        0x8 ./SDK/startup/startup_mk64f12.o
                0x000050d6                LVD_LVW_IRQHandler
 .text.LLWU_IRQHandler
                0x000050de        0x8 ./SDK/startup/startup_mk64f12.o
                0x000050de                LLWU_IRQHandler
 .text.WDOG_EWM_IRQHandler
                0x000050e6        0x8 ./SDK/startup/startup_mk64f12.o
                0x000050e6                WDOG_EWM_IRQHandler
 .text.RNG_IRQHandler
                0x000050ee        0x8 ./SDK/startup/startup_mk64f12.o
                0x000050ee                RNG_IRQHandler
 .text.I2C0_IRQHandler
                0x000050f6        0x8 ./SDK/startup/startup_mk64f12.o
                0x000050f6                I2C0_IRQHandler
 .text.I2C1_IRQHandler
                0x000050fe        0x8 ./SDK/startup/startup_mk64f12.o
                0x000050fe                I2C1_IRQHandler
 .text.SPI0_IRQHandler
                0x00005106        0x8 ./SDK/startup/startup_mk64f12.o
                0x00005106                SPI0_IRQHandler
 .text.SPI1_IRQHandler
                0x0000510e        0x8 ./SDK/startup/startup_mk64f12.o
                0x0000510e                SPI1_IRQHandler
 .text.I2S0_Tx_IRQHandler
                0x00005116        0x8 ./SDK/startup/startup_mk64f12.o
                0x00005116                I2S0_Tx_IRQHandler
 .text.I2S0_Rx_IRQHandler
                0x0000511e        0x8 ./SDK/startup/startup_mk64f12.o
                0x0000511e                I2S0_Rx_IRQHandler
 .text.UART0_LON_IRQHandler
                0x00005126        0x8 ./SDK/startup/startup_mk64f12.o
                0x00005126                UART0_LON_IRQHandler
 .text.UART0_RX_TX_IRQHandler
                0x0000512e        0x8 ./SDK/startup/startup_mk64f12.o
                0x0000512e                UART0_RX_TX_IRQHandler
 .text.UART0_ERR_IRQHandler
                0x00005136        0x8 ./SDK/startup/startup_mk64f12.o
                0x00005136                UART0_ERR_IRQHandler
 .text.UART1_RX_TX_IRQHandler
                0x0000513e        0x8 ./SDK/startup/startup_mk64f12.o
                0x0000513e                UART1_RX_TX_IRQHandler
 .text.UART1_ERR_IRQHandler
                0x00005146        0x8 ./SDK/startup/startup_mk64f12.o
                0x00005146                UART1_ERR_IRQHandler
 .text.UART2_RX_TX_IRQHandler
                0x0000514e        0x8 ./SDK/startup/startup_mk64f12.o
                0x0000514e                UART2_RX_TX_IRQHandler
 .text.UART2_ERR_IRQHandler
                0x00005156        0x8 ./SDK/startup/startup_mk64f12.o
                0x00005156                UART2_ERR_IRQHandler
 .text.UART3_RX_TX_IRQHandler
                0x0000515e        0x8 ./SDK/startup/startup_mk64f12.o
                0x0000515e                UART3_RX_TX_IRQHandler
 .text.UART3_ERR_IRQHandler
                0x00005166        0x8 ./SDK/startup/startup_mk64f12.o
                0x00005166                UART3_ERR_IRQHandler
 .text.ADC0_IRQHandler
                0x0000516e        0x8 ./SDK/startup/startup_mk64f12.o
                0x0000516e                ADC0_IRQHandler
 .text.CMP0_IRQHandler
                0x00005176        0x8 ./SDK/startup/startup_mk64f12.o
                0x00005176                CMP0_IRQHandler
 .text.CMP1_IRQHandler
                0x0000517e        0x8 ./SDK/startup/startup_mk64f12.o
                0x0000517e                CMP1_IRQHandler
 .text.FTM0_IRQHandler
                0x00005186        0x8 ./SDK/startup/startup_mk64f12.o
                0x00005186                FTM0_IRQHandler
 .text.FTM1_IRQHandler
                0x0000518e        0x8 ./SDK/startup/startup_mk64f12.o
                0x0000518e                FTM1_IRQHandler
 .text.FTM2_IRQHandler
                0x00005196        0x8 ./SDK/startup/startup_mk64f12.o
                0x00005196                FTM2_IRQHandler
 .text.CMT_IRQHandler
                0x0000519e        0x8 ./SDK/startup/startup_mk64f12.o
                0x0000519e                CMT_IRQHandler
 .text.RTC_IRQHandler
                0x000051a6        0x8 ./SDK/startup/startup_mk64f12.o
                0x000051a6                RTC_IRQHandler
 .text.RTC_Seconds_IRQHandler
                0x000051ae        0x8 ./SDK/startup/startup_mk64f12.o
                0x000051ae                RTC_Seconds_IRQHandler
 .text.PIT0_IRQHandler
                0x000051b6        0x8 ./SDK/startup/startup_mk64f12.o
                0x000051b6                PIT0_IRQHandler
 .text.PIT1_IRQHandler
                0x000051be        0x8 ./SDK/startup/startup_mk64f12.o
                0x000051be                PIT1_IRQHandler
 .text.PIT2_IRQHandler
                0x000051c6        0x8 ./SDK/startup/startup_mk64f12.o
                0x000051c6                PIT2_IRQHandler
 .text.PIT3_IRQHandler
                0x000051ce        0x8 ./SDK/startup/startup_mk64f12.o
                0x000051ce                PIT3_IRQHandler
 .text.PDB0_IRQHandler
                0x000051d6        0x8 ./SDK/startup/startup_mk64f12.o
                0x000051d6                PDB0_IRQHandler
 .text.USB0_IRQHandler
                0x000051de        0x8 ./SDK/startup/startup_mk64f12.o
                0x000051de                USB0_IRQHandler
 .text.USBDCD_IRQHandler
                0x000051e6        0x8 ./SDK/startup/startup_mk64f12.o
                0x000051e6                USBDCD_IRQHandler
 .text.Reserved71_IRQHandler
                0x000051ee        0x8 ./SDK/startup/startup_mk64f12.o
                0x000051ee                Reserved71_IRQHandler
 .text.DAC0_IRQHandler
                0x000051f6        0x8 ./SDK/startup/startup_mk64f12.o
                0x000051f6                DAC0_IRQHandler
 .text.MCG_IRQHandler
                0x000051fe        0x8 ./SDK/startup/startup_mk64f12.o
                0x000051fe                MCG_IRQHandler
 .text.LPTMR0_IRQHandler
                0x00005206        0x8 ./SDK/startup/startup_mk64f12.o
                0x00005206                LPTMR0_IRQHandler
 .text.PORTA_IRQHandler
                0x0000520e        0x8 ./SDK/startup/startup_mk64f12.o
                0x0000520e                PORTA_IRQHandler
 .text.PORTB_IRQHandler
                0x00005216        0x8 ./SDK/startup/startup_mk64f12.o
                0x00005216                PORTB_IRQHandler
 .text.PORTC_IRQHandler
                0x0000521e        0x8 ./SDK/startup/startup_mk64f12.o
                0x0000521e                PORTC_IRQHandler
 .text.PORTD_IRQHandler
                0x00005226        0x8 ./SDK/startup/startup_mk64f12.o
                0x00005226                PORTD_IRQHandler
 .text.PORTE_IRQHandler
                0x0000522e        0x8 ./SDK/startup/startup_mk64f12.o
                0x0000522e                PORTE_IRQHandler
 .text.SWI_IRQHandler
                0x00005236        0x8 ./SDK/startup/startup_mk64f12.o
                0x00005236                SWI_IRQHandler
 .text.SPI2_IRQHandler
                0x0000523e        0x8 ./SDK/startup/startup_mk64f12.o
                0x0000523e                SPI2_IRQHandler
 .text.UART4_RX_TX_IRQHandler
                0x00005246        0x8 ./SDK/startup/startup_mk64f12.o
                0x00005246                UART4_RX_TX_IRQHandler
 .text.UART4_ERR_IRQHandler
                0x0000524e        0x8 ./SDK/startup/startup_mk64f12.o
                0x0000524e                UART4_ERR_IRQHandler
 .text.UART5_RX_TX_IRQHandler
                0x00005256        0x8 ./SDK/startup/startup_mk64f12.o
                0x00005256                UART5_RX_TX_IRQHandler
 .text.UART5_ERR_IRQHandler
                0x0000525e        0x8 ./SDK/startup/startup_mk64f12.o
                0x0000525e                UART5_ERR_IRQHandler
 .text.CMP2_IRQHandler
                0x00005266        0x8 ./SDK/startup/startup_mk64f12.o
                0x00005266                CMP2_IRQHandler
 .text.FTM3_IRQHandler
                0x0000526e        0x8 ./SDK/startup/startup_mk64f12.o
                0x0000526e                FTM3_IRQHandler
 .text.DAC1_IRQHandler
                0x00005276        0x8 ./SDK/startup/startup_mk64f12.o
                0x00005276                DAC1_IRQHandler
 .text.ADC1_IRQHandler
                0x0000527e        0x8 ./SDK/startup/startup_mk64f12.o
                0x0000527e                ADC1_IRQHandler
 .text.I2C2_IRQHandler
                0x00005286        0x8 ./SDK/startup/startup_mk64f12.o
                0x00005286                I2C2_IRQHandler
 .text.CAN0_ORed_Message_buffer_IRQHandler
                0x0000528e        0x8 ./SDK/startup/startup_mk64f12.o
                0x0000528e                CAN0_ORed_Message_buffer_IRQHandler
 .text.CAN0_Bus_Off_IRQHandler
                0x00005296        0x8 ./SDK/startup/startup_mk64f12.o
                0x00005296                CAN0_Bus_Off_IRQHandler
 .text.CAN0_Error_IRQHandler
                0x0000529e        0x8 ./SDK/startup/startup_mk64f12.o
                0x0000529e                CAN0_Error_IRQHandler
 .text.CAN0_Tx_Warning_IRQHandler
                0x000052a6        0x8 ./SDK/startup/startup_mk64f12.o
                0x000052a6                CAN0_Tx_Warning_IRQHandler
 .text.CAN0_Rx_Warning_IRQHandler
                0x000052ae        0x8 ./SDK/startup/startup_mk64f12.o
                0x000052ae                CAN0_Rx_Warning_IRQHandler
 .text.CAN0_Wake_Up_IRQHandler
                0x000052b6        0x8 ./SDK/startup/startup_mk64f12.o
                0x000052b6                CAN0_Wake_Up_IRQHandler
 .text.SDHC_IRQHandler
                0x000052be        0x8 ./SDK/startup/startup_mk64f12.o
                0x000052be                SDHC_IRQHandler
 .text.ENET_1588_Timer_IRQHandler
                0x000052c6        0x8 ./SDK/startup/startup_mk64f12.o
                0x000052c6                ENET_1588_Timer_IRQHandler
 .text.ENET_Transmit_IRQHandler
                0x000052ce        0x8 ./SDK/startup/startup_mk64f12.o
                0x000052ce                ENET_Transmit_IRQHandler
 .text.ENET_Receive_IRQHandler
                0x000052d6        0x8 ./SDK/startup/startup_mk64f12.o
                0x000052d6                ENET_Receive_IRQHandler
 .text.ENET_Error_IRQHandler
                0x000052de        0x8 ./SDK/startup/startup_mk64f12.o
                0x000052de                ENET_Error_IRQHandler
 .text.SystemInitHook
                0x000052e6        0xe ./SDK/CMSIS/system_MK64F12.o
                0x000052e6                SystemInitHook
 *(SORT_BY_ALIGNMENT(.rodata) SORT_BY_ALIGNMENT(.rodata.*) SORT_BY_ALIGNMENT(.constdata) SORT_BY_ALIGNMENT(.constdata.*))
 .rodata.OSCfg_IdleTaskStkBasePtr
                0x000052f4        0x4 ./source/rtos/uCOSIII/src/uCOS-III/Source/os_cfg_app.o
                0x000052f4                OSCfg_IdleTaskStkBasePtr
 .rodata.OSCfg_IdleTaskStkLimit
                0x000052f8        0x4 ./source/rtos/uCOSIII/src/uCOS-III/Source/os_cfg_app.o
                0x000052f8                OSCfg_IdleTaskStkLimit
 .rodata.OSCfg_IdleTaskStkSize
                0x000052fc        0x4 ./source/rtos/uCOSIII/src/uCOS-III/Source/os_cfg_app.o
                0x000052fc                OSCfg_IdleTaskStkSize
 .rodata.OSCfg_ISRStkBasePtr
                0x00005300        0x4 ./source/rtos/uCOSIII/src/uCOS-III/Source/os_cfg_app.o
                0x00005300                OSCfg_ISRStkBasePtr
 .rodata.OSCfg_ISRStkSize
                0x00005304        0x4 ./source/rtos/uCOSIII/src/uCOS-III/Source/os_cfg_app.o
                0x00005304                OSCfg_ISRStkSize
 .rodata.OSCfg_MsgPoolBasePtr
                0x00005308        0x4 ./source/rtos/uCOSIII/src/uCOS-III/Source/os_cfg_app.o
                0x00005308                OSCfg_MsgPoolBasePtr
 .rodata.OSCfg_StatTaskRate_Hz
                0x0000530c        0x4 ./source/rtos/uCOSIII/src/uCOS-III/Source/os_cfg_app.o
                0x0000530c                OSCfg_StatTaskRate_Hz
 .rodata.OSCfg_StatTaskStkBasePtr
                0x00005310        0x4 ./source/rtos/uCOSIII/src/uCOS-III/Source/os_cfg_app.o
                0x00005310                OSCfg_StatTaskStkBasePtr
 .rodata.OSCfg_StatTaskStkLimit
                0x00005314        0x4 ./source/rtos/uCOSIII/src/uCOS-III/Source/os_cfg_app.o
                0x00005314                OSCfg_StatTaskStkLimit
 .rodata.OSCfg_StatTaskStkSize
                0x00005318        0x4 ./source/rtos/uCOSIII/src/uCOS-III/Source/os_cfg_app.o
                0x00005318                OSCfg_StatTaskStkSize
 .rodata.OSCfg_StkSizeMin
                0x0000531c        0x4 ./source/rtos/uCOSIII/src/uCOS-III/Source/os_cfg_app.o
                0x0000531c                OSCfg_StkSizeMin
 .rodata.OSCfg_TickRate_Hz
                0x00005320        0x4 ./source/rtos/uCOSIII/src/uCOS-III/Source/os_cfg_app.o
                0x00005320                OSCfg_TickRate_Hz
 .rodata.OSCfg_TickTaskStkBasePtr
                0x00005324        0x4 ./source/rtos/uCOSIII/src/uCOS-III/Source/os_cfg_app.o
                0x00005324                OSCfg_TickTaskStkBasePtr
 .rodata.OSCfg_TickTaskStkLimit
                0x00005328        0x4 ./source/rtos/uCOSIII/src/uCOS-III/Source/os_cfg_app.o
                0x00005328                OSCfg_TickTaskStkLimit
 .rodata.OSCfg_TickTaskStkSize
                0x0000532c        0x4 ./source/rtos/uCOSIII/src/uCOS-III/Source/os_cfg_app.o
                0x0000532c                OSCfg_TickTaskStkSize
 .rodata.OSCfg_TmrTaskRate_Hz
                0x00005330        0x4 ./source/rtos/uCOSIII/src/uCOS-III/Source/os_cfg_app.o
                0x00005330                OSCfg_TmrTaskRate_Hz
 .rodata.OSCfg_TmrTaskStkBasePtr
                0x00005334        0x4 ./source/rtos/uCOSIII/src/uCOS-III/Source/os_cfg_app.o
                0x00005334                OSCfg_TmrTaskStkBasePtr
 .rodata.OSCfg_TmrTaskStkLimit
                0x00005338        0x4 ./source/rtos/uCOSIII/src/uCOS-III/Source/os_cfg_app.o
                0x00005338                OSCfg_TmrTaskStkLimit
 .rodata.OSCfg_TmrTaskStkSize
                0x0000533c        0x4 ./source/rtos/uCOSIII/src/uCOS-III/Source/os_cfg_app.o
                0x0000533c                OSCfg_TmrTaskStkSize
 .rodata        0x00005340       0x2a ./source/rtos/uCOSIII/src/uCOS-III/Source/os_core.o
 *fill*         0x0000536a        0x2 ff
 .rodata.OSDbg_EndiannessTest
                0x0000536c        0x4 ./source/rtos/uCOSIII/src/uCOS-III/Source/os_dbg.o
                0x0000536c                OSDbg_EndiannessTest
 .rodata.OSDbg_FlagGrp
                0x00005370       0x28 ./source/rtos/uCOSIII/src/uCOS-III/Source/os_dbg.o
                0x00005370                OSDbg_FlagGrp
 .rodata.OSDbg_Mem
                0x00005398       0x20 ./source/rtos/uCOSIII/src/uCOS-III/Source/os_dbg.o
                0x00005398                OSDbg_Mem
 .rodata.OSDbg_Mutex
                0x000053b8       0x30 ./source/rtos/uCOSIII/src/uCOS-III/Source/os_dbg.o
                0x000053b8                OSDbg_Mutex
 .rodata.OSDbg_Q
                0x000053e8       0x30 ./source/rtos/uCOSIII/src/uCOS-III/Source/os_dbg.o
                0x000053e8                OSDbg_Q
 .rodata.OSDbg_Sem
                0x00005418       0x28 ./source/rtos/uCOSIII/src/uCOS-III/Source/os_dbg.o
                0x00005418                OSDbg_Sem
 .rodata.OSDbg_RdyListSize
                0x00005440        0x4 ./source/rtos/uCOSIII/src/uCOS-III/Source/os_dbg.o
                0x00005440                OSDbg_RdyListSize
 .rodata.OSDbg_Tmr
                0x00005444       0x30 ./source/rtos/uCOSIII/src/uCOS-III/Source/os_dbg.o
                0x00005444                OSDbg_Tmr
 .rodata.OSDbg_DataSize
                0x00005474        0x4 ./source/rtos/uCOSIII/src/uCOS-III/Source/os_dbg.o
                0x00005474                OSDbg_DataSize
 .rodata        0x00005478        0xa ./source/rtos/uCOSIII/src/uCOS-III/Source/os_mutex.o
 *fill*         0x00005482        0x2 ff
 .rodata        0x00005484        0xa ./source/rtos/uCOSIII/src/uCOS-III/Source/os_sem.o
 *fill*         0x0000548e        0x2 ff
 .rodata        0x00005490       0x14 ./source/rtos/uCOSIII/src/uCOS-III/Source/os_stat.o
 .rodata        0x000054a4        0xa ./source/rtos/uCOSIII/src/uCOS-III/Source/os_task.o
 *fill*         0x000054ae        0x2 ff
 .rodata        0x000054b0       0x14 ./source/rtos/uCOSIII/src/uCOS-III/Source/os_tick.o
 .rodata        0x000054c4       0x2d ./source/rtos/uCOSIII/src/uCOS-III/Source/os_tmr.o
 *fill*         0x000054f1        0x3 ff
 .rodata        0x000054f4       0x23 ./source/main.o
 *fill*         0x00005517        0x1 ff
 .rodata.OSCfg_MsgPoolSize
                0x00005518        0x2 ./source/rtos/uCOSIII/src/uCOS-III/Source/os_cfg_app.o
                0x00005518                OSCfg_MsgPoolSize
 .rodata.OSDbg_FlagGrpSize
                0x0000551a        0x2 ./source/rtos/uCOSIII/src/uCOS-III/Source/os_dbg.o
                0x0000551a                OSDbg_FlagGrpSize
 .rodata.OSDbg_FlagWidth
                0x0000551c        0x2 ./source/rtos/uCOSIII/src/uCOS-III/Source/os_dbg.o
                0x0000551c                OSDbg_FlagWidth
 .rodata.OSDbg_MemSize
                0x0000551e        0x2 ./source/rtos/uCOSIII/src/uCOS-III/Source/os_dbg.o
                0x0000551e                OSDbg_MemSize
 .rodata.OSDbg_MsgSize
                0x00005520        0x2 ./source/rtos/uCOSIII/src/uCOS-III/Source/os_dbg.o
                0x00005520                OSDbg_MsgSize
 .rodata.OSDbg_MsgPoolSize
                0x00005522        0x2 ./source/rtos/uCOSIII/src/uCOS-III/Source/os_dbg.o
                0x00005522                OSDbg_MsgPoolSize
 .rodata.OSDbg_MsgQSize
                0x00005524        0x2 ./source/rtos/uCOSIII/src/uCOS-III/Source/os_dbg.o
                0x00005524                OSDbg_MsgQSize
 .rodata.OSDbg_MutexSize
                0x00005526        0x2 ./source/rtos/uCOSIII/src/uCOS-III/Source/os_dbg.o
                0x00005526                OSDbg_MutexSize
 .rodata.OSDbg_PendDataSize
                0x00005528        0x2 ./source/rtos/uCOSIII/src/uCOS-III/Source/os_dbg.o
                0x00005528                OSDbg_PendDataSize
 .rodata.OSDbg_PendListSize
                0x0000552a        0x2 ./source/rtos/uCOSIII/src/uCOS-III/Source/os_dbg.o
                0x0000552a                OSDbg_PendListSize
 .rodata.OSDbg_PendObjSize
                0x0000552c        0x2 ./source/rtos/uCOSIII/src/uCOS-III/Source/os_dbg.o
                0x0000552c                OSDbg_PendObjSize
 .rodata.OSDbg_PrioMax
                0x0000552e        0x2 ./source/rtos/uCOSIII/src/uCOS-III/Source/os_dbg.o
                0x0000552e                OSDbg_PrioMax
 .rodata.OSDbg_PrioTblSize
                0x00005530        0x2 ./source/rtos/uCOSIII/src/uCOS-III/Source/os_dbg.o
                0x00005530                OSDbg_PrioTblSize
 .rodata.OSDbg_PtrSize
                0x00005532        0x2 ./source/rtos/uCOSIII/src/uCOS-III/Source/os_dbg.o
                0x00005532                OSDbg_PtrSize
 .rodata.OSDbg_QSize
                0x00005534        0x2 ./source/rtos/uCOSIII/src/uCOS-III/Source/os_dbg.o
                0x00005534                OSDbg_QSize
 .rodata.OSDbg_SemSize
                0x00005536        0x2 ./source/rtos/uCOSIII/src/uCOS-III/Source/os_dbg.o
                0x00005536                OSDbg_SemSize
 .rodata.OSDbg_RdyList
                0x00005538        0x2 ./source/rtos/uCOSIII/src/uCOS-III/Source/os_dbg.o
                0x00005538                OSDbg_RdyList
 .rodata.OSDbg_TaskRegTblSize
                0x0000553a        0x2 ./source/rtos/uCOSIII/src/uCOS-III/Source/os_dbg.o
                0x0000553a                OSDbg_TaskRegTblSize
 .rodata.OSDbg_TCBSize
                0x0000553c        0x2 ./source/rtos/uCOSIII/src/uCOS-III/Source/os_dbg.o
                0x0000553c                OSDbg_TCBSize
 .rodata.OSDbg_TickListSize
                0x0000553e        0x2 ./source/rtos/uCOSIII/src/uCOS-III/Source/os_dbg.o
                0x0000553e                OSDbg_TickListSize
 .rodata.OSDbg_TmrSize
                0x00005540        0x2 ./source/rtos/uCOSIII/src/uCOS-III/Source/os_dbg.o
                0x00005540                OSDbg_TmrSize
 .rodata.OSDbg_VersionNbr
                0x00005542        0x2 ./source/rtos/uCOSIII/src/uCOS-III/Source/os_dbg.o
                0x00005542                OSDbg_VersionNbr
 .rodata.OSCfg_StatTaskPrio
                0x00005544        0x1 ./source/rtos/uCOSIII/src/uCOS-III/Source/os_cfg_app.o
                0x00005544                OSCfg_StatTaskPrio
 .rodata.OSCfg_TickTaskPrio
                0x00005545        0x1 ./source/rtos/uCOSIII/src/uCOS-III/Source/os_cfg_app.o
                0x00005545                OSCfg_TickTaskPrio
 .rodata.OSCfg_TmrTaskPrio
                0x00005546        0x1 ./source/rtos/uCOSIII/src/uCOS-III/Source/os_cfg_app.o
                0x00005546                OSCfg_TmrTaskPrio
 .rodata.OSDbg_DbgEn
                0x00005547        0x1 ./source/rtos/uCOSIII/src/uCOS-III/Source/os_dbg.o
                0x00005547                OSDbg_DbgEn
 .rodata.OSDbg_ArgChkEn
                0x00005548        0x1 ./source/rtos/uCOSIII/src/uCOS-III/Source/os_dbg.o
                0x00005548                OSDbg_ArgChkEn
 .rodata.OSDbg_AppHooksEn
                0x00005549        0x1 ./source/rtos/uCOSIII/src/uCOS-III/Source/os_dbg.o
                0x00005549                OSDbg_AppHooksEn
 .rodata.OSDbg_CalledFromISRChkEn
                0x0000554a        0x1 ./source/rtos/uCOSIII/src/uCOS-III/Source/os_dbg.o
                0x0000554a                OSDbg_CalledFromISRChkEn
 .rodata.OSDbg_FlagEn
                0x0000554b        0x1 ./source/rtos/uCOSIII/src/uCOS-III/Source/os_dbg.o
                0x0000554b                OSDbg_FlagEn
 .rodata.OSDbg_FlagDelEn
                0x0000554c        0x1 ./source/rtos/uCOSIII/src/uCOS-III/Source/os_dbg.o
                0x0000554c                OSDbg_FlagDelEn
 .rodata.OSDbg_FlagModeClrEn
                0x0000554d        0x1 ./source/rtos/uCOSIII/src/uCOS-III/Source/os_dbg.o
                0x0000554d                OSDbg_FlagModeClrEn
 .rodata.OSDbg_FlagPendAbortEn
                0x0000554e        0x1 ./source/rtos/uCOSIII/src/uCOS-III/Source/os_dbg.o
                0x0000554e                OSDbg_FlagPendAbortEn
 .rodata.OSDbg_ISRPostDeferredEn
                0x0000554f        0x1 ./source/rtos/uCOSIII/src/uCOS-III/Source/os_dbg.o
                0x0000554f                OSDbg_ISRPostDeferredEn
 .rodata.OSDbg_MemEn
                0x00005550        0x1 ./source/rtos/uCOSIII/src/uCOS-III/Source/os_dbg.o
                0x00005550                OSDbg_MemEn
 .rodata.OSDbg_MsgEn
                0x00005551        0x1 ./source/rtos/uCOSIII/src/uCOS-III/Source/os_dbg.o
                0x00005551                OSDbg_MsgEn
 .rodata.OSDbg_MutexEn
                0x00005552        0x1 ./source/rtos/uCOSIII/src/uCOS-III/Source/os_dbg.o
                0x00005552                OSDbg_MutexEn
 .rodata.OSDbg_MutexDelEn
                0x00005553        0x1 ./source/rtos/uCOSIII/src/uCOS-III/Source/os_dbg.o
                0x00005553                OSDbg_MutexDelEn
 .rodata.OSDbg_MutexPendAbortEn
                0x00005554        0x1 ./source/rtos/uCOSIII/src/uCOS-III/Source/os_dbg.o
                0x00005554                OSDbg_MutexPendAbortEn
 .rodata.OSDbg_ObjTypeChkEn
                0x00005555        0x1 ./source/rtos/uCOSIII/src/uCOS-III/Source/os_dbg.o
                0x00005555                OSDbg_ObjTypeChkEn
 .rodata.OSDbg_PendMultiEn
                0x00005556        0x1 ./source/rtos/uCOSIII/src/uCOS-III/Source/os_dbg.o
                0x00005556                OSDbg_PendMultiEn
 .rodata.OSDbg_QEn
                0x00005557        0x1 ./source/rtos/uCOSIII/src/uCOS-III/Source/os_dbg.o
                0x00005557                OSDbg_QEn
 .rodata.OSDbg_QDelEn
                0x00005558        0x1 ./source/rtos/uCOSIII/src/uCOS-III/Source/os_dbg.o
                0x00005558                OSDbg_QDelEn
 .rodata.OSDbg_QFlushEn
                0x00005559        0x1 ./source/rtos/uCOSIII/src/uCOS-III/Source/os_dbg.o
                0x00005559                OSDbg_QFlushEn
 .rodata.OSDbg_QPendAbortEn
                0x0000555a        0x1 ./source/rtos/uCOSIII/src/uCOS-III/Source/os_dbg.o
                0x0000555a                OSDbg_QPendAbortEn
 .rodata.OSDbg_SchedRoundRobinEn
                0x0000555b        0x1 ./source/rtos/uCOSIII/src/uCOS-III/Source/os_dbg.o
                0x0000555b                OSDbg_SchedRoundRobinEn
 .rodata.OSDbg_SemEn
                0x0000555c        0x1 ./source/rtos/uCOSIII/src/uCOS-III/Source/os_dbg.o
                0x0000555c                OSDbg_SemEn
 .rodata.OSDbg_SemDelEn
                0x0000555d        0x1 ./source/rtos/uCOSIII/src/uCOS-III/Source/os_dbg.o
                0x0000555d                OSDbg_SemDelEn
 .rodata.OSDbg_SemPendAbortEn
                0x0000555e        0x1 ./source/rtos/uCOSIII/src/uCOS-III/Source/os_dbg.o
                0x0000555e                OSDbg_SemPendAbortEn
 .rodata.OSDbg_SemSetEn
                0x0000555f        0x1 ./source/rtos/uCOSIII/src/uCOS-III/Source/os_dbg.o
                0x0000555f                OSDbg_SemSetEn
 .rodata.OSDbg_StkWidth
                0x00005560        0x1 ./source/rtos/uCOSIII/src/uCOS-III/Source/os_dbg.o
                0x00005560                OSDbg_StkWidth
 .rodata.OSDbg_StatTaskEn
                0x00005561        0x1 ./source/rtos/uCOSIII/src/uCOS-III/Source/os_dbg.o
                0x00005561                OSDbg_StatTaskEn
 .rodata.OSDbg_StatTaskStkChkEn
                0x00005562        0x1 ./source/rtos/uCOSIII/src/uCOS-III/Source/os_dbg.o
                0x00005562                OSDbg_StatTaskStkChkEn
 .rodata.OSDbg_TaskChangePrioEn
                0x00005563        0x1 ./source/rtos/uCOSIII/src/uCOS-III/Source/os_dbg.o
                0x00005563                OSDbg_TaskChangePrioEn
 .rodata.OSDbg_TaskDelEn
                0x00005564        0x1 ./source/rtos/uCOSIII/src/uCOS-III/Source/os_dbg.o
                0x00005564                OSDbg_TaskDelEn
 .rodata.OSDbg_TaskQEn
                0x00005565        0x1 ./source/rtos/uCOSIII/src/uCOS-III/Source/os_dbg.o
                0x00005565                OSDbg_TaskQEn
 .rodata.OSDbg_TaskQPendAbortEn
                0x00005566        0x1 ./source/rtos/uCOSIII/src/uCOS-III/Source/os_dbg.o
                0x00005566                OSDbg_TaskQPendAbortEn
 .rodata.OSDbg_TaskProfileEn
                0x00005567        0x1 ./source/rtos/uCOSIII/src/uCOS-III/Source/os_dbg.o
                0x00005567                OSDbg_TaskProfileEn
 .rodata.OSDbg_TaskSemPendAbortEn
                0x00005568        0x1 ./source/rtos/uCOSIII/src/uCOS-III/Source/os_dbg.o
                0x00005568                OSDbg_TaskSemPendAbortEn
 .rodata.OSDbg_TaskSuspendEn
                0x00005569        0x1 ./source/rtos/uCOSIII/src/uCOS-III/Source/os_dbg.o
                0x00005569                OSDbg_TaskSuspendEn
 .rodata.OSDbg_TimeDlyHMSMEn
                0x0000556a        0x1 ./source/rtos/uCOSIII/src/uCOS-III/Source/os_dbg.o
                0x0000556a                OSDbg_TimeDlyHMSMEn
 .rodata.OSDbg_TimeDlyResumeEn
                0x0000556b        0x1 ./source/rtos/uCOSIII/src/uCOS-III/Source/os_dbg.o
                0x0000556b                OSDbg_TimeDlyResumeEn
 .rodata.OSDbg_TmrEn
                0x0000556c        0x1 ./source/rtos/uCOSIII/src/uCOS-III/Source/os_dbg.o
                0x0000556c                OSDbg_TmrEn
 .rodata.OSDbg_TmrDelEn
                0x0000556d        0x1 ./source/rtos/uCOSIII/src/uCOS-III/Source/os_dbg.o
                0x0000556d                OSDbg_TmrDelEn
                0x00005570                . = ALIGN (0x8)
 *fill*         0x0000556e        0x2 ff

.glue_7         0x00005570        0x0
 .glue_7        0x00005570        0x0 linker stubs

.glue_7t        0x00005570        0x0
 .glue_7t       0x00005570        0x0 linker stubs

.vfp11_veneer   0x00005570        0x0
 .vfp11_veneer  0x00005570        0x0 linker stubs

.v4_bx          0x00005570        0x0
 .v4_bx         0x00005570        0x0 linker stubs

.iplt           0x00005570        0x0
 .iplt          0x00005570        0x0 ./source/rtos/uCOSIII/src/uCOS-III/Source/os_cfg_app.o

.rel.dyn        0x00005570        0x0
 .rel.iplt      0x00005570        0x0 ./source/rtos/uCOSIII/src/uCOS-III/Source/os_cfg_app.o

.ARM.extab
 *(SORT_BY_ALIGNMENT(.ARM.extab*) SORT_BY_ALIGNMENT(.gnu.linkonce.armextab.*))
                0x00005570                __exidx_start = .

.ARM.exidx
 *(SORT_BY_ALIGNMENT(.ARM.exidx*) SORT_BY_ALIGNMENT(.gnu.linkonce.armexidx.*))
                0x00005570                __exidx_end = .
                0x00005570                _etext = .

.m_usb_data
 *(SORT_BY_ALIGNMENT(m_usb_bdt))

.data_RAM2      0x1fff0000        0x0 load address 0x00005570
 FILL mask 0xff
                [!provide]                PROVIDE (__start_data_RAM2, .)
 *(SORT_BY_ALIGNMENT(.ramfunc.$RAM2))
 *(SORT_BY_ALIGNMENT(.ramfunc.$SRAM_LOWER))
 *(SORT_BY_ALIGNMENT(.data.$RAM2*))
 *(SORT_BY_ALIGNMENT(.data.$SRAM_LOWER*))
                0x1fff0000                . = ALIGN (0x8)
                [!provide]                PROVIDE (__end_data_RAM2, .)

.data_RAM3      0x14000000        0x0 load address 0x00005570
 FILL mask 0xff
                [!provide]                PROVIDE (__start_data_RAM3, .)
 *(SORT_BY_ALIGNMENT(.ramfunc.$RAM3))
 *(SORT_BY_ALIGNMENT(.ramfunc.$FLEX_RAM))
 *(SORT_BY_ALIGNMENT(.data.$RAM3*))
 *(SORT_BY_ALIGNMENT(.data.$FLEX_RAM*))
                0x14000000                . = ALIGN (0x8)
                [!provide]                PROVIDE (__end_data_RAM3, .)

.uninit_RESERVED
                0x20000000        0x0
 *(SORT_BY_ALIGNMENT(.bss.$RESERVED*))
                0x20000000                . = ALIGN (0x4)
                0x20000000                _end_uninit_RESERVED = .

.data           0x20000000        0x8 load address 0x00005570
 FILL mask 0xff
                0x20000000                _data = .
 *(SORT_BY_ALIGNMENT(vtable))
 *(SORT_BY_ALIGNMENT(.ramfunc*))
 *(SORT_BY_ALIGNMENT(.data*))
 .data.SystemCoreClock
                0x20000000        0x4 ./SDK/CMSIS/system_MK64F12.o
                0x20000000                SystemCoreClock
                0x20000008                . = ALIGN (0x8)
 *fill*         0x20000004        0x4 ff
                0x20000008                _edata = .

.igot.plt       0x20000008        0x0 load address 0x00005578
 .igot.plt      0x20000008        0x0 ./source/rtos/uCOSIII/src/uCOS-III/Source/os_cfg_app.o

.bss_RAM2       0x1fff0000        0x0
                [!provide]                PROVIDE (__start_bss_RAM2, .)
 *(SORT_BY_ALIGNMENT(.bss.$RAM2*))
 *(SORT_BY_ALIGNMENT(.bss.$SRAM_LOWER*))
                0x1fff0000                . = ALIGN ((. != 0x0)?0x8:0x1)
                [!provide]                PROVIDE (__end_bss_RAM2, .)

.bss_RAM3       0x14000000        0x0
                [!provide]                PROVIDE (__start_bss_RAM3, .)
 *(SORT_BY_ALIGNMENT(.bss.$RAM3*))
 *(SORT_BY_ALIGNMENT(.bss.$FLEX_RAM*))
                0x14000000                . = ALIGN ((. != 0x0)?0x8:0x1)
                [!provide]                PROVIDE (__end_bss_RAM3, .)

.bss            0x20000008     0x2370
                0x20000008                _bss = .
 *(SORT_BY_ALIGNMENT(.bss*))
 .bss.OSCfg_IdleTaskStk
                0x20000008      0x200 ./source/rtos/uCOSIII/src/uCOS-III/Source/os_cfg_app.o
                0x20000008                OSCfg_IdleTaskStk
 .bss.OSCfg_ISRStk
                0x20000208      0x200 ./source/rtos/uCOSIII/src/uCOS-III/Source/os_cfg_app.o
                0x20000208                OSCfg_ISRStk
 .bss.OSCfg_MsgPool
                0x20000408      0x640 ./source/rtos/uCOSIII/src/uCOS-III/Source/os_cfg_app.o
                0x20000408                OSCfg_MsgPool
 .bss.OSCfg_StatTaskStk
                0x20000a48      0x200 ./source/rtos/uCOSIII/src/uCOS-III/Source/os_cfg_app.o
                0x20000a48                OSCfg_StatTaskStk
 .bss.OSCfg_TickTaskStk
                0x20000c48      0x200 ./source/rtos/uCOSIII/src/uCOS-III/Source/os_cfg_app.o
                0x20000c48                OSCfg_TickTaskStk
 .bss.OSCfg_TmrTaskStk
                0x20000e48      0x200 ./source/rtos/uCOSIII/src/uCOS-III/Source/os_cfg_app.o
                0x20000e48                OSCfg_TmrTaskStk
 .bss.OSPrioTbl
                0x20001048        0x4 ./source/rtos/uCOSIII/src/uCOS-III/Source/os_prio.o
                0x20001048                OSPrioTbl
 .bss.OS_AppTaskCreateHookPtr
                0x2000104c        0x4 ./source/rtos/uCOSIII/src/uCOS-III/Source/os_var.o
                0x2000104c                OS_AppTaskCreateHookPtr
 .bss.OS_AppTaskDelHookPtr
                0x20001050        0x4 ./source/rtos/uCOSIII/src/uCOS-III/Source/os_var.o
                0x20001050                OS_AppTaskDelHookPtr
 .bss.OS_AppTaskReturnHookPtr
                0x20001054        0x4 ./source/rtos/uCOSIII/src/uCOS-III/Source/os_var.o
                0x20001054                OS_AppTaskReturnHookPtr
 .bss.OS_AppIdleTaskHookPtr
                0x20001058        0x4 ./source/rtos/uCOSIII/src/uCOS-III/Source/os_var.o
                0x20001058                OS_AppIdleTaskHookPtr
 .bss.OS_AppStatTaskHookPtr
                0x2000105c        0x4 ./source/rtos/uCOSIII/src/uCOS-III/Source/os_var.o
                0x2000105c                OS_AppStatTaskHookPtr
 .bss.OS_AppTaskSwHookPtr
                0x20001060        0x4 ./source/rtos/uCOSIII/src/uCOS-III/Source/os_var.o
                0x20001060                OS_AppTaskSwHookPtr
 .bss.OS_AppTimeTickHookPtr
                0x20001064        0x4 ./source/rtos/uCOSIII/src/uCOS-III/Source/os_var.o
                0x20001064                OS_AppTimeTickHookPtr
 .bss.OSIdleTaskCtr
                0x20001068        0x4 ./source/rtos/uCOSIII/src/uCOS-III/Source/os_var.o
                0x20001068                OSIdleTaskCtr
 .bss.OSIdleTaskTCB
                0x2000106c       0xc4 ./source/rtos/uCOSIII/src/uCOS-III/Source/os_var.o
                0x2000106c                OSIdleTaskTCB
 .bss.OSFlagDbgListPtr
                0x20001130        0x4 ./source/rtos/uCOSIII/src/uCOS-III/Source/os_var.o
                0x20001130                OSFlagDbgListPtr
 .bss.OSMemDbgListPtr
                0x20001134        0x4 ./source/rtos/uCOSIII/src/uCOS-III/Source/os_var.o
                0x20001134                OSMemDbgListPtr
 .bss.OSMsgPool
                0x20001138        0xc ./source/rtos/uCOSIII/src/uCOS-III/Source/os_var.o
                0x20001138                OSMsgPool
 .bss.OSMutexDbgListPtr
                0x20001144        0x4 ./source/rtos/uCOSIII/src/uCOS-III/Source/os_var.o
                0x20001144                OSMutexDbgListPtr
 .bss.OSQDbgListPtr
                0x20001148        0x4 ./source/rtos/uCOSIII/src/uCOS-III/Source/os_var.o
                0x20001148                OSQDbgListPtr
 .bss.OSRdyList
                0x2000114c      0x180 ./source/rtos/uCOSIII/src/uCOS-III/Source/os_var.o
                0x2000114c                OSRdyList
 .bss.OSSchedRoundRobinDfltTimeQuanta
                0x200012cc        0x4 ./source/rtos/uCOSIII/src/uCOS-III/Source/os_var.o
                0x200012cc                OSSchedRoundRobinDfltTimeQuanta
 .bss.OSSemDbgListPtr
                0x200012d0        0x4 ./source/rtos/uCOSIII/src/uCOS-III/Source/os_var.o
                0x200012d0                OSSemDbgListPtr
 .bss.OSStatTaskCtr
                0x200012d4        0x4 ./source/rtos/uCOSIII/src/uCOS-III/Source/os_var.o
                0x200012d4                OSStatTaskCtr
 .bss.OSStatTaskCtrMax
                0x200012d8        0x4 ./source/rtos/uCOSIII/src/uCOS-III/Source/os_var.o
                0x200012d8                OSStatTaskCtrMax
 .bss.OSStatTaskCtrRun
                0x200012dc        0x4 ./source/rtos/uCOSIII/src/uCOS-III/Source/os_var.o
                0x200012dc                OSStatTaskCtrRun
 .bss.OSStatTaskTCB
                0x200012e0       0xc4 ./source/rtos/uCOSIII/src/uCOS-III/Source/os_var.o
                0x200012e0                OSStatTaskTCB
 .bss.OSStatTaskTimeMax
                0x200013a4        0x4 ./source/rtos/uCOSIII/src/uCOS-III/Source/os_var.o
                0x200013a4                OSStatTaskTimeMax
 .bss.OSTaskCtxSwCtr
                0x200013a8        0x4 ./source/rtos/uCOSIII/src/uCOS-III/Source/os_var.o
                0x200013a8                OSTaskCtxSwCtr
 .bss.OSTaskDbgListPtr
                0x200013ac        0x4 ./source/rtos/uCOSIII/src/uCOS-III/Source/os_var.o
                0x200013ac                OSTaskDbgListPtr
 .bss.OSTickCtr
                0x200013b0        0x4 ./source/rtos/uCOSIII/src/uCOS-III/Source/os_var.o
                0x200013b0                OSTickCtr
 .bss.OSTickTaskTCB
                0x200013b4       0xc4 ./source/rtos/uCOSIII/src/uCOS-III/Source/os_var.o
                0x200013b4                OSTickTaskTCB
 .bss.OSTickTaskTimeMax
                0x20001478        0x4 ./source/rtos/uCOSIII/src/uCOS-III/Source/os_var.o
                0x20001478                OSTickTaskTimeMax
 .bss.OSTickListDly
                0x2000147c        0x8 ./source/rtos/uCOSIII/src/uCOS-III/Source/os_var.o
                0x2000147c                OSTickListDly
 .bss.OSTickListTimeout
                0x20001484        0x8 ./source/rtos/uCOSIII/src/uCOS-III/Source/os_var.o
                0x20001484                OSTickListTimeout
 .bss.OSTmrDbgListPtr
                0x2000148c        0x4 ./source/rtos/uCOSIII/src/uCOS-III/Source/os_var.o
                0x2000148c                OSTmrDbgListPtr
 .bss.OSTmrListPtr
                0x20001490        0x4 ./source/rtos/uCOSIII/src/uCOS-III/Source/os_var.o
                0x20001490                OSTmrListPtr
 .bss.OSTmrMutex
                0x20001494       0x30 ./source/rtos/uCOSIII/src/uCOS-III/Source/os_var.o
                0x20001494                OSTmrMutex
 .bss.OSTmrTaskTCB
                0x200014c4       0xc4 ./source/rtos/uCOSIII/src/uCOS-III/Source/os_var.o
                0x200014c4                OSTmrTaskTCB
 .bss.OSTmrTaskTimeMax
                0x20001588        0x4 ./source/rtos/uCOSIII/src/uCOS-III/Source/os_var.o
                0x20001588                OSTmrTaskTimeMax
 .bss.OSTmrTickCtr
                0x2000158c        0x4 ./source/rtos/uCOSIII/src/uCOS-III/Source/os_var.o
                0x2000158c                OSTmrTickCtr
 .bss.OSTmrUpdateCnt
                0x20001590        0x4 ./source/rtos/uCOSIII/src/uCOS-III/Source/os_var.o
                0x20001590                OSTmrUpdateCnt
 .bss.OSTmrUpdateCtr
                0x20001594        0x4 ./source/rtos/uCOSIII/src/uCOS-III/Source/os_var.o
                0x20001594                OSTmrUpdateCtr
 .bss.OSTCBCurPtr
                0x20001598        0x4 ./source/rtos/uCOSIII/src/uCOS-III/Source/os_var.o
                0x20001598                OSTCBCurPtr
 .bss.OSTCBHighRdyPtr
                0x2000159c        0x4 ./source/rtos/uCOSIII/src/uCOS-III/Source/os_var.o
                0x2000159c                OSTCBHighRdyPtr
 .bss.OS_CPU_ExceptStkBase
                0x200015a0        0x4 ./source/rtos/uCOSIII/src/uCOS-III/Ports/ARM-Cortex-M4/Generic/GNU/os_cpu_c.o
                0x200015a0                OS_CPU_ExceptStkBase
 .bss.CPU_TS_TmrFreq_Hz
                0x200015a4        0x4 ./source/rtos/uCOSIII/src/uC-CPU/cpu_core.o
                0x200015a4                CPU_TS_TmrFreq_Hz
 .bss.TaskStartTCB
                0x200015a8       0xc4 ./source/main.o
 .bss.TaskStartStk
                0x2000166c      0x800 ./source/main.o
 .bss.Task2TCB  0x20001e6c       0xc4 ./source/main.o
 .bss.Task2Stk  0x20001f30      0x400 ./source/main.o
 .bss.semTest   0x20002330       0x28 ./source/main.o
 .bss.OSFlagQty
                0x20002358        0x2 ./source/rtos/uCOSIII/src/uCOS-III/Source/os_var.o
                0x20002358                OSFlagQty
 .bss.OSMemQty  0x2000235a        0x2 ./source/rtos/uCOSIII/src/uCOS-III/Source/os_var.o
                0x2000235a                OSMemQty
 .bss.OSMutexQty
                0x2000235c        0x2 ./source/rtos/uCOSIII/src/uCOS-III/Source/os_var.o
                0x2000235c                OSMutexQty
 .bss.OSQQty    0x2000235e        0x2 ./source/rtos/uCOSIII/src/uCOS-III/Source/os_var.o
                0x2000235e                OSQQty
 .bss.OSSemQty  0x20002360        0x2 ./source/rtos/uCOSIII/src/uCOS-III/Source/os_var.o
                0x20002360                OSSemQty
 .bss.OSStatTaskCPUUsage
                0x20002362        0x2 ./source/rtos/uCOSIII/src/uCOS-III/Source/os_var.o
                0x20002362                OSStatTaskCPUUsage
 .bss.OSStatTaskCPUUsageMax
                0x20002364        0x2 ./source/rtos/uCOSIII/src/uCOS-III/Source/os_var.o
                0x20002364                OSStatTaskCPUUsageMax
 .bss.OSTaskQty
                0x20002366        0x2 ./source/rtos/uCOSIII/src/uCOS-III/Source/os_var.o
                0x20002366                OSTaskQty
 .bss.OSTmrListEntries
                0x20002368        0x2 ./source/rtos/uCOSIII/src/uCOS-III/Source/os_var.o
                0x20002368                OSTmrListEntries
 .bss.OSIntNestingCtr
                0x2000236a        0x1 ./source/rtos/uCOSIII/src/uCOS-III/Source/os_var.o
                0x2000236a                OSIntNestingCtr
 .bss.OSRunning
                0x2000236b        0x1 ./source/rtos/uCOSIII/src/uCOS-III/Source/os_var.o
                0x2000236b                OSRunning
 .bss.OSPrioCur
                0x2000236c        0x1 ./source/rtos/uCOSIII/src/uCOS-III/Source/os_var.o
                0x2000236c                OSPrioCur
 .bss.OSPrioHighRdy
                0x2000236d        0x1 ./source/rtos/uCOSIII/src/uCOS-III/Source/os_var.o
                0x2000236d                OSPrioHighRdy
 .bss.OSPrioSaved
                0x2000236e        0x1 ./source/rtos/uCOSIII/src/uCOS-III/Source/os_var.o
                0x2000236e                OSPrioSaved
 .bss.OSSchedLockNestingCtr
                0x2000236f        0x1 ./source/rtos/uCOSIII/src/uCOS-III/Source/os_var.o
                0x2000236f                OSSchedLockNestingCtr
 .bss.OSSchedRoundRobinEn
                0x20002370        0x1 ./source/rtos/uCOSIII/src/uCOS-III/Source/os_var.o
                0x20002370                OSSchedRoundRobinEn
 .bss.OSStatResetFlag
                0x20002371        0x1 ./source/rtos/uCOSIII/src/uCOS-III/Source/os_var.o
                0x20002371                OSStatResetFlag
 .bss.OSStatTaskRdy
                0x20002372        0x1 ./source/rtos/uCOSIII/src/uCOS-III/Source/os_var.o
                0x20002372                OSStatTaskRdy
 .bss.OSTaskRegNextAvailID
                0x20002373        0x1 ./source/rtos/uCOSIII/src/uCOS-III/Source/os_var.o
                0x20002373                OSTaskRegNextAvailID
 *(SORT_BY_ALIGNMENT(COMMON))
                0x20002378                . = ALIGN (0x8)
 *fill*         0x20002374        0x4 
                0x20002378                _ebss = .
                [!provide]                PROVIDE (end, .)

.noinit_RAM2    0x1fff0000        0x0
 *(SORT_BY_ALIGNMENT(.noinit.$RAM2*))
 *(SORT_BY_ALIGNMENT(.noinit.$SRAM_LOWER*))
                0x1fff0000                . = ALIGN (0x8)

.noinit_RAM3    0x14000000        0x0
 *(SORT_BY_ALIGNMENT(.noinit.$RAM3*))
 *(SORT_BY_ALIGNMENT(.noinit.$FLEX_RAM*))
                0x14000000                . = ALIGN (0x8)

.noinit         0x20002378        0x0
                0x20002378                _noinit = .
 *(SORT_BY_ALIGNMENT(.noinit*))
                0x20002378                . = ALIGN (0x8)
                0x20002378                _end_noinit = .
                0x00001000                _HeapSize = 0x1000

.heap           0x20002378     0x1000
                0x20002378                _pvHeapStart = .
                0x20003378                . = (. + _HeapSize)
 *fill*         0x20002378     0x1000 
                0x20003378                . = ALIGN (0x8)
                0x20003378                _pvHeapLimit = .
                0x00001000                _StackSize = 0x1000

.heap2stackfill
                0x20003378     0x1000
                0x20004378                . = (. + _StackSize)
 *fill*         0x20003378     0x1000 

.stack          0x2002f000        0x0
                0x2002f000                _vStackBase = .
                0x2002f000                . = ALIGN (0x8)
                0x20030000                _vStackTop = (. + _StackSize)
                0x00000000                _image_start = LOADADDR (.text)
                0x00005578                _image_end = (LOADADDR (.data) + SIZEOF (.data))
                0x00005578                _image_size = (_image_end - _image_start)
OUTPUT(ucosiii_test_project.axf elf32-littlearm)

.debug_info     0x00000000    0x1c9d2
 .debug_info    0x00000000     0x131d ./source/rtos/uCOSIII/src/uCOS-III/Source/os_cfg_app.o
 .debug_info    0x0000131d     0x1f70 ./source/rtos/uCOSIII/src/uCOS-III/Source/os_core.o
 .debug_info    0x0000328d     0x160e ./source/rtos/uCOSIII/src/uCOS-III/Source/os_dbg.o
 .debug_info    0x0000489b     0x1a3e ./source/rtos/uCOSIII/src/uCOS-III/Source/os_flag.o
 .debug_info    0x000062d9     0x1729 ./source/rtos/uCOSIII/src/uCOS-III/Source/os_mem.o
 .debug_info    0x00007a02     0x173e ./source/rtos/uCOSIII/src/uCOS-III/Source/os_msg.o
 .debug_info    0x00009140     0x19af ./source/rtos/uCOSIII/src/uCOS-III/Source/os_mutex.o
 .debug_info    0x0000aaef     0x11da ./source/rtos/uCOSIII/src/uCOS-III/Source/os_prio.o
 .debug_info    0x0000bcc9     0x1a09 ./source/rtos/uCOSIII/src/uCOS-III/Source/os_q.o
 .debug_info    0x0000d6d2     0x19da ./source/rtos/uCOSIII/src/uCOS-III/Source/os_sem.o
 .debug_info    0x0000f0ac     0x173f ./source/rtos/uCOSIII/src/uCOS-III/Source/os_stat.o
 .debug_info    0x000107eb     0x1f71 ./source/rtos/uCOSIII/src/uCOS-III/Source/os_task.o
 .debug_info    0x0001275c     0x1833 ./source/rtos/uCOSIII/src/uCOS-III/Source/os_tick.o
 .debug_info    0x00013f8f     0x176e ./source/rtos/uCOSIII/src/uCOS-III/Source/os_time.o
 .debug_info    0x000156fd     0x19a4 ./source/rtos/uCOSIII/src/uCOS-III/Source/os_tmr.o
 .debug_info    0x000170a1     0x1233 ./source/rtos/uCOSIII/src/uCOS-III/Source/os_var.o
 .debug_info    0x000182d4       0x26 ./source/rtos/uCOSIII/src/uCOS-III/Ports/ARM-Cortex-M4/Generic/GNU/os_cpu_a.o
 .debug_info    0x000182fa     0x12a8 ./source/rtos/uCOSIII/src/uCOS-III/Ports/ARM-Cortex-M4/Generic/GNU/os_cpu_c.o
 .debug_info    0x000195a2       0x26 ./source/rtos/uCOSIII/src/uC-CPU/ARM-Cortex-M4/GNU/cpu_a.o
 .debug_info    0x000195c8      0x415 ./source/rtos/uCOSIII/src/uC-CPU/cpu_core.o
 .debug_info    0x000199dd      0x17e ./source/rtos/uCOSIII/BSP/cpu_bsp.o
 .debug_info    0x00019b5b     0x1986 ./source/main.o
 .debug_info    0x0001b4e1      0x60a ./SDK/startup/hardware.o
 .debug_info    0x0001baeb       0x3b ./SDK/startup/semihost_hardfault.o
 .debug_info    0x0001bb26      0x8b0 ./SDK/startup/startup_mk64f12.o
 .debug_info    0x0001c3d6      0x5fc ./SDK/CMSIS/system_MK64F12.o

.debug_abbrev   0x00000000     0x25d1
 .debug_abbrev  0x00000000      0x11a ./source/rtos/uCOSIII/src/uCOS-III/Source/os_cfg_app.o
 .debug_abbrev  0x0000011a      0x1e3 ./source/rtos/uCOSIII/src/uCOS-III/Source/os_core.o
 .debug_abbrev  0x000002fd      0x11e ./source/rtos/uCOSIII/src/uCOS-III/Source/os_dbg.o
 .debug_abbrev  0x0000041b      0x205 ./source/rtos/uCOSIII/src/uCOS-III/Source/os_flag.o
 .debug_abbrev  0x00000620      0x1be ./source/rtos/uCOSIII/src/uCOS-III/Source/os_mem.o
 .debug_abbrev  0x000007de      0x1cb ./source/rtos/uCOSIII/src/uCOS-III/Source/os_msg.o
 .debug_abbrev  0x000009a9      0x205 ./source/rtos/uCOSIII/src/uCOS-III/Source/os_mutex.o
 .debug_abbrev  0x00000bae      0x16c ./source/rtos/uCOSIII/src/uCOS-III/Source/os_prio.o
 .debug_abbrev  0x00000d1a      0x205 ./source/rtos/uCOSIII/src/uCOS-III/Source/os_q.o
 .debug_abbrev  0x00000f1f      0x205 ./source/rtos/uCOSIII/src/uCOS-III/Source/os_sem.o
 .debug_abbrev  0x00001124      0x197 ./source/rtos/uCOSIII/src/uCOS-III/Source/os_stat.o
 .debug_abbrev  0x000012bb      0x203 ./source/rtos/uCOSIII/src/uCOS-III/Source/os_task.o
 .debug_abbrev  0x000014be      0x215 ./source/rtos/uCOSIII/src/uCOS-III/Source/os_tick.o
 .debug_abbrev  0x000016d3      0x1cb ./source/rtos/uCOSIII/src/uCOS-III/Source/os_time.o
 .debug_abbrev  0x0000189e      0x242 ./source/rtos/uCOSIII/src/uCOS-III/Source/os_tmr.o
 .debug_abbrev  0x00001ae0       0xf1 ./source/rtos/uCOSIII/src/uCOS-III/Source/os_var.o
 .debug_abbrev  0x00001bd1       0x14 ./source/rtos/uCOSIII/src/uCOS-III/Ports/ARM-Cortex-M4/Generic/GNU/os_cpu_a.o
 .debug_abbrev  0x00001be5      0x208 ./source/rtos/uCOSIII/src/uCOS-III/Ports/ARM-Cortex-M4/Generic/GNU/os_cpu_c.o
 .debug_abbrev  0x00001ded       0x14 ./source/rtos/uCOSIII/src/uC-CPU/ARM-Cortex-M4/GNU/cpu_a.o
 .debug_abbrev  0x00001e01      0x18d ./source/rtos/uCOSIII/src/uC-CPU/cpu_core.o
 .debug_abbrev  0x00001f8e       0xcf ./source/rtos/uCOSIII/BSP/cpu_bsp.o
 .debug_abbrev  0x0000205d      0x1b9 ./source/main.o
 .debug_abbrev  0x00002216       0xf1 ./SDK/startup/hardware.o
 .debug_abbrev  0x00002307       0x2f ./SDK/startup/semihost_hardfault.o
 .debug_abbrev  0x00002336      0x15c ./SDK/startup/startup_mk64f12.o
 .debug_abbrev  0x00002492      0x13f ./SDK/CMSIS/system_MK64F12.o

.debug_aranges  0x00000000      0xbb0
 .debug_aranges
                0x00000000       0x20 ./source/rtos/uCOSIII/src/uCOS-III/Source/os_cfg_app.o
 .debug_aranges
                0x00000020      0x138 ./source/rtos/uCOSIII/src/uCOS-III/Source/os_core.o
 .debug_aranges
                0x00000158       0x20 ./source/rtos/uCOSIII/src/uCOS-III/Source/os_dbg.o
 .debug_aranges
                0x00000178       0x78 ./source/rtos/uCOSIII/src/uCOS-III/Source/os_flag.o
 .debug_aranges
                0x000001f0       0x40 ./source/rtos/uCOSIII/src/uCOS-III/Source/os_mem.o
 .debug_aranges
                0x00000230       0x40 ./source/rtos/uCOSIII/src/uCOS-III/Source/os_msg.o
 .debug_aranges
                0x00000270       0x78 ./source/rtos/uCOSIII/src/uCOS-III/Source/os_mutex.o
 .debug_aranges
                0x000002e8       0x38 ./source/rtos/uCOSIII/src/uCOS-III/Source/os_prio.o
 .debug_aranges
                0x00000320       0x70 ./source/rtos/uCOSIII/src/uCOS-III/Source/os_q.o
 .debug_aranges
                0x00000390       0x70 ./source/rtos/uCOSIII/src/uCOS-III/Source/os_sem.o
 .debug_aranges
                0x00000400       0x38 ./source/rtos/uCOSIII/src/uCOS-III/Source/os_stat.o
 .debug_aranges
                0x00000438       0xf0 ./source/rtos/uCOSIII/src/uCOS-III/Source/os_task.o
 .debug_aranges
                0x00000528       0x58 ./source/rtos/uCOSIII/src/uCOS-III/Source/os_tick.o
 .debug_aranges
                0x00000580       0x48 ./source/rtos/uCOSIII/src/uCOS-III/Source/os_time.o
 .debug_aranges
                0x000005c8       0x90 ./source/rtos/uCOSIII/src/uCOS-III/Source/os_tmr.o
 .debug_aranges
                0x00000658       0x18 ./source/rtos/uCOSIII/src/uCOS-III/Source/os_var.o
 .debug_aranges
                0x00000670       0x20 ./source/rtos/uCOSIII/src/uCOS-III/Ports/ARM-Cortex-M4/Generic/GNU/os_cpu_a.o
 .debug_aranges
                0x00000690       0x70 ./source/rtos/uCOSIII/src/uCOS-III/Ports/ARM-Cortex-M4/Generic/GNU/os_cpu_c.o
 .debug_aranges
                0x00000700       0x20 ./source/rtos/uCOSIII/src/uC-CPU/ARM-Cortex-M4/GNU/cpu_a.o
 .debug_aranges
                0x00000720       0x90 ./source/rtos/uCOSIII/src/uC-CPU/cpu_core.o
 .debug_aranges
                0x000007b0       0x30 ./source/rtos/uCOSIII/BSP/cpu_bsp.o
 .debug_aranges
                0x000007e0       0x30 ./source/main.o
 .debug_aranges
                0x00000810       0x20 ./SDK/startup/hardware.o
 .debug_aranges
                0x00000830       0x20 ./SDK/startup/semihost_hardfault.o
 .debug_aranges
                0x00000850      0x330 ./SDK/startup/startup_mk64f12.o
 .debug_aranges
                0x00000b80       0x30 ./SDK/CMSIS/system_MK64F12.o

.debug_ranges   0x00000000      0x9e8
 .debug_ranges  0x00000000       0x10 ./source/rtos/uCOSIII/src/uCOS-III/Source/os_cfg_app.o
 .debug_ranges  0x00000010      0x128 ./source/rtos/uCOSIII/src/uCOS-III/Source/os_core.o
 .debug_ranges  0x00000138       0x10 ./source/rtos/uCOSIII/src/uCOS-III/Source/os_dbg.o
 .debug_ranges  0x00000148       0x68 ./source/rtos/uCOSIII/src/uCOS-III/Source/os_flag.o
 .debug_ranges  0x000001b0       0x30 ./source/rtos/uCOSIII/src/uCOS-III/Source/os_mem.o
 .debug_ranges  0x000001e0       0x30 ./source/rtos/uCOSIII/src/uCOS-III/Source/os_msg.o
 .debug_ranges  0x00000210       0x68 ./source/rtos/uCOSIII/src/uCOS-III/Source/os_mutex.o
 .debug_ranges  0x00000278       0x28 ./source/rtos/uCOSIII/src/uCOS-III/Source/os_prio.o
 .debug_ranges  0x000002a0       0x60 ./source/rtos/uCOSIII/src/uCOS-III/Source/os_q.o
 .debug_ranges  0x00000300       0x60 ./source/rtos/uCOSIII/src/uCOS-III/Source/os_sem.o
 .debug_ranges  0x00000360       0x28 ./source/rtos/uCOSIII/src/uCOS-III/Source/os_stat.o
 .debug_ranges  0x00000388       0xe0 ./source/rtos/uCOSIII/src/uCOS-III/Source/os_task.o
 .debug_ranges  0x00000468       0x48 ./source/rtos/uCOSIII/src/uCOS-III/Source/os_tick.o
 .debug_ranges  0x000004b0       0x38 ./source/rtos/uCOSIII/src/uCOS-III/Source/os_time.o
 .debug_ranges  0x000004e8       0x80 ./source/rtos/uCOSIII/src/uCOS-III/Source/os_tmr.o
 .debug_ranges  0x00000568       0x60 ./source/rtos/uCOSIII/src/uCOS-III/Ports/ARM-Cortex-M4/Generic/GNU/os_cpu_c.o
 .debug_ranges  0x000005c8       0x80 ./source/rtos/uCOSIII/src/uC-CPU/cpu_core.o
 .debug_ranges  0x00000648       0x20 ./source/rtos/uCOSIII/BSP/cpu_bsp.o
 .debug_ranges  0x00000668       0x20 ./source/main.o
 .debug_ranges  0x00000688       0x10 ./SDK/startup/hardware.o
 .debug_ranges  0x00000698       0x10 ./SDK/startup/semihost_hardfault.o
 .debug_ranges  0x000006a8      0x320 ./SDK/startup/startup_mk64f12.o
 .debug_ranges  0x000009c8       0x20 ./SDK/CMSIS/system_MK64F12.o

.debug_macro    0x00000000    0x12fe2
 .debug_macro   0x00000000       0xa0 ./source/rtos/uCOSIII/src/uCOS-III/Source/os_cfg_app.o
 .debug_macro   0x000000a0      0xa5a ./source/rtos/uCOSIII/src/uCOS-III/Source/os_cfg_app.o
 .debug_macro   0x00000afa       0x64 ./source/rtos/uCOSIII/src/uCOS-III/Source/os_cfg_app.o
 .debug_macro   0x00000b5e       0x10 ./source/rtos/uCOSIII/src/uCOS-III/Source/os_cfg_app.o
 .debug_macro   0x00000b6e      0x112 ./source/rtos/uCOSIII/src/uCOS-III/Source/os_cfg_app.o
 .debug_macro   0x00000c80       0x10 ./source/rtos/uCOSIII/src/uCOS-III/Source/os_cfg_app.o
 .debug_macro   0x00000c90       0x69 ./source/rtos/uCOSIII/src/uCOS-III/Source/os_cfg_app.o
 .debug_macro   0x00000cf9       0x3d ./source/rtos/uCOSIII/src/uCOS-III/Source/os_cfg_app.o
 .debug_macro   0x00000d36      0x42c ./source/rtos/uCOSIII/src/uCOS-III/Source/os_cfg_app.o
 .debug_macro   0x00001162      0x5f8 ./source/rtos/uCOSIII/src/uCOS-III/Source/os_cfg_app.o
 .debug_macro   0x0000175a       0x3c ./source/rtos/uCOSIII/src/uCOS-III/Source/os_cfg_app.o
 .debug_macro   0x00001796       0x35 ./source/rtos/uCOSIII/src/uCOS-III/Source/os_cfg_app.o
 .debug_macro   0x000017cb      0x2be ./source/rtos/uCOSIII/src/uCOS-III/Source/os_cfg_app.o
 .debug_macro   0x00001a89       0x79 ./source/rtos/uCOSIII/src/uCOS-III/Source/os_core.o
 .debug_macro   0x00001b02       0x79 ./source/rtos/uCOSIII/src/uCOS-III/Source/os_dbg.o
 .debug_macro   0x00001b7b       0x79 ./source/rtos/uCOSIII/src/uCOS-III/Source/os_flag.o
 .debug_macro   0x00001bf4       0x79 ./source/rtos/uCOSIII/src/uCOS-III/Source/os_mem.o
 .debug_macro   0x00001c6d       0x79 ./source/rtos/uCOSIII/src/uCOS-III/Source/os_msg.o
 .debug_macro   0x00001ce6       0x79 ./source/rtos/uCOSIII/src/uCOS-III/Source/os_mutex.o
 .debug_macro   0x00001d5f       0x79 ./source/rtos/uCOSIII/src/uCOS-III/Source/os_prio.o
 .debug_macro   0x00001dd8       0x79 ./source/rtos/uCOSIII/src/uCOS-III/Source/os_q.o
 .debug_macro   0x00001e51       0x79 ./source/rtos/uCOSIII/src/uCOS-III/Source/os_sem.o
 .debug_macro   0x00001eca       0x79 ./source/rtos/uCOSIII/src/uCOS-III/Source/os_stat.o
 .debug_macro   0x00001f43       0x79 ./source/rtos/uCOSIII/src/uCOS-III/Source/os_task.o
 .debug_macro   0x00001fbc       0x79 ./source/rtos/uCOSIII/src/uCOS-III/Source/os_tick.o
 .debug_macro   0x00002035       0x79 ./source/rtos/uCOSIII/src/uCOS-III/Source/os_time.o
 .debug_macro   0x000020ae       0x85 ./source/rtos/uCOSIII/src/uCOS-III/Source/os_tmr.o
 .debug_macro   0x00002133       0x7f ./source/rtos/uCOSIII/src/uCOS-III/Source/os_var.o
 .debug_macro   0x000021b2      0x2be ./source/rtos/uCOSIII/src/uCOS-III/Source/os_var.o
 .debug_macro   0x00002470       0x79 ./source/rtos/uCOSIII/src/uCOS-III/Ports/ARM-Cortex-M4/Generic/GNU/os_cpu_c.o
 .debug_macro   0x000024e9       0x35 ./source/rtos/uCOSIII/src/uCOS-III/Ports/ARM-Cortex-M4/Generic/GNU/os_cpu_c.o
 .debug_macro   0x0000251e       0x55 ./source/rtos/uCOSIII/src/uC-CPU/cpu_core.o
 .debug_macro   0x00002573       0x10 ./source/rtos/uCOSIII/src/uC-CPU/cpu_core.o
 .debug_macro   0x00002583       0x8f ./source/rtos/uCOSIII/BSP/cpu_bsp.o
 .debug_macro   0x00002612      0x34e ./source/rtos/uCOSIII/BSP/cpu_bsp.o
 .debug_macro   0x00002960       0x42 ./source/rtos/uCOSIII/BSP/cpu_bsp.o
 .debug_macro   0x000029a2      0x185 ./source/main.o
 .debug_macro   0x00002b27       0x22 ./source/main.o
 .debug_macro   0x00002b49       0x10 ./source/main.o
 .debug_macro   0x00002b59       0x5c ./source/main.o
 .debug_macro   0x00002bb5       0x1c ./source/main.o
 .debug_macro   0x00002bd1       0x22 ./source/main.o
 .debug_macro   0x00002bf3       0xdf ./source/main.o
 .debug_macro   0x00002cd2      0xecf ./source/main.o
 .debug_macro   0x00003ba1       0x48 ./source/main.o
 .debug_macro   0x00003be9     0xe07b ./source/main.o
 .debug_macro   0x00011c64     0x122b ./source/main.o
 .debug_macro   0x00012e8f       0x99 ./SDK/startup/hardware.o
 .debug_macro   0x00012f28       0x11 ./SDK/startup/semihost_hardfault.o
 .debug_macro   0x00012f39       0x29 ./SDK/startup/startup_mk64f12.o
 .debug_macro   0x00012f62       0x80 ./SDK/CMSIS/system_MK64F12.o

.debug_line     0x00000000     0x5e73
 .debug_line    0x00000000      0x2be ./source/rtos/uCOSIII/src/uCOS-III/Source/os_cfg_app.o
 .debug_line    0x000002be      0x7f4 ./source/rtos/uCOSIII/src/uCOS-III/Source/os_core.o
 .debug_line    0x00000ab2      0x2ee ./source/rtos/uCOSIII/src/uCOS-III/Source/os_dbg.o
 .debug_line    0x00000da0      0x500 ./source/rtos/uCOSIII/src/uCOS-III/Source/os_flag.o
 .debug_line    0x000012a0      0x35e ./source/rtos/uCOSIII/src/uCOS-III/Source/os_mem.o
 .debug_line    0x000015fe      0x377 ./source/rtos/uCOSIII/src/uCOS-III/Source/os_msg.o
 .debug_line    0x00001975      0x4a0 ./source/rtos/uCOSIII/src/uCOS-III/Source/os_mutex.o
 .debug_line    0x00001e15      0x2ff ./source/rtos/uCOSIII/src/uCOS-III/Source/os_prio.o
 .debug_line    0x00002114      0x47f ./source/rtos/uCOSIII/src/uCOS-III/Source/os_q.o
 .debug_line    0x00002593      0x485 ./source/rtos/uCOSIII/src/uCOS-III/Source/os_sem.o
 .debug_line    0x00002a18      0x3a8 ./source/rtos/uCOSIII/src/uCOS-III/Source/os_stat.o
 .debug_line    0x00002dc0      0x7d4 ./source/rtos/uCOSIII/src/uCOS-III/Source/os_task.o
 .debug_line    0x00003594      0x419 ./source/rtos/uCOSIII/src/uCOS-III/Source/os_tick.o
 .debug_line    0x000039ad      0x3a5 ./source/rtos/uCOSIII/src/uCOS-III/Source/os_time.o
 .debug_line    0x00003d52      0x4e7 ./source/rtos/uCOSIII/src/uCOS-III/Source/os_tmr.o
 .debug_line    0x00004239      0x297 ./source/rtos/uCOSIII/src/uCOS-III/Source/os_var.o